
> react-vite-app@0.8.0 test
> vitest --run


[1m[46m RUN [49m[22m [36mv4.0.16 [39m[90mC:/Users/?덈옉?뚰겕_?덉쓽誘?.gemini/project/solve-climb[39m

node.exe : [90mstderr[2m | src/stores/__tests__/u
seLevelProgressStore.test.ts[2m > [22m[2museLeve
lProgressStore[2m > [22m[2mshould initialize wit
h empty progress
위치 줄:1 문자:1
+ & "C:\Users\예랑테크_안의민\scoop\apps\nodejs22\current/
node.exe" "C:\Users\ ...
+ ~~~~~~~~~~~~~~~~~~~~~~~~~~~~~~~~~~~~~~~~~~~~~~~~~
~~~~~~~~~~~~~~~~~~~~
    + CategoryInfo          : NotSpecified: ([90m 
   stderr[2m... empty progress:String) [], Remot  
  eException
    + FullyQualifiedErrorId : NativeCommandError
 
[22m[39mFailed to reset progress in Supabase: Typ
eError: Cannot destructure property 'data' of '(int
ermediate value)' as it is undefined.
    at Object.resetProgress (C:/Users/?덈옉?뚰겕_?덉쓽誘?.
gemini/project/solve-climb/src/stores/useLevelProgr
essStore.ts:370:19)
[90m    at processTicksAndRejections (node:interna
l/process/task_queues:105:5)[39m

[90mstderr[2m | src/stores/__tests__/useLevelProg
ressStore.test.ts[2m > [22m[2museLevelProgressSt
ore[2m > [22m[2mshould get empty level progress 
for non-existent category
[22m[39mFailed to reset progress in Supabase: Typ
eError: Cannot destructure property 'data' of '(int
ermediate value)' as it is undefined.
    at Object.resetProgress (C:/Users/?덈옉?뚰겕_?덉쓽誘?.
gemini/project/solve-climb/src/stores/useLevelProgr
essStore.ts:370:19)
[90m    at processTicksAndRejections (node:interna
l/process/task_queues:105:5)[39m

[90mstdout[2m | src/stores/__tests__/useLevelProgressStore.test.ts[2m > [22m[2museLevelProgressStore[2m > [22m[2mshould get level progress for existing category and subTopic
[22m[39m[useLevelProgressStore] clearLevel called: {
  world: [32m'math'[39m,
  category: [32m'addition'[39m,
  level: [33m1[39m,
  mode: [32m'time-attack'[39m,
  score: [33m100[39m
}
[90mstderr[2m | src/stores/__tests__/useLevelProg
ressStore.test.ts[2m > [22m[2museLevelProgressSt
ore[2m > [22m[2mshould get level progress for ex
isting category and subTopic
[22m[39mFailed to reset progress in Supabase: Typ
eError: Cannot destructure property 'data' of '(int
ermediate value)' as it is undefined.
    at Object.resetProgress (C:/Users/?덈옉?뚰겕_?덉쓽誘?.
gemini/project/solve-climb/src/stores/useLevelProgr
essStore.ts:370:19)
[90m    at processTicksAndRejections (node:interna
l/process/task_queues:105:5)[39m


[90mstdout[2m | src/stores/__tests__/useLevelProgressStore.test.ts[2m > [22m[2museLevelProgressStore[2m > [22m[2mshould check if level is cleared
[22m[39m[useLevelProgressStore] clearLevel called: {
  world: [32m'math'[39m,
  category: [32m'addition'[39m,
  level: [33m1[39m,
  mode: [32m'time-attack'[39m,
  score: [33m100[39m
}

[90mstderr[2m | src/stores/__tests__/useLevelProg
ressStore.test.ts[2m > [22m[2museLevelProgressSt
ore[2m > [22m[2mshould check if level is cleared
[22m[39mFailed to reset progress in Supabase: Typ
eError: Cannot destructure property 'data' of '(int
ermediate value)' as it is undefined.
    at Object.resetProgress (C:/Users/?덈옉?뚰겕_?덉쓽誘?.
gemini/project/solve-climb/src/stores/useLevelProgr
essStore.ts:370:19)
[90m    at processTicksAndRejections (node:interna
l/process/task_queues:105:5)[39m

[90mstdout[2m | src/stores/__tests__/useLevelProgressStore.test.ts[2m > [22m[2museLevelProgressStore[2m > [22m[2mshould get next level correctly
[22m[39m[useLevelProgressStore] clearLevel called: {
  world: [32m'math'[39m,
  category: [32m'addition'[39m,
  level: [33m1[39m,
  mode: [32m'time-attack'[39m,
  score: [33m100[39m
}

[90mstderr[2m | src/stores/__tests__/useLevelProg
ressStore.test.ts[2m > [22m[2museLevelProgressSt
ore[2m > [22m[2mshould get next level correctly
[22m[39mFailed to reset progress in Supabase: Typ
eError: Cannot destructure property 'data' of '(int
ermediate value)' as it is undefined.
    at Object.resetProgress (C:/Users/?덈옉?뚰겕_?덉쓽誘?.
gemini/project/solve-climb/src/stores/useLevelProgr
essStore.ts:370:19)
[90m    at processTicksAndRejections (node:interna
l/process/task_queues:105:5)[39m

[90mstdout[2m | src/stores/__tests__/useLevelProgressStore.test.ts[2m > [22m[2museLevelProgressStore[2m > [22m[2mshould clear level and update best score
[22m[39m[useLevelProgressStore] clearLevel called: {
  world: [32m'math'[39m,
  category: [32m'addition'[39m,
  level: [33m1[39m,
  mode: [32m'time-attack'[39m,
  score: [33m100[39m
}

[90mstderr[2m | src/stores/__tests__/useLevelProg
ressStore.test.ts[2m > [22m[2museLevelProgressSt
ore[2m > [22m[2mshould clear level and update be
st score
[22m[39mFailed to reset progress in Supabase: Typ
eError: Cannot destructure property 'data' of '(int
ermediate value)' as it is undefined.
    at Object.resetProgress (C:/Users/?덈옉?뚰겕_?덉쓽誘?.
gemini/project/solve-climb/src/stores/useLevelProgr
essStore.ts:370:19)
[90m    at processTicksAndRejections (node:interna
l/process/task_queues:105:5)[39m

[90mstdout[2m | src/stores/__tests__/useLevelProgressStore.test.ts[2m > [22m[2museLevelProgressStore[2m > [22m[2mshould clear level and update best score
[22m[39m[useLevelProgressStore] Current user: user-123
[clearLevel] Calling submit_game_result RPC: { score: [33m100[39m, gameMode: [32m'timeattack'[39m }

[90mstderr[2m | src/stores/__tests__/useLevelProg
ressStore.test.ts[2m > [22m[2museLevelProgressSt
ore[2m > [22m[2mshould clear level and update be
st score
[22m[39m[clearLevel] Failed to call submit_game_r
esult: TypeError: Cannot destructure property 'erro
r' of '(intermediate value)' as it is undefined.
    at Object.clearLevel (C:/Users/?덈옉?뚰겕_?덉쓽誘?.gem
ini/project/solve-climb/src/stores/useLevelProgress
Store.ts:174:26)
[90m    at processTicksAndRejections (node:interna
l/process/task_queues:105:5)[39m

[90mstdout[2m | src/stores/__tests__/useLevelProgressStore.test.ts[2m > [22m[2museLevelProgressStore[2m > [22m[2mshould update best score when new score is higher
[22m[39m[useLevelProgressStore] clearLevel called: {
  world: [32m'math'[39m,
  category: [32m'addition'[39m,
  level: [33m1[39m,
  mode: [32m'time-attack'[39m,
  score: [33m100[39m
}

[90mstderr[2m | src/stores/__tests__/useLevelProg
ressStore.test.ts[2m > [22m[2museLevelProgressSt
ore[2m > [22m[2mshould update best score when ne
w score is higher
[22m[39mFailed to reset progress in Supabase: Typ
eError: __vite_ssr_import_2__.supabase.from(...).de
lete is not a function
    at Object.resetProgress (C:/Users/?덈옉?뚰겕_?덉쓽誘?.
gemini/project/solve-climb/src/stores/useLevelProgr
essStore.ts:375:43)
[90m    at processTicksAndRejections (node:interna
l/process/task_queues:105:5)[39m

[90mstdout[2m | src/stores/__tests__/useLevelProgressStore.test.ts[2m > [22m[2museLevelProgressStore[2m > [22m[2mshould update best score when new score is higher
[22m[39m[useLevelProgressStore] Current user: user-123
[clearLevel] Calling submit_game_result RPC: { score: [33m100[39m, gameMode: [32m'timeattack'[39m }

[90mstderr[2m | src/stores/__tests__/useLevelProg
ressStore.test.ts[2m > [22m[2museLevelProgressSt
ore[2m > [22m[2mshould update best score when ne
w score is higher
[22m[39mWarning: An update to TestComponent insid
e a test was not wrapped in act(...).

When testing, code that causes React state updates 
should be wrapped into act(...):

act(() => {
  /* fire events that update state */
});
/* assert on the output */

This ensures that you're testing the behavior the u
ser would see in the browser. Learn more at https:/
/reactjs.org/link/wrap-tests-with-act
    at TestComponent (C:\Users\?덈옉?뚰겕_?덉쓽誘?.gemini\
project\solve-climb\node_modules\@testing-library\r
eact\dist\pure.js:328:5)
Warning: An update to TestComponent inside a test w
as not wrapped in act(...).

When testing, code that causes React state updates 
should be wrapped into act(...):

act(() => {
  /* fire events that update state */
});
/* assert on the output */

This ensures that you're testing the behavior the u
ser would see in the browser. Learn more at https:/
/reactjs.org/link/wrap-tests-with-act
    at TestComponent (C:\Users\?덈옉?뚰겕_?덉쓽誘?.gemini\
project\solve-climb\node_modules\@testing-library\r
eact\dist\pure.js:328:5)

[90mstderr[2m | src/stores/__tests__/useLevelProg
ressStore.test.ts[2m > [22m[2museLevelProgressSt
ore[2m > [22m[2mshould update best score when ne
w score is higher
[22m[39m[clearLevel] Failed to call submit_game_r
esult: TypeError: Cannot destructure property 'erro
r' of '(intermediate value)' as it is undefined.
    at Object.clearLevel (C:/Users/?덈옉?뚰겕_?덉쓽誘?.gem
ini/project/solve-climb/src/stores/useLevelProgress
Store.ts:174:26)
[90m    at processTicksAndRejections (node:interna
l/process/task_queues:105:5)[39m

[90mstdout[2m | src/stores/__tests__/useLevelProgressStore.test.ts[2m > [22m[2museLevelProgressStore[2m > [22m[2mshould not update best score when new score is lower
[22m[39m[useLevelProgressStore] clearLevel called: {
  world: [32m'math'[39m,
  category: [32m'addition'[39m,
  level: [33m1[39m,
  mode: [32m'time-attack'[39m,
  score: [33m150[39m
}
[90mstderr[2m | src/stores/__tests__/useLevelProg
ressStore.test.ts[2m > [22m[2museLevelProgressSt
ore[2m > [22m[2mshould not update best score whe
n new score is lower
[22m[39mFailed to reset progress in Supabase: Typ
eError: __vite_ssr_import_2__.supabase.from(...).de
lete is not a function
    at Object.resetProgress (C:/Users/?덈옉?뚰겕_?덉쓽誘?.
gemini/project/solve-climb/src/stores/useLevelProgr
essStore.ts:375:43)
[90m    at processTicksAndRejections (node:interna
l/process/task_queues:105:5)[39m


[90mstdout[2m | src/stores/__tests__/useLevelProgressStore.test.ts[2m > [22m[2museLevelProgressStore[2m > [22m[2mshould not update best score when new score is lower
[22m[39m[useLevelProgressStore] Current user: user-123
[clearLevel] Calling submit_game_result RPC: { score: [33m150[39m, gameMode: [32m'timeattack'[39m }

[90mstderr[2m | src/stores/__tests__/useLevelProg
ressStore.test.ts[2m > [22m[2museLevelProgressSt
ore[2m > [22m[2mshould not update best score whe
n new score is lower
[22m[39m[clearLevel] Failed to call submit_game_r
esult: TypeError: Cannot destructure property 'erro
r' of '(intermediate value)' as it is undefined.
    at Object.clearLevel (C:/Users/?덈옉?뚰겕_?덉쓽誘?.gem
ini/project/solve-climb/src/stores/useLevelProgress
Store.ts:174:26)
[90m    at processTicksAndRejections (node:interna
l/process/task_queues:105:5)[39m

[90mstdout[2m | src/stores/__tests__/useLevelProgressStore.test.ts[2m > [22m[2museLevelProgressStore[2m > [22m[2mshould get best records for category and subTopic
[22m[39m[useLevelProgressStore] clearLevel called: {
  world: [32m'math'[39m,
  category: [32m'addition'[39m,
  level: [33m1[39m,
  mode: [32m'time-attack'[39m,
  score: [33m100[39m
}
[useLevelProgressStore] clearLevel called: {
  world: [32m'math'[39m,
  category: [32m'addition'[39m,
  level: [33m2[39m,
  mode: [32m'survival'[39m,
  score: [33m200[39m
}

[90mstderr[2m | src/stores/__tests__/useLevelProg
ressStore.test.ts[2m > [22m[2museLevelProgressSt
ore[2m > [22m[2mshould get best records for cate
gory and subTopic
[22m[39mFailed to reset progress in Supabase: Typ
eError: __vite_ssr_import_2__.supabase.from(...).de
lete is not a function
    at Object.resetProgress (C:/Users/?덈옉?뚰겕_?덉쓽誘?.
gemini/project/solve-climb/src/stores/useLevelProgr
essStore.ts:375:43)
[90m    at processTicksAndRejections (node:interna
l/process/task_queues:105:5)[39m

[90mstdout[2m | src/stores/__tests__/useLevelProgressStore.test.ts[2m > [22m[2museLevelProgressStore[2m > [22m[2mshould get best records for category and subTopic
[22m[39m[useLevelProgressStore] Current user: user-123
[clearLevel] Calling submit_game_result RPC: { score: [33m100[39m, gameMode: [32m'timeattack'[39m }
[useLevelProgressStore] Current user: user-123
[clearLevel] Calling submit_game_result RPC: { score: [33m200[39m, gameMode: [32m'survival'[39m }

[90mstderr[2m | src/stores/__tests__/useLevelProg
ressStore.test.ts[2m > [22m[2museLevelProgressSt
ore[2m > [22m[2mshould get best records for cate
gory and subTopic
[22m[39m[clearLevel] Failed to call submit_game_r
esult: TypeError: Cannot destructure property 'erro
r' of '(intermediate value)' as it is undefined.
    at Object.clearLevel (C:/Users/?덈옉?뚰겕_?덉쓽誘?.gem
ini/project/solve-climb/src/stores/useLevelProgress
Store.ts:174:26)
[90m    at processTicksAndRejections (node:interna
l/process/task_queues:105:5)[39m
[clearLevel] Failed to call submit_game_result: Typ
eError: Cannot destructure property 'error' of '(in
termediate value)' as it is undefined.
    at Object.clearLevel (C:/Users/?덈옉?뚰겕_?덉쓽誘?.gem
ini/project/solve-climb/src/stores/useLevelProgress
Store.ts:174:26)
[90m    at processTicksAndRejections (node:interna
l/process/task_queues:105:5)[39m

[90mstdout[2m | src/stores/__tests__/useLevelProgressStore.test.ts[2m > [22m[2museLevelProgressStore[2m > [22m[2mshould handle different game modes
[22m[39m[useLevelProgressStore] clearLevel called: {
  world: [32m'math'[39m,
  category: [32m'addition'[39m,
  level: [33m1[39m,
  mode: [32m'time-attack'[39m,
  score: [33m100[39m
}
[useLevelProgressStore] clearLevel called: {
  world: [32m'math'[39m,
  category: [32m'addition'[39m,
  level: [33m1[39m,
  mode: [32m'survival'[39m,
  score: [33m150[39m
}

[90mstderr[2m | src/stores/__tests__/useLevelProg
ressStore.test.ts[2m > [22m[2museLevelProgressSt
ore[2m > [22m[2mshould handle different game mod
es
[22m[39mFailed to reset progress in Supabase: Typ
eError: __vite_ssr_import_2__.supabase.from(...).de
lete is not a function
    at Object.resetProgress (C:/Users/?덈옉?뚰겕_?덉쓽誘?.
gemini/project/solve-climb/src/stores/useLevelProgr
essStore.ts:375:43)
[90m    at processTicksAndRejections (node:interna
l/process/task_queues:105:5)[39m

[90mstderr[2m | src/stores/__tests__/useLevelProg
ressStore.test.ts[2m > [22m[2museLevelProgressSt
ore[2m > [22m[2mshould handle different game mod
es
[22m[39m[clearLevel] Failed to call submit_game_r
esult: TypeError: Cannot destructure property 'erro
r' of '(intermediate value)' as it is undefined.
    at Object.clearLevel (C:/Users/?덈옉?뚰겕_?덉쓽誘?.gem
ini/project/solve-climb/src/stores/useLevelProgress
Store.ts:174:26)
[90m    at processTicksAndRejections (node:interna
l/process/task_queues:105:5)[39m
[clearLevel] Failed to call submit_game_result: Typ
eError: Cannot destructure property 'error' of '(in
termediate value)' as it is undefined.
    at Object.clearLevel (C:/Users/?덈옉?뚰겕_?덉쓽誘?.gem
ini/project/solve-climb/src/stores/useLevelProgress
Store.ts:174:26)
[90m    at processTicksAndRejections (node:interna
l/process/task_queues:105:5)[39m

[90mstderr[2m | src/stores/__tests__/useLevelProg
ressStore.test.ts[2m > [22m[2museLevelProgressSt
ore[2m > [22m[2mshould reset progress
[22m[39mWarning: An update to TestComponent insid
e a test was not wrapped in act(...).

When testing, code that causes React state updates 
should be wrapped into act(...):

act(() => {
  /* fire events that update state */
});
/* assert on the output */

This ensures that you're testing the behavior the u
ser would see in the browser. Learn more at https:/
/reactjs.org/link/wrap-tests-with-act
    at TestComponent (C:\Users\?덈옉?뚰겕_?덉쓽誘?.gemini\
project\solve-climb\node_modules\@testing-library\r
eact\dist\pure.js:328:5)
Warning: An update to TestComponent inside a test w
as not wrapped in act(...).

When testing, code that causes React state updates 
should be wrapped into act(...):

act(() => {
  /* fire events that update state */
});
/* assert on the output */

This ensures that you're testing the behavior the u
ser would see in the browser. Learn more at https:/
/reactjs.org/link/wrap-tests-with-act
    at TestComponent (C:\Users\?덈옉?뚰겕_?덉쓽誘?.gemini\
project\solve-climb\node_modules\@testing-library\r
eact\dist\pure.js:328:5)

[90mstderr[2m | src/stores/__tests__/useLevelProg
ressStore.test.ts[2m > [22m[2museLevelProgressSt
ore[2m > [22m[2mshould reset progress
[22m[39m[clearLevel] Failed to call submit_game_r
esult: TypeError: Cannot destructure property 'erro
r' of '(intermediate value)' as it is undefined.
    at Object.clearLevel (C:/Users/?덈옉?뚰겕_?덉쓽誘?.gem
ini/project/solve-climb/src/stores/useLevelProgress
Store.ts:174:26)
[90m    at processTicksAndRejections (node:interna
l/process/task_queues:105:5)[39m

[90mstderr[2m | src/stores/__tests__/useLevelProg
ressStore.test.ts[2m > [22m[2museLevelProgressSt
ore[2m > [22m[2mshould sync progress from Supaba
se
[22m[39mFailed to reset progress in Supabase: Typ
eError: __vite_ssr_import_2__.supabase.from(...).de
lete is not a function
    at Object.resetProgress (C:/Users/?덈옉?뚰겕_?덉쓽誘?.
gemini/project/solve-climb/src/stores/useLevelProgr
essStore.ts:375:43)
[90m    at processTicksAndRejections (node:interna
l/process/task_queues:105:5)[39m

[90mstdout[2m | src/stores/__tests__/useLevelProgressStore.test.ts[2m > [22m[2museLevelProgressStore[2m > [22m[2mshould handle different game modes
[22m[39m[useLevelProgressStore] Current user: user-123
[clearLevel] Calling submit_game_result RPC: { score: [33m100[39m, gameMode: [32m'timeattack'[39m }
[useLevelProgressStore] Current user: user-123
[clearLevel] Calling submit_game_result RPC: { score: [33m150[39m, gameMode: [32m'survival'[39m }

[90mstdout[2m | src/stores/__tests__/useLevelProgressStore.test.ts[2m > [22m[2museLevelProgressStore[2m > [22m[2mshould reset progress
[22m[39m[useLevelProgressStore] clearLevel called: {
  world: [32m'math'[39m,
  category: [32m'addition'[39m,
  level: [33m1[39m,
  mode: [32m'time-attack'[39m,
  score: [33m100[39m
}

[90mstdout[2m | src/stores/__tests__/useLevelProgressStore.test.ts[2m > [22m[2museLevelProgressStore[2m > [22m[2mshould reset progress
[22m[39m[useLevelProgressStore] Current user: user-123
[clearLevel] Calling submit_game_result RPC: { score: [33m100[39m, gameMode: [32m'timeattack'[39m }

[90mstderr[2m | src/stores/__tests__/useLevelProg
ressStore.test.ts[2m > [22m[2museLevelProgressSt
ore[2m > [22m[2mshould handle syncProgress when 
user is not logged in
[22m[39mFailed to reset progress in Supabase: Typ
eError: __vite_ssr_import_2__.supabase.from(...).de
lete is not a function
    at Object.resetProgress (C:/Users/?덈옉?뚰겕_?덉쓽誘?.
gemini/project/solve-climb/src/stores/useLevelProgr
essStore.ts:375:43)

[90mstderr[2m | src/components/__tests__/Challeng
eCard.test.tsx[2m > [22m[2mChallengeCard[2m > 
[22m[2mshould render error state when challenge fa
ils to load
[22m[39mFailed to load today challenge: Error: Fa
iled to load
    at C:/Users/?덈옉?뚰겕_?덉쓽誘?.gemini/project/solve-c
limb/src/components/__tests__/ChallengeCard.test.ts
x:81:52
    at [90mfile:///C:/Users/%EC%98%88%EB%9E%91%ED%
85%8C%ED%81%AC_%EC%95%88%EC%9D%98%EB%AF%BC/.gemini/
project/solve-climb/[39mnode_modules/[4m@vitest/r
unner[24m/dist/index.js:145:11
    at [90mfile:///C:/Users/%EC%98%88%EB%9E%91%ED%
85%8C%ED%81%AC_%EC%95%88%EC%9D%98%EB%AF%BC/.gemini/
project/solve-climb/[39mnode_modules/[4m@vitest/r
unner[24m/dist/index.js:915:26
    at [90mfile:///C:/Users/%EC%98%88%EB%9E%91%ED%
85%8C%ED%81%AC_%EC%95%88%EC%9D%98%EB%AF%BC/.gemini/
project/solve-climb/[39mnode_modules/[4m@vitest/r
unner[24m/dist/index.js:1243:20
    at new Promise (<anonymous>)
    at runWithTimeout [90m(file:///C:/Users/%EC%98
%88%EB%9E%91%ED%85%8C%ED%81%AC_%EC%95%88%EC%9D%98%E
B%AF%BC/.gemini/project/solve-climb/[39mnode_modul
es/[4m@vitest/runner[24m/dist/index.js:1209:10[9
0m)[39m
    at [90mfile:///C:/Users/%EC%98%88%EB%9E%91%ED%
85%8C%ED%81%AC_%EC%95%88%EC%9D%98%EB%AF%BC/.gemini/
project/solve-climb/[39mnode_modules/[4m@vitest/r
unner[24m/dist/index.js:1653:37
    at Traces.$ [90m(file:///C:/Users/%EC%98%88%EB
%9E%91%ED%85%8C%ED%81%AC_%EC%95%88%EC%9D%98%EB%AF%B
C/.gemini/project/solve-climb/[39mnode_modules/[4
mvitest[24m/dist/chunks/traces.U4xDYhzZ.js:115:27
[90m)[39m
    at trace [90m(file:///C:/Users/%EC%98%88%EB%9E
%91%ED%85%8C%ED%81%AC_%EC%95%88%EC%9D%98%EB%AF%BC/.
gemini/project/solve-climb/[39mnode_modules/[4mvi
test[24m/dist/chunks/test.B8ej_ZHS.js:239:21[90m)
[39m
    at runTest [90m(file:///C:/Users/%EC%98%88%EB%
9E%91%ED%85%8C%ED%81%AC_%EC%95%88%EC%9D%98%EB%AF%BC
/.gemini/project/solve-climb/[39mnode_modules/[4m
@vitest/runner[24m/dist/index.js:1653:12[90m)[39
m

[90mstderr[2m | src/components/__tests__/Challeng
eCard.test.tsx[2m > [22m[2mChallengeCard[2m > 
[22m[2mshould disable button when challenge is not
 loaded
[22m[39mFailed to load today challenge: Error: Fa
iled to load
    at C:/Users/?덈옉?뚰겕_?덉쓽誘?.gemini/project/solve-c
limb/src/components/__tests__/ChallengeCard.test.ts
x:124:52
    at [90mfile:///C:/Users/%EC%98%88%EB%9E%91%ED%
85%8C%ED%81%AC_%EC%95%88%EC%9D%98%EB%AF%BC/.gemini/
project/solve-climb/[39mnode_modules/[4m@vitest/r
unner[24m/dist/index.js:145:11
    at [90mfile:///C:/Users/%EC%98%88%EB%9E%91%ED%
85%8C%ED%81%AC_%EC%95%88%EC%9D%98%EB%AF%BC/.gemini/
project/solve-climb/[39mnode_modules/[4m@vitest/r
unner[24m/dist/index.js:915:26
    at [90mfile:///C:/Users/%EC%98%88%EB%9E%91%ED%
85%8C%ED%81%AC_%EC%95%88%EC%9D%98%EB%AF%BC/.gemini/
project/solve-climb/[39mnode_modules/[4m@vitest/r
unner[24m/dist/index.js:1243:20
    at new Promise (<anonymous>)
    at runWithTimeout [90m(file:///C:/Users/%EC%98
%88%EB%9E%91%ED%85%8C%ED%81%AC_%EC%95%88%EC%9D%98%E
B%AF%BC/.gemini/project/solve-climb/[39mnode_modul
es/[4m@vitest/runner[24m/dist/index.js:1209:10[9
0m)[39m
    at [90mfile:///C:/Users/%EC%98%88%EB%9E%91%ED%
85%8C%ED%81%AC_%EC%95%88%EC%9D%98%EB%AF%BC/.gemini/
project/solve-climb/[39mnode_modules/[4m@vitest/r
unner[24m/dist/index.js:1653:37
    at Traces.$ [90m(file:///C:/Users/%EC%98%88%EB
%9E%91%ED%85%8C%ED%81%AC_%EC%95%88%EC%9D%98%EB%AF%B
C/.gemini/project/solve-climb/[39mnode_modules/[4
mvitest[24m/dist/chunks/traces.U4xDYhzZ.js:115:27
[90m)[39m
    at trace [90m(file:///C:/Users/%EC%98%88%EB%9E
%91%ED%85%8C%ED%81%AC_%EC%95%88%EC%9D%98%EB%AF%BC/.
gemini/project/solve-climb/[39mnode_modules/[4mvi
test[24m/dist/chunks/test.B8ej_ZHS.js:239:21[90m)
[39m
    at runTest [90m(file:///C:/Users/%EC%98%88%EB%
9E%91%ED%85%8C%ED%81%AC_%EC%95%88%EC%9D%98%EB%AF%BC
/.gemini/project/solve-climb/[39mnode_modules/[4m
@vitest/runner[24m/dist/index.js:1653:12[90m)[39
m

 [31m??[39m src/components/__tests__/ChallengeCard.test.tsx [2m([22m[2m9 tests[22m[2m | [22m[31m1 failed[39m[2m)[22m[33m 352[2mms[22m[39m
     [32m??[39m should render loading state initially[32m 99[2mms[22m[39m
     [32m??[39m should render challenge when loaded[32m 74[2mms[22m[39m
     [32m??[39m should render error state when challenge fails to load[32m 27[2mms[22m[39m
     [32m??[39m should navigate to game page when challenge button is clicked[32m 29[2mms[22m[39m
     [32m??[39m should disable button when loading[32m 5[2mms[22m[39m
     [32m??[39m should disable button when challenge is not loaded[32m 26[2mms[22m[39m
     [32m??[39m should enable button when challenge is loaded[32m 19[2mms[22m[39m
[31m     [31m횞[31m should call setCategoryTopic and setTimeLimit when challenge button is clicked[39m[32m 62[2mms[22m[39m
     [32m??[39m should render challenge icon and title[32m 8[2mms[22m[39m
[90mstderr[2m | src/components/__tests__/DebugPan
el.test.tsx
[22m[39m[2026-01-19T07:04:25.269Z] [Env] ?섍꼍 蹂??
寃利??ㅽ뙣:
?꾩닔 ?섍꼍 蹂??"VITE_SUPABASE_URL"媛 ?ㅼ젙?섏? ?딆븯?듬땲??
?꾩닔 ?섍꼍 蹂??"VITE_SUPABASE_ANON_KEY"媛 ?ㅼ젙?섏? ?딆븯?듬
땲??

?꾩닔 ?섍꼍 蹂??
  - VITE_SUPABASE_URL
  - VITE_SUPABASE_ANON_KEY

.env.example ?뚯씪??李멸퀬?섏뿬 ?섍꼍 蹂?섎? ?ㅼ젙?댁＜?몄슂.
?ъ궗 ?섍꼍?먯꽌???섍꼍 蹂?섍? ?놁뼱???깆씠 ?숈옉?⑸땲??(Supabase 湲곕
뒫 ?쒗븳).

[90mstdout[2m | src/components/__tests__/DebugPanel.test.tsx
[22m[39m[Env] ?섍꼍 蹂???뺣낫
  [2026-01-19T07:04:25.271Z] [Env] 媛쒕컻 ?섍꼍: true
  [2026-01-19T07:04:25.271Z] [Env] ?꾨줈?뺤뀡 ?섍꼍: false
  [2026-01-19T07:04:25.271Z] [Env] Supabase URL: 誘몄꽕??  [2026-01-19T07:04:25.271Z] [Env] Supabase Anon Key: 誘몄꽕??
 [31m??[39m src/components/__tests__/DebugPanel.test.tsx [2m([22m[2m9 tests[22m[2m | [22m[31m1 failed[39m[2m)[22m[32m 170[2mms[22m[39m
     [32m??[39m should not render when isDebugPanelOpen is false[32m 20[2mms[22m[39m
     [32m??[39m should render debug panel when open[32m 39[2mms[22m[39m
     [32m??[39m should close panel when close button is clicked[32m 29[2mms[22m[39m
     [32m??[39m should switch tabs[32m 10[2mms[22m[39m
     [32m??[39m should close panel when overlay is clicked[32m 12[2mms[22m[39m
[31m     [31m횞[31m should render all tabs[39m[32m 31[2mms[22m[39m
     [32m??[39m should switch to different tabs[32m 10[2mms[22m[39m
     [32m??[39m should render active tab content[32m 8[2mms[22m[39m
     [32m??[39m should not close panel when panel content is clicked[32m 7[2mms[22m[39m
[90mstdout[2m | src/stores/__tests__/useLevelProgressStore.test.ts[2m > [22m[2museLevelProgressStore[2m > [22m[2mshould get best records across multiple levels
[22m[39m[useLevelProgressStore] clearLevel called: {
  world: [32m'math'[39m,
  category: [32m'addition'[39m,
  level: [33m1[39m,
  mode: [32m'time-attack'[39m,
  score: [33m100[39m
}
[useLevelProgressStore] clearLevel called: {
  world: [32m'math'[39m,
  category: [32m'addition'[39m,
  level: [33m2[39m,
  mode: [32m'time-attack'[39m,
  score: [33m200[39m
}
[useLevelProgressStore] clearLevel called: {
  world: [32m'math'[39m,
  category: [32m'addition'[39m,
  level: [33m3[39m,
  mode: [32m'time-attack'[39m,
  score: [33m150[39m
}

[90mstdout[2m | src/stores/__tests__/useLevelProgressStore.test.ts[2m > [22m[2museLevelProgressStore[2m > [22m[2mshould get best records across multiple levels
[22m[39m[useLevelProgressStore] Current user: user-123
[clearLevel] Calling submit_game_result RPC: { score: [33m100[39m, gameMode: [32m'timeattack'[39m }
[useLevelProgressStore] Current user: user-123
[clearLevel] Calling submit_game_result RPC: { score: [33m200[39m, gameMode: [32m'timeattack'[39m }
[useLevelProgressStore] Current user: user-123
[clearLevel] Calling submit_game_result RPC: { score: [33m150[39m, gameMode: [32m'timeattack'[39m }

[90mstderr[2m | src/stores/__tests__/useLevelProg
ressStore.test.ts[2m > [22m[2museLevelProgressSt
ore[2m > [22m[2mshould get best records across m
ultiple levels
[22m[39m[clearLevel] submit_game_result RPC faile
d: { message: [32m'RPC failed'[39m }
[clearLevel] submit_game_result RPC failed: { messa
ge: [32m'RPC failed'[39m }
[clearLevel] submit_game_result RPC failed: { messa
ge: [32m'RPC failed'[39m }

[90mstdout[2m | src/stores/__tests__/useLevelProgressStore.test.ts[2m > [22m[2museLevelProgressStore[2m > [22m[2mshould handle clearLevel error gracefully
[22m[39m[useLevelProgressStore] clearLevel called: {
  world: [32m'math'[39m,
  category: [32m'addition'[39m,
  level: [33m1[39m,
  mode: [32m'time-attack'[39m,
  score: [33m100[39m
}

[90mstdout[2m | src/stores/__tests__/useLevelProgressStore.test.ts[2m > [22m[2museLevelProgressStore[2m > [22m[2mshould handle clearLevel error gracefully
[22m[39m[useLevelProgressStore] Current user: user-123
[clearLevel] Calling submit_game_result RPC: { score: [33m100[39m, gameMode: [32m'timeattack'[39m }

[90mstdout[2m | src/stores/__tests__/useLevelProgressStore.test.ts[2m > [22m[2museLevelProgressStore[2m > [22m[2mshould handle clearLevel when user is not logged in
[22m[39m[useLevelProgressStore] clearLevel called: {
  world: [32m'math'[39m,
  category: [32m'addition'[39m,
  level: [33m1[39m,
  mode: [32m'time-attack'[39m,
  score: [33m100[39m
}

[90mstderr[2m | src/stores/__tests__/useLevelProg
ressStore.test.ts[2m > [22m[2museLevelProgressSt
ore[2m > [22m[2mshould handle clearLevel when us
er is not logged in
[22m[39mFailed to reset progress in Supabase: Typ
eError: __vite_ssr_import_2__.supabase.from(...).de
lete is not a function
    at Object.resetProgress (C:/Users/?덈옉?뚰겕_?덉쓽誘?.
gemini/project/solve-climb/src/stores/useLevelProgr
essStore.ts:375:43)

[90mstdout[2m | src/stores/__tests__/useLevelProgressStore.test.ts[2m > [22m[2museLevelProgressStore[2m > [22m[2mshould handle clearLevel when user is not logged in
[22m[39m[useLevelProgressStore] Current user: [90mundefined[39m

[90mstderr[2m | src/stores/__tests__/useLevelProg
ressStore.test.ts[2m > [22m[2museLevelProgressSt
ore[2m > [22m[2mshould handle clearLevel when us
er is not logged in
[22m[39m[useLevelProgressStore] No user found, sk
ipping clearLevel

[90mstdout[2m | src/stores/__tests__/useLevelProgressStore.test.ts[2m > [22m[2museLevelProgressStore[2m > [22m[2mshould handle getNextLevel with non-sequential cleared levels
[22m[39m[useLevelProgressStore] clearLevel called: {
  world: [32m'math'[39m,
  category: [32m'addition'[39m,
  level: [33m1[39m,
  mode: [32m'time-attack'[39m,
  score: [33m100[39m
}
[useLevelProgressStore] clearLevel called: {
  world: [32m'math'[39m,
  category: [32m'addition'[39m,
  level: [33m3[39m,
  mode: [32m'time-attack'[39m,
  score: [33m150[39m
}

[90mstderr[2m | src/stores/__tests__/useLevelProg
ressStore.test.ts[2m > [22m[2museLevelProgressSt
ore[2m > [22m[2mshould handle getNextLevel with 
non-sequential cleared levels
[22m[39mFailed to reset progress in Supabase: Typ
eError: __vite_ssr_import_2__.supabase.from(...).de
lete is not a function
    at Object.resetProgress (C:/Users/?덈옉?뚰겕_?덉쓽誘?.
gemini/project/solve-climb/src/stores/useLevelProgr
essStore.ts:375:43)

[90mstdout[2m | src/stores/__tests__/useLevelProgressStore.test.ts[2m > [22m[2museLevelProgressStore[2m > [22m[2mshould handle getNextLevel with non-sequential cleared levels
[22m[39m[useLevelProgressStore] Current user: user-123
[clearLevel] Calling submit_game_result RPC: { score: [33m100[39m, gameMode: [32m'timeattack'[39m }
[useLevelProgressStore] Current user: user-123
[clearLevel] Calling submit_game_result RPC: { score: [33m150[39m, gameMode: [32m'timeattack'[39m }

[90mstderr[2m | src/stores/__tests__/useLevelProg
ressStore.test.ts[2m > [22m[2museLevelProgressSt
ore[2m > [22m[2mshould handle getNextLevel with 
non-sequential cleared levels
[22m[39m[clearLevel] submit_game_result RPC faile
d: { message: [32m'RPC failed'[39m }
[clearLevel] submit_game_result RPC failed: { messa
ge: [32m'RPC failed'[39m }

[90mstderr[2m | src/stores/__tests__/useLevelProg
ressStore.test.ts[2m > [22m[2museLevelProgressSt
ore[2m > [22m[2mshould return null best records 
when no records exist
[22m[39mFailed to reset progress in Supabase: Typ
eError: __vite_ssr_import_2__.supabase.from(...).de
lete is not a function
    at Object.resetProgress (C:/Users/?덈옉?뚰겕_?덉쓽誘?.
gemini/project/solve-climb/src/stores/useLevelProgr
essStore.ts:375:43)

[90mstdout[2m | src/stores/__tests__/useLevelProgressStore.test.ts[2m > [22m[2museLevelProgressStore[2m > [22m[2mshould get best records with only time-attack scores
[22m[39m[useLevelProgressStore] clearLevel called: {
  world: [32m'math'[39m,
  category: [32m'addition'[39m,
  level: [33m1[39m,
  mode: [32m'time-attack'[39m,
  score: [33m100[39m
}
[useLevelProgressStore] clearLevel called: {
  world: [32m'math'[39m,
  category: [32m'addition'[39m,
  level: [33m2[39m,
  mode: [32m'time-attack'[39m,
  score: [33m200[39m
}

[90mstderr[2m | src/stores/__tests__/useLevelProg
ressStore.test.ts[2m > [22m[2museLevelProgressSt
ore[2m > [22m[2mshould get best records with onl
y time-attack scores
[22m[39mFailed to reset progress in Supabase: Typ
eError: __vite_ssr_import_2__.supabase.from(...).de
lete is not a function
    at Object.resetProgress (C:/Users/?덈옉?뚰겕_?덉쓽誘?.
gemini/project/solve-climb/src/stores/useLevelProgr
essStore.ts:375:43)

[90mstdout[2m | src/stores/__tests__/useLevelProgressStore.test.ts[2m > [22m[2museLevelProgressStore[2m > [22m[2mshould get best records with only time-attack scores
[22m[39m[useLevelProgressStore] Current user: user-123
[clearLevel] Calling submit_game_result RPC: { score: [33m100[39m, gameMode: [32m'timeattack'[39m }
[useLevelProgressStore] Current user: user-123
[clearLevel] Calling submit_game_result RPC: { score: [33m200[39m, gameMode: [32m'timeattack'[39m }

[90mstderr[2m | src/stores/__tests__/useLevelProg
ressStore.test.ts[2m > [22m[2museLevelProgressSt
ore[2m > [22m[2mshould get best records with onl
y time-attack scores
[22m[39m[clearLevel] submit_game_result RPC faile
d: { message: [32m'RPC failed'[39m }
[clearLevel] submit_game_result RPC failed: { messa
ge: [32m'RPC failed'[39m }

[90mstdout[2m | src/stores/__tests__/useLevelProgressStore.test.ts[2m > [22m[2museLevelProgressStore[2m > [22m[2mshould get best records with only survival scores
[22m[39m[useLevelProgressStore] clearLevel called: {
  world: [32m'math'[39m,
  category: [32m'addition'[39m,
  level: [33m1[39m,
  mode: [32m'survival'[39m,
  score: [33m150[39m
}
[useLevelProgressStore] clearLevel called: {
  world: [32m'math'[39m,
  category: [32m'addition'[39m,
  level: [33m2[39m,
  mode: [32m'survival'[39m,
  score: [33m250[39m
}

[90mstderr[2m | src/stores/__tests__/useLevelProg
ressStore.test.ts[2m > [22m[2museLevelProgressSt
ore[2m > [22m[2mshould get best records with onl
y survival scores
[22m[39mFailed to reset progress in Supabase: Typ
eError: __vite_ssr_import_2__.supabase.from(...).de
lete is not a function
    at Object.resetProgress (C:/Users/?덈옉?뚰겕_?덉쓽誘?.
gemini/project/solve-climb/src/stores/useLevelProgr
essStore.ts:375:43)

[90mstdout[2m | src/stores/__tests__/useLevelProgressStore.test.ts[2m > [22m[2museLevelProgressStore[2m > [22m[2mshould get best records with only survival scores
[22m[39m[useLevelProgressStore] Current user: user-123
[clearLevel] Calling submit_game_result RPC: { score: [33m150[39m, gameMode: [32m'survival'[39m }
[useLevelProgressStore] Current user: user-123
[clearLevel] Calling submit_game_result RPC: { score: [33m250[39m, gameMode: [32m'survival'[39m }

[90mstderr[2m | src/stores/__tests__/useLevelProg
ressStore.test.ts[2m > [22m[2museLevelProgressSt
ore[2m > [22m[2mshould get best records with onl
y survival scores
[22m[39m[clearLevel] submit_game_result RPC faile
d: { message: [32m'RPC failed'[39m }
[clearLevel] submit_game_result RPC failed: { messa
ge: [32m'RPC failed'[39m }

[90mstderr[2m | src/stores/__tests__/useLevelProg
ressStore.test.ts[2m > [22m[2museLevelProgressSt
ore[2m > [22m[2mshould not update best score whe
n new score is lower
[22m[39mFailed to reset progress in Supabase: Typ
eError: __vite_ssr_import_2__.supabase.from(...).de
lete is not a function
    at Object.resetProgress (C:/Users/?덈옉?뚰겕_?덉쓽誘?.
gemini/project/solve-climb/src/stores/useLevelProgr
essStore.ts:375:43)

[90mstderr[2m | src/stores/__tests__/useLevelProg
ressStore.test.ts[2m > [22m[2museLevelProgressSt
ore[2m > [22m[2mshould update best score when ne
w score is higher
[22m[39mFailed to reset progress in Supabase: Typ
eError: __vite_ssr_import_2__.supabase.from(...).de
lete is not a function
    at Object.resetProgress (C:/Users/?덈옉?뚰겕_?덉쓽誘?.
gemini/project/solve-climb/src/stores/useLevelProgr
essStore.ts:375:43)

[90mstderr[2m | src/stores/__tests__/useLevelProg
ressStore.test.ts[2m > [22m[2museLevelProgressSt
ore[2m > [22m[2mshould handle syncProgress when 
records is null
[22m[39mFailed to reset progress in Supabase: Typ
eError: __vite_ssr_import_2__.supabase.from(...).de
lete is not a function
    at Object.resetProgress (C:/Users/?덈옉?뚰겕_?덉쓽誘?.
gemini/project/solve-climb/src/stores/useLevelProgr
essStore.ts:375:43)

[90mstderr[2m | src/stores/__tests__/useLevelProg
ressStore.test.ts[2m > [22m[2museLevelProgressSt
ore[2m > [22m[2mshould handle syncProgress when 
cleared is false
[22m[39mFailed to reset progress in Supabase: Typ
eError: __vite_ssr_import_2__.supabase.from(...).de
lete is not a function
    at Object.resetProgress (C:/Users/?덈옉?뚰겕_?덉쓽誘?.
gemini/project/solve-climb/src/stores/useLevelProgr
essStore.ts:375:43)

[90mstdout[2m | src/stores/__tests__/useLevelProgressStore.test.ts[2m > [22m[2museLevelProgressStore[2m > [22m[2mshould handle syncProgress when local score is higher
[22m[39m[useLevelProgressStore] clearLevel called: {
  world: [32m'math'[39m,
  category: [32m'addition'[39m,
  level: [33m1[39m,
  mode: [32m'time-attack'[39m,
  score: [33m200[39m
}

[90mstderr[2m | src/stores/__tests__/useLevelProg
ressStore.test.ts[2m > [22m[2museLevelProgressSt
ore[2m > [22m[2mshould handle syncProgress when 
local score is higher
[22m[39mFailed to reset progress in Supabase: Typ
eError: __vite_ssr_import_2__.supabase.from(...).de
lete is not a function
    at Object.resetProgress (C:/Users/?덈옉?뚰겕_?덉쓽誘?.
gemini/project/solve-climb/src/stores/useLevelProgr
essStore.ts:375:43)

[90mstdout[2m | src/stores/__tests__/useLevelProgressStore.test.ts[2m > [22m[2museLevelProgressStore[2m > [22m[2mshould handle syncProgress when local score is higher
[22m[39m[useLevelProgressStore] Current user: user-123
[clearLevel] Calling submit_game_result RPC: { score: [33m200[39m, gameMode: [32m'timeattack'[39m }

[90mstderr[2m | src/stores/__tests__/useLevelProg
ressStore.test.ts[2m > [22m[2museLevelProgressSt
ore[2m > [22m[2mshould handle syncProgress when 
local score is higher
[22m[39m[clearLevel] submit_game_result RPC faile
d: { message: [32m'RPC failed'[39m }

[90mstderr[2m | src/stores/__tests__/useLevelProg
ressStore.test.ts[2m > [22m[2museLevelProgressSt
ore[2m > [22m[2mshould handle syncProgress when 
local score is higher
[22m[39mFailed to sync clearLevel to Supabase: Ty
peError: __vite_ssr_import_2__.supabase.from(...).u
psert is not a function
    at Object.clearLevel (C:/Users/?덈옉?뚰겕_?덉쓽誘?.gem
ini/project/solve-climb/src/stores/useLevelProgress
Store.ts:200:43)

[90mstdout[2m | src/stores/__tests__/useLevelProgressStore.test.ts[2m > [22m[2museLevelProgressStore[2m > [22m[2mshould handle syncProgress when server score is higher
[22m[39m[useLevelProgressStore] clearLevel called: {
  world: [32m'math'[39m,
  category: [32m'addition'[39m,
  level: [33m1[39m,
  mode: [32m'time-attack'[39m,
  score: [33m100[39m
}

[90mstderr[2m | src/stores/__tests__/useLevelProg
ressStore.test.ts[2m > [22m[2museLevelProgressSt
ore[2m > [22m[2mshould handle syncProgress when 
server score is higher
[22m[39mFailed to reset progress in Supabase: Typ
eError: __vite_ssr_import_2__.supabase.from(...).de
lete is not a function
    at Object.resetProgress (C:/Users/?덈옉?뚰겕_?덉쓽誘?.
gemini/project/solve-climb/src/stores/useLevelProgr
essStore.ts:375:43)

[90mstdout[2m | src/stores/__tests__/useLevelProgressStore.test.ts[2m > [22m[2museLevelProgressStore[2m > [22m[2mshould handle syncProgress when server score is higher
[22m[39m[useLevelProgressStore] Current user: user-123
[clearLevel] Calling submit_game_result RPC: { score: [33m100[39m, gameMode: [32m'timeattack'[39m }

[90mstderr[2m | src/stores/__tests__/useLevelProg
ressStore.test.ts[2m > [22m[2museLevelProgressSt
ore[2m > [22m[2mshould handle syncProgress when 
server score is higher
[22m[39m[clearLevel] submit_game_result RPC faile
d: { message: [32m'RPC failed'[39m }

[90mstderr[2m | src/stores/__tests__/useLevelProg
ressStore.test.ts[2m > [22m[2museLevelProgressSt
ore[2m > [22m[2mshould handle syncProgress when 
server score is higher
[22m[39mFailed to sync clearLevel to Supabase: Ty
peError: __vite_ssr_import_2__.supabase.from(...).u
psert is not a function
    at Object.clearLevel (C:/Users/?덈옉?뚰겕_?덉쓽誘?.gem
ini/project/solve-climb/src/stores/useLevelProgress
Store.ts:200:43)

[90mstderr[2m | src/stores/__tests__/useLevelProg
ressStore.test.ts[2m > [22m[2museLevelProgressSt
ore[2m > [22m[2mshould handle syncProgress when 
local bestScore is null
[22m[39mFailed to reset progress in Supabase: Typ
eError: __vite_ssr_import_2__.supabase.from(...).de
lete is not a function
    at Object.resetProgress (C:/Users/?덈옉?뚰겕_?덉쓽誘?.
gemini/project/solve-climb/src/stores/useLevelProgr
essStore.ts:375:43)

[90mstdout[2m | src/stores/__tests__/useLevelProgressStore.test.ts[2m > [22m[2museLevelProgressStore[2m > [22m[2mshould handle clearLevel when score is lower than existing best
[22m[39m[useLevelProgressStore] clearLevel called: {
  world: [32m'math'[39m,
  category: [32m'addition'[39m,
  level: [33m1[39m,
  mode: [32m'time-attack'[39m,
  score: [33m200[39m
}

[90mstderr[2m | src/stores/__tests__/useLevelProg
ressStore.test.ts[2m > [22m[2museLevelProgressSt
ore[2m > [22m[2mshould handle clearLevel when sc
ore is lower than existing best
[22m[39mFailed to reset progress in Supabase: Typ
eError: __vite_ssr_import_2__.supabase.from(...).de
lete is not a function
    at Object.resetProgress (C:/Users/?덈옉?뚰겕_?덉쓽誘?.
gemini/project/solve-climb/src/stores/useLevelProgr
essStore.ts:375:43)

[90mstdout[2m | src/stores/__tests__/useLevelProgressStore.test.ts[2m > [22m[2museLevelProgressStore[2m > [22m[2mshould handle clearLevel when score is lower than existing best
[22m[39m[useLevelProgressStore] Current user: user-123
[clearLevel] Calling submit_game_result RPC: { score: [33m200[39m, gameMode: [32m'timeattack'[39m }

[90mstderr[2m | src/stores/__tests__/useLevelProg
ressStore.test.ts[2m > [22m[2museLevelProgressSt
ore[2m > [22m[2mshould handle clearLevel when sc
ore is lower than existing best
[22m[39m[clearLevel] submit_game_result RPC faile
d: { message: [32m'RPC failed'[39m }

[90mstderr[2m | src/stores/__tests__/useLevelProg
ressStore.test.ts[2m > [22m[2museLevelProgressSt
ore[2m > [22m[2mshould handle clearLevel when sc
ore is lower than existing best
[22m[39m[clearLevel] submit_game_result RPC faile
d: { message: [32m'RPC failed'[39m }

[90mstdout[2m | src/stores/__tests__/useLevelProgressStore.test.ts[2m > [22m[2museLevelProgressStore[2m > [22m[2mshould handle clearLevel when score is lower than existing best
[22m[39m[useLevelProgressStore] clearLevel called: {
  world: [32m'math'[39m,
  category: [32m'addition'[39m,
  level: [33m1[39m,
  mode: [32m'time-attack'[39m,
  score: [33m100[39m
}

[90mstdout[2m | src/stores/__tests__/useLevelProgressStore.test.ts[2m > [22m[2museLevelProgressStore[2m > [22m[2mshould handle clearLevel when score is lower than existing best
[22m[39m[useLevelProgressStore] Current user: user-123
[clearLevel] Calling submit_game_result RPC: { score: [33m100[39m, gameMode: [32m'timeattack'[39m }

[90mstderr[2m | src/stores/__tests__/useLevelProg
ressStore.test.ts[2m > [22m[2museLevelProgressSt
ore[2m > [22m[2mshould handle fetchRanking when 
data is null
[22m[39mFailed to reset progress in Supabase: Typ
eError: __vite_ssr_import_2__.supabase.from(...).de
lete is not a function
    at Object.resetProgress (C:/Users/?덈옉?뚰겕_?덉쓽誘?.
gemini/project/solve-climb/src/stores/useLevelProgr
essStore.ts:375:43)

[90mstderr[2m | src/stores/__tests__/useLevelProg
ressStore.test.ts[2m > [22m[2museLevelProgressSt
ore[2m > [22m[2mshould handle fetchRanking with 
custom limit
[22m[39mFailed to reset progress in Supabase: Typ
eError: __vite_ssr_import_2__.supabase.from(...).de
lete is not a function
    at Object.resetProgress (C:/Users/?덈옉?뚰겕_?덉쓽誘?.
gemini/project/solve-climb/src/stores/useLevelProgr
essStore.ts:375:43)

 [31m??[39m src/stores/__tests__/useLevelProgressStore.test.ts [2m([22m[2m37 tests[22m[2m | [22m[31m15 failed[39m[2m)[22m[33m 1626[2mms[22m[39m
     [32m??[39m should initialize with empty progress[32m 37[2mms[22m[39m
     [32m??[39m should get empty level progress for non-existent category[32m 7[2mms[22m[39m
[31m     [31m횞[31m should get level progress for existing category and subTopic[39m[32m 59[2mms[22m[39m
[31m     [31m횞[31m should check if level is cleared[39m[32m 17[2mms[22m[39m
[31m     [31m횞[31m should get next level correctly[39m[32m 44[2mms[22m[39m
[31m     [31m횞[31m should clear level and update best score[39m[32m 8[2mms[22m[39m
     [32m??[39m should update best score when new score is higher[32m 51[2mms[22m[39m
[31m     [31m횞[31m should not update best score when new score is lower[39m[32m 33[2mms[22m[39m
[31m     [31m횞[31m should get best records for category and subTopic[39m[32m 12[2mms[22m[39m
[31m     [31m횞[31m should handle different game modes[39m[32m 7[2mms[22m[39m
[31m     [31m횞[31m should reset progress[39m[32m 9[2mms[22m[39m
     [32m??[39m should sync progress from Supabase[32m 50[2mms[22m[39m
     [32m??[39m should handle syncProgress error gracefully[32m 5[2mms[22m[39m
     [32m??[39m should handle syncProgress when user is not logged in[32m 3[2mms[22m[39m
[31m     [31m횞[31m should fetch ranking successfully[39m[33m 1046[2mms[22m[39m
     [32m??[39m should handle fetchRanking error gracefully[32m 4[2mms[22m[39m
[31m     [31m횞[31m should get best records across multiple levels[39m[32m 14[2mms[22m[39m
     [32m??[39m should handle clearLevel error gracefully[32m 17[2mms[22m[39m
     [32m??[39m should handle updateBestScore error gracefully[32m 3[2mms[22m[39m
[31m     [31m횞[31m should handle clearLevel when user is not logged in[39m[32m 11[2mms[22m[39m
     [32m??[39m should handle updateBestScore when user is not logged in[32m 17[2mms[22m[39m
     [32m??[39m should handle resetProgress error gracefully[32m 5[2mms[22m[39m
[31m     [31m횞[31m should handle getNextLevel with non-sequential cleared levels[39m[32m 9[2mms[22m[39m
     [32m??[39m should return null best records when no records exist[32m 3[2mms[22m[39m
[31m     [31m횞[31m should get best records with only time-attack scores[39m[32m 6[2mms[22m[39m
[31m     [31m횞[31m should get best records with only survival scores[39m[32m 27[2mms[22m[39m
     [32m??[39m should not update best score when new score is lower[32m 7[2mms[22m[39m
     [32m??[39m should update best score when new score is higher[32m 10[2mms[22m[39m
     [32m??[39m should handle syncProgress when records is null[32m 4[2mms[22m[39m
     [32m??[39m should handle syncProgress when cleared is false[32m 9[2mms[22m[39m
     [32m??[39m should handle syncProgress when local score is higher[32m 7[2mms[22m[39m
     [32m??[39m should handle syncProgress when server score is higher[32m 34[2mms[22m[39m
     [32m??[39m should handle syncProgress when local bestScore is null[32m 15[2mms[22m[39m
     [32m??[39m should handle clearLevel when score is lower than existing best[32m 11[2mms[22m[39m
     [32m??[39m should handle fetchRanking when data is null[32m 6[2mms[22m[39m
     [32m??[39m should handle fetchRanking when error occurs[32m 4[2mms[22m[39m
[31m     [31m횞[31m should handle fetchRanking with custom limit[39m[32m 10[2mms[22m[39m
 [31m??[39m src/hooks/__tests__/useQuizGameState.test.ts [2m([22m[2m19 tests[22m[2m | [22m[31m3 failed[39m[2m)[22m[32m 166[2mms[22m[39m
     [32m??[39m should initialize with default values[32m 25[2mms[22m[39m
     [32m??[39m should update totalQuestions[32m 6[2mms[22m[39m
     [32m??[39m should update wrongAnswers[32m 3[2mms[22m[39m
     [32m??[39m should update questionStartTime[32m 7[2mms[22m[39m
     [32m??[39m should update solveTimes[32m 5[2mms[22m[39m
     [32m??[39m should update gameSessionId[32m 3[2mms[22m[39m
     [32m??[39m should update userAnswers[32m 3[2mms[22m[39m
     [32m??[39m should update questionIds[32m 5[2mms[22m[39m
     [32m??[39m should navigate to result page on handleGameOver for time-attack mode[32m 5[2mms[22m[39m
[31m     [31m횞[31m should include wrong answers in URL for survival mode[39m[32m 69[2mms[22m[39m
     [32m??[39m should include session ID and answers in URL when available[32m 9[2mms[22m[39m
     [32m??[39m should include exhausted flag when isExhausted is true[32m 2[2mms[22m[39m
     [32m??[39m should calculate average solve time correctly for survival mode[32m 4[2mms[22m[39m
     [32m??[39m should handle survival mode without wrong answers[32m 2[2mms[22m[39m
[31m     [31m횞[31m should handle survival mode without solveTimes[39m[32m 3[2mms[22m[39m
[31m     [31m횞[31m should handle multiple wrong answers in survival mode[39m[32m 5[2mms[22m[39m
     [32m??[39m should handle null parameters[32m 2[2mms[22m[39m
     [32m??[39m should handle empty arrays for userAnswers and questionIds[32m 2[2mms[22m[39m
     [32m??[39m should handle null gameSessionId[32m 2[2mms[22m[39m
 [31m??[39m src/utils/__tests__/MathProblemGenerator.test.ts [2m([22m[2m31 tests[22m[2m | [22m[31m11 failed[39m[2m)[22m[32m 46[2mms[22m[39m
       [32m??[39m should generate problem for stage 1[32m 3[2mms[22m[39m
       [32m??[39m should generate problem for stage 2[32m 1[2mms[22m[39m
       [32m??[39m should generate problem for stage 3[32m 1[2mms[22m[39m
[31m       [31m횞[31m should generate problem for stage 4 (carry)[39m[32m 8[2mms[22m[39m
[31m       [31m횞[31m should generate problem for stage 5 (borrow)[39m[32m 1[2mms[22m[39m
[31m       [31m횞[31m should generate problem for stage 7 (multiplication)[39m[32m 4[2mms[22m[39m
       [32m??[39m should generate problem for stage 9 (division)[32m 1[2mms[22m[39m
       [32m??[39m should generate problem for stage 11 (sequential)[32m 0[2mms[22m[39m
       [32m??[39m should generate problem for stage 14 (fill-blank)[32m 1[2mms[22m[39m
       [32m??[39m should generate problem for stage 15 (parentheses)[32m 1[2mms[22m[39m
       [32m??[39m should throw error for invalid stage[32m 1[2mms[22m[39m
       [32m??[39m should generate valid problems for all stages[32m 3[2mms[22m[39m
       [32m??[39m should generate problems with correct answer format[32m 0[2mms[22m[39m
[31m       [31m횞[31m should handle all type branches: standard, sequential, fill-blank, parentheses[39m[32m 2[2mms[22m[39m
[31m       [31m횞[31m should handle all operator branches: +, -, *, /[39m[32m 4[2mms[22m[39m
       [32m??[39m should handle constraints: resultMax[32m 1[2mms[22m[39m
       [32m??[39m should handle constraints: resultMin[32m 1[2mms[22m[39m
       [32m??[39m should handle constraints: resultMax and resultMin together[32m 1[2mms[22m[39m
       [32m??[39m should handle constraints: ensureIntegerDivision[32m 1[2mms[22m[39m
[31m       [31m횞[31m should handle constraints: resultMin for carry (stage 4)[39m[32m 1[2mms[22m[39m
[31m       [31m횞[31m should handle constraints: resultMax and resultMin for borrow (stage 5)[39m[32m 1[2mms[22m[39m
[31m       [31m횞[31m should handle fill-blank with hideFirst branch[39m[32m 1[2mms[22m[39m
       [32m??[39m should handle sequential problems with precedence[32m 0[2mms[22m[39m
       [32m??[39m should handle parentheses problems with division[32m 0[2mms[22m[39m
[31m       [31m횞[31m should handle parentheses problems with multiplication[39m[32m 1[2mms[22m[39m
       [32m??[39m should handle edge case: invalid stage ID throws error[32m 1[2mms[22m[39m
       [32m??[39m should handle fallback when generation fails after 100 attempts[32m 0[2mms[22m[39m
[31m       [31m횞[31m should handle division with special logic[39m[32m 1[2mms[22m[39m
       [32m??[39m should handle ranges with single range reused[32m 0[2mms[22m[39m
[31m       [31m횞[31m should handle sequential problems with multiple operators[39m[32m 1[2mms[22m[39m
       [32m??[39m should handle constraints: allowNegative (default false)[32m 0[2mms[22m[39m
 [31m??[39m src/utils/__tests__/japanese.test.ts [2m([22m[2m12 tests[22m[2m | [22m[31m7 failed[39m[2m)[22m[32m 23[2mms[22m[39m
[31m       [31m횞[31m should generate question for easy difficulty[39m[32m 10[2mms[22m[39m
[31m       [31m횞[31m should generate question for medium difficulty[39m[32m 1[2mms[22m[39m
[31m       [31m횞[31m should generate question for hard difficulty[39m[32m 1[2mms[22m[39m
[31m       [31m횞[31m should return valid hiragana from mappings[39m[32m 1[2mms[22m[39m
[31m       [31m횞[31m should generate different questions on multiple calls[39m[32m 2[2mms[22m[39m
[31m       [31m횞[31m should use correct difficulty filter for easy[39m[32m 1[2mms[22m[39m
[31m       [31m횞[31m should handle default case for unknown difficulty[39m[32m 1[2mms[22m[39m
       [32m??[39m should convert to lowercase[32m 1[2mms[22m[39m
       [32m??[39m should trim whitespace[32m 1[2mms[22m[39m
       [32m??[39m should handle mixed case and whitespace[32m 0[2mms[22m[39m
       [32m??[39m should handle empty string[32m 0[2mms[22m[39m
       [32m??[39m should handle already normalized strings[32m 0[2mms[22m[39m
 [31m??[39m src/utils/__tests__/quizGenerator.test.ts [2m([22m[2m10 tests[22m[2m | [22m[31m1 failed[39m[2m)[22m[32m 22[2mms[22m[39m
       [32m??[39m should generate arithmetic question for World1-湲곗큹[32m 4[2mms[22m[39m
       [32m??[39m should generate equation question for World1-???[32m 1[2mms[22m[39m
       [32m??[39m should generate calculus question for World1-?ы솕[32m 1[2mms[22m[39m
       [32m??[39m should generate geometry question for World2-湲곗큹[32m 1[2mms[22m[39m
[31m       [31m횞[31m should generate symmetry question for World2-?쇰━[39m[32m 10[2mms[22m[39m
       [32m??[39m should generate stats question for World3-湲곗큹[32m 1[2mms[22m[39m
       [32m??[39m should generate binary conversion question for World4-湲곗큹[32m 1[2mms[22m[39m
       [32m??[39m should generate logic gate question for World4-?쇰━[32m 0[2mms[22m[39m
       [32m??[39m should fallback to World 1 for unknown world[32m 1[2mms[22m[39m
       [32m??[39m should handle missing categories with a placeholder[32m 0[2mms[22m[39m
 [32m??[39m src/components/__tests__/ProfileForm.test.tsx [2m([22m[2m13 tests[22m[2m)[22m[33m 1588[2mms[22m[39m
     [33m[2m??[22m[39m should show error for nickname longer than 10 characters [33m 363[2mms[22m[39m
 [32m??[39m src/components/__tests__/DataResetSection.test.tsx [2m([22m[2m6 tests[22m[2m)[22m[33m 1366[2mms[22m[39m
     [33m[2m??[22m[39m should call confirm before resetting [33m 716[2mms[22m[39m
     [33m[2m??[22m[39m should not reset if confirm is cancelled [33m 382[2mms[22m[39m
 [32m??[39m src/components/__tests__/StaminaGauge.test.tsx [2m([22m[2m15 tests[22m[2m)[22m[33m 506[2mms[22m[39m
 [32m??[39m src/components/__tests__/QuizCard.test.tsx [2m([22m[2m32 tests[22m[2m)[22m[33m 638[2mms[22m[39m
[90mstderr[2m | src/components/__tests__/TierProg
ressBar.test.tsx[2m > [22m[2mTierProgressBar[2m
 > [22m[2mshould handle error when calculateTier 
fails
[22m[39mFailed to load tier info: Error: Failed t
o calculate tier
    at C:/Users/?덈옉?뚰겕_?덉쓽誘?.gemini/project/solve-c
limb/src/components/__tests__/TierProgressBar.test.
tsx:208:48
    at [90mfile:///C:/Users/%EC%98%88%EB%9E%91%ED%
85%8C%ED%81%AC_%EC%95%88%EC%9D%98%EB%AF%BC/.gemini/
project/solve-climb/[39mnode_modules/[4m@vitest/r
unner[24m/dist/index.js:145:11
    at [90mfile:///C:/Users/%EC%98%88%EB%9E%91%ED%
85%8C%ED%81%AC_%EC%95%88%EC%9D%98%EB%AF%BC/.gemini/
project/solve-climb/[39mnode_modules/[4m@vitest/r
unner[24m/dist/index.js:915:26
    at [90mfile:///C:/Users/%EC%98%88%EB%9E%91%ED%
85%8C%ED%81%AC_%EC%95%88%EC%9D%98%EB%AF%BC/.gemini/
project/solve-climb/[39mnode_modules/[4m@vitest/r
unner[24m/dist/index.js:1243:20
    at new Promise (<anonymous>)
    at runWithTimeout [90m(file:///C:/Users/%EC%98
%88%EB%9E%91%ED%85%8C%ED%81%AC_%EC%95%88%EC%9D%98%E
B%AF%BC/.gemini/project/solve-climb/[39mnode_modul
es/[4m@vitest/runner[24m/dist/index.js:1209:10[9
0m)[39m
    at [90mfile:///C:/Users/%EC%98%88%EB%9E%91%ED%
85%8C%ED%81%AC_%EC%95%88%EC%9D%98%EB%AF%BC/.gemini/
project/solve-climb/[39mnode_modules/[4m@vitest/r
unner[24m/dist/index.js:1653:37
    at Traces.$ [90m(file:///C:/Users/%EC%98%88%EB
%9E%91%ED%85%8C%ED%81%AC_%EC%95%88%EC%9D%98%EB%AF%B
C/.gemini/project/solve-climb/[39mnode_modules/[4
mvitest[24m/dist/chunks/traces.U4xDYhzZ.js:115:27
[90m)[39m
    at trace [90m(file:///C:/Users/%EC%98%88%EB%9E
%91%ED%85%8C%ED%81%AC_%EC%95%88%EC%9D%98%EB%AF%BC/.
gemini/project/solve-climb/[39mnode_modules/[4mvi
test[24m/dist/chunks/test.B8ej_ZHS.js:239:21[90m)
[39m
    at runTest [90m(file:///C:/Users/%EC%98%88%EB%
9E%91%ED%85%8C%ED%81%AC_%EC%95%88%EC%9D%98%EB%AF%BC
/.gemini/project/solve-climb/[39mnode_modules/[4m
@vitest/runner[24m/dist/index.js:1653:12[90m)[39
m

 [32m??[39m src/components/__tests__/TierProgressBar.test.tsx [2m([22m[2m10 tests[22m[2m)[22m[33m 452[2mms[22m[39m
 [32m??[39m src/hooks/__tests__/useAsync.test.ts [2m([22m[2m17 tests[22m[2m)[22m[33m 922[2mms[22m[39m
[90mstderr[2m | src/hooks/__tests__/useMyPageStat
s.test.ts[2m > [22m[2museMyPageStats[2m > [22m
[2mshould return default stats when no session
[22m[39mWarning: An update to TestComponent insid
e a test was not wrapped in act(...).

When testing, code that causes React state updates 
should be wrapped into act(...):

act(() => {
  /* fire events that update state */
});
/* assert on the output */

This ensures that you're testing the behavior the u
ser would see in the browser. Learn more at https:/
/reactjs.org/link/wrap-tests-with-act
    at TestComponent (C:\Users\?덈옉?뚰겕_?덉쓽誘?.gemini\
project\solve-climb\node_modules\@testing-library\r
eact\dist\pure.js:328:5)
Warning: An update to TestComponent inside a test w
as not wrapped in act(...).

When testing, code that causes React state updates 
should be wrapped into act(...):

act(() => {
  /* fire events that update state */
});
/* assert on the output */

This ensures that you're testing the behavior the u
ser would see in the browser. Learn more at https:/
/reactjs.org/link/wrap-tests-with-act
    at TestComponent (C:\Users\?덈옉?뚰겕_?덉쓽誘?.gemini\
project\solve-climb\node_modules\@testing-library\r
eact\dist\pure.js:328:5)
Warning: An update to TestComponent inside a test w
as not wrapped in act(...).

When testing, code that causes React state updates 
should be wrapped into act(...):

act(() => {
  /* fire events that update state */
});
/* assert on the output */

This ensures that you're testing the behavior the u
ser would see in the browser. Learn more at https:/
/reactjs.org/link/wrap-tests-with-act
    at TestComponent (C:\Users\?덈옉?뚰겕_?덉쓽誘?.gemini\
project\solve-climb\node_modules\@testing-library\r
eact\dist\pure.js:328:5)

[90mstderr[2m | src/hooks/__tests__/useMyPageStat
s.test.ts[2m > [22m[2museMyPageStats[2m > [22m
[2mshould fallback to direct query when RPC fails
[22m[39mRPC function not found (404), falling bac
k to direct query

[90mstderr[2m | src/hooks/__tests__/useMyPageStat
s.test.ts[2m > [22m[2museMyPageStats[2m > [22m
[2mshould fallback to direct query when RPC fails
[22m[39mFailed to fetch user stats: TypeError: Ca
nnot destructure property 'data' of '(intermediate 
value)' as it is undefined.
    at fetchStats (C:/Users/?덈옉?뚰겕_?덉쓽誘?.gemini/pro
ject/solve-climb/src/hooks/useMyPageStats.ts:205:21
)

[90mstderr[2m | src/hooks/__tests__/useMyPageStat
s.test.ts[2m > [22m[2museMyPageStats[2m > [22m
[2mshould handle local session
[22m[39mFailed to fetch user stats: TypeError: Ca
nnot destructure property 'data' of '(intermediate 
value)' as it is undefined.
    at fetchStats (C:/Users/?덈옉?뚰겕_?덉쓽誘?.gemini/pro
ject/solve-climb/src/hooks/useMyPageStats.ts:153:21
)

[90mstderr[2m | src/hooks/__tests__/useMyPageStat
s.test.ts[2m > [22m[2museMyPageStats[2m > [22m
[2mshould handle RPC error (non-404)
[22m[39mRPC function error, falling back to direc
t query: { code: [32m'PGRST500'[39m, message: [3
2m'Server error'[39m }

[90mstderr[2m | src/hooks/__tests__/useMyPageStat
s.test.ts[2m > [22m[2museMyPageStats[2m > [22m
[2mshould handle profile query error
[22m[39m[useMyPageStats] ?꾨줈??議고쉶 ?ㅽ뙣: { message:
 [32m'Profile not found'[39m }

[90mstderr[2m | src/hooks/__tests__/useMyPageStat
s.test.ts[2m > [22m[2museMyPageStats[2m > [22m
[2mshould handle profile query error
[22m[39mRPC function not found (404), falling bac
k to direct query

[90mstderr[2m | src/hooks/__tests__/useMyPageStat
s.test.ts[2m > [22m[2museMyPageStats[2m > [22m
[2mshould handle empty levelRecords
[22m[39mRPC function not found (404), falling bac
k to direct query

[90mstderr[2m | src/hooks/__tests__/useMyPageStat
s.test.ts[2m > [22m[2museMyPageStats[2m > [22m
[2mshould calculate bestSubject from theme_mapping
[22m[39mRPC function not found (404), falling bac
k to direct query

[90mstderr[2m | src/hooks/__tests__/useMyPageStat
s.test.ts[2m > [22m[2museMyPageStats[2m > [22m
[2mshould handle theme_mapping query error
[22m[39mRPC function not found (404), falling bac
k to direct query

[90mstderr[2m | src/hooks/__tests__/useMyPageStat
s.test.ts[2m > [22m[2museMyPageStats[2m > [22m
[2mshould handle theme_mapping query error
[22m[39m[useMyPageStats] theme_mapping 議고쉶 ?ㅽ뙣: {
 message: [32m'Query failed'[39m }

[90mstderr[2m | src/hooks/__tests__/useMyPageStat
s.test.ts[2m > [22m[2museMyPageStats[2m > [22m
[2mshould handle user_level_records query error
[22m[39mRPC function not found (404), falling bac
k to direct query

[90mstderr[2m | src/hooks/__tests__/useMyPageStat
s.test.ts[2m > [22m[2museMyPageStats[2m > [22m
[2mshould handle user_level_records query error
[22m[39mFailed to fetch user stats: { message: [
32m'Query failed'[39m }

[90mstderr[2m | src/hooks/__tests__/useMyPageStat
s.test.ts[2m > [22m[2museMyPageStats[2m > [22m
[2mshould handle bestSubject fallback to name when
 theme_id not found
[22m[39mRPC function not found (404), falling bac
k to direct query

[90mstderr[2m | src/hooks/__tests__/useMyPageStat
s.test.ts[2m > [22m[2museMyPageStats[2m > [22m
[2mshould handle RPC catch block with status 404
[22m[39mRPC function not found (404), falling bac
k to direct query

[90mstderr[2m | src/hooks/__tests__/useMyPageStat
s.test.ts[2m > [22m[2museMyPageStats[2m > [22m
[2mshould handle RPC catch block with other error
[22m[39mRPC function not available, falling back 
to direct query: { status: [33m500[39m, code: [3
2m'PGRST500'[39m }

 [32m??[39m src/hooks/__tests__/useMyPageStats.test.ts [2m([22m[2m14 tests[22m[2m)[22m[33m 950[2mms[22m[39m
 [32m??[39m src/components/__tests__/QwertyKeypad.test.tsx [2m([22m[2m24 tests[22m[2m)[22m[33m 600[2mms[22m[39m
 [32m??[39m src/components/__tests__/ClimbGraphicBackgrounds.test.tsx [2m([22m[2m8 tests[22m[2m)[22m[33m 601[2mms[22m[39m
[90mstderr[2m | src/components/__tests__/CyclePro
motionModal.test.tsx[2m > [22m[2mCyclePromotionM
odal[2m > [22m[2mshould call onPromote when prom
otion succeeds
[22m[39mWarning: An update to CyclePromotionModal
 inside a test was not wrapped in act(...).

When testing, code that causes React state updates 
should be wrapped into act(...):

act(() => {
  /* fire events that update state */
});
/* assert on the output */

This ensures that you're testing the behavior the u
ser would see in the browser. Learn more at https:/
/reactjs.org/link/wrap-tests-with-act
    at CyclePromotionModal (C:/Users/?덈옉?뚰겕_?덉쓽誘?.g
emini/project/solve-climb/src/components/CyclePromo
tionModal.tsx:11:3)
Warning: An update to CyclePromotionModal inside a 
test was not wrapped in act(...).

When testing, code that causes React state updates 
should be wrapped into act(...):

act(() => {
  /* fire events that update state */
});
/* assert on the output */

This ensures that you're testing the behavior the u
ser would see in the browser. Learn more at https:/
/reactjs.org/link/wrap-tests-with-act
    at CyclePromotionModal (C:/Users/?덈옉?뚰겕_?덉쓽誘?.g
emini/project/solve-climb/src/components/CyclePromo
tionModal.tsx:11:3)

[90mstderr[2m | src/components/__tests__/CyclePro
motionModal.test.tsx[2m > [22m[2mCyclePromotionM
odal[2m > [22m[2mshould show error when promotio
n fails with error
[22m[39mWarning: An update to CyclePromotionModal
 inside a test was not wrapped in act(...).

When testing, code that causes React state updates 
should be wrapped into act(...):

act(() => {
  /* fire events that update state */
});
/* assert on the output */

This ensures that you're testing the behavior the u
ser would see in the browser. Learn more at https:/
/reactjs.org/link/wrap-tests-with-act
    at CyclePromotionModal (C:/Users/?덈옉?뚰겕_?덉쓽誘?.g
emini/project/solve-climb/src/components/CyclePromo
tionModal.tsx:11:3)
Warning: An update to CyclePromotionModal inside a 
test was not wrapped in act(...).

When testing, code that causes React state updates 
should be wrapped into act(...):

act(() => {
  /* fire events that update state */
});
/* assert on the output */

This ensures that you're testing the behavior the u
ser would see in the browser. Learn more at https:/
/reactjs.org/link/wrap-tests-with-act
    at CyclePromotionModal (C:/Users/?덈옉?뚰겕_?덉쓽誘?.g
emini/project/solve-climb/src/components/CyclePromo
tionModal.tsx:11:3)

[90mstderr[2m | src/components/__tests__/CyclePro
motionModal.test.tsx[2m > [22m[2mCyclePromotionM
odal[2m > [22m[2mshould show error when promotio
n fails with error
[22m[39mFailed to promote: { message: [32m'RPC e
rror'[39m }

[90mstderr[2m | src/components/__tests__/CyclePro
motionModal.test.tsx[2m > [22m[2mCyclePromotionM
odal[2m > [22m[2mshould show error when promotio
n fails without success
[22m[39mWarning: An update to CyclePromotionModal
 inside a test was not wrapped in act(...).

When testing, code that causes React state updates 
should be wrapped into act(...):

act(() => {
  /* fire events that update state */
});
/* assert on the output */

This ensures that you're testing the behavior the u
ser would see in the browser. Learn more at https:/
/reactjs.org/link/wrap-tests-with-act
    at CyclePromotionModal (C:/Users/?덈옉?뚰겕_?덉쓽誘?.g
emini/project/solve-climb/src/components/CyclePromo
tionModal.tsx:11:3)
Warning: An update to CyclePromotionModal inside a 
test was not wrapped in act(...).

When testing, code that causes React state updates 
should be wrapped into act(...):

act(() => {
  /* fire events that update state */
});
/* assert on the output */

This ensures that you're testing the behavior the u
ser would see in the browser. Learn more at https:/
/reactjs.org/link/wrap-tests-with-act
    at CyclePromotionModal (C:/Users/?덈옉?뚰겕_?덉쓽誘?.g
emini/project/solve-climb/src/components/CyclePromo
tionModal.tsx:11:3)

[90mstderr[2m | src/components/__tests__/CyclePro
motionModal.test.tsx[2m > [22m[2mCyclePromotionM
odal[2m > [22m[2mshould show loading state when 
promoting
[22m[39mWarning: An update to CyclePromotionModal
 inside a test was not wrapped in act(...).

When testing, code that causes React state updates 
should be wrapped into act(...):

act(() => {
  /* fire events that update state */
});
/* assert on the output */

This ensures that you're testing the behavior the u
ser would see in the browser. Learn more at https:/
/reactjs.org/link/wrap-tests-with-act
    at CyclePromotionModal (C:/Users/?덈옉?뚰겕_?덉쓽誘?.g
emini/project/solve-climb/src/components/CyclePromo
tionModal.tsx:11:3)
Warning: An update to CyclePromotionModal inside a 
test was not wrapped in act(...).

When testing, code that causes React state updates 
should be wrapped into act(...):

act(() => {
  /* fire events that update state */
});
/* assert on the output */

This ensures that you're testing the behavior the u
ser would see in the browser. Learn more at https:/
/reactjs.org/link/wrap-tests-with-act
    at CyclePromotionModal (C:/Users/?덈옉?뚰겕_?덉쓽誘?.g
emini/project/solve-climb/src/components/CyclePromo
tionModal.tsx:11:3)

[90mstderr[2m | src/components/__tests__/CyclePro
motionModal.test.tsx[2m > [22m[2mCyclePromotionM
odal[2m > [22m[2mshould disable buttons when pro
moting
[22m[39mWarning: An update to CyclePromotionModal
 inside a test was not wrapped in act(...).

When testing, code that causes React state updates 
should be wrapped into act(...):

act(() => {
  /* fire events that update state */
});
/* assert on the output */

This ensures that you're testing the behavior the u
ser would see in the browser. Learn more at https:/
/reactjs.org/link/wrap-tests-with-act
    at CyclePromotionModal (C:/Users/?덈옉?뚰겕_?덉쓽誘?.g
emini/project/solve-climb/src/components/CyclePromo
tionModal.tsx:11:3)
Warning: An update to CyclePromotionModal inside a 
test was not wrapped in act(...).

When testing, code that causes React state updates 
should be wrapped into act(...):

act(() => {
  /* fire events that update state */
});
/* assert on the output */

This ensures that you're testing the behavior the u
ser would see in the browser. Learn more at https:/
/reactjs.org/link/wrap-tests-with-act
    at CyclePromotionModal (C:/Users/?덈옉?뚰겕_?덉쓽誘?.g
emini/project/solve-climb/src/components/CyclePromo
tionModal.tsx:11:3)

[90mstderr[2m | src/components/__tests__/CyclePro
motionModal.test.tsx[2m > [22m[2mCyclePromotionM
odal[2m > [22m[2mshould disable buttons when pro
moting
[22m[39mWarning: An update to CyclePromotionModal
 inside a test was not wrapped in act(...).

When testing, code that causes React state updates 
should be wrapped into act(...):

act(() => {
  /* fire events that update state */
});
/* assert on the output */

This ensures that you're testing the behavior the u
ser would see in the browser. Learn more at https:/
/reactjs.org/link/wrap-tests-with-act
    at CyclePromotionModal (C:/Users/?덈옉?뚰겕_?덉쓽誘?.g
emini/project/solve-climb/src/components/CyclePromo
tionModal.tsx:11:3)

 [32m??[39m src/components/__tests__/CyclePromotionModal.test.tsx [2m([22m[2m7 tests[22m[2m)[22m[32m 281[2mms[22m[39m
 [32m??[39m src/components/__tests__/TierUpgradeModal.test.tsx [2m([22m[2m11 tests[22m[2m)[22m[33m 323[2mms[22m[39m
[90mstderr[2m | src/components/__tests__/ClimbGra
phic.test.tsx
[22m[39m[2026-01-19T07:05:06.601Z] [Env] ?섍꼍 蹂??
寃利??ㅽ뙣:
?꾩닔 ?섍꼍 蹂??"VITE_SUPABASE_URL"媛 ?ㅼ젙?섏? ?딆븯?듬땲??
?꾩닔 ?섍꼍 蹂??"VITE_SUPABASE_ANON_KEY"媛 ?ㅼ젙?섏? ?딆븯?듬
땲??

?꾩닔 ?섍꼍 蹂??
  - VITE_SUPABASE_URL
  - VITE_SUPABASE_ANON_KEY

.env.example ?뚯씪??李멸퀬?섏뿬 ?섍꼍 蹂?섎? ?ㅼ젙?댁＜?몄슂.
?ъ궗 ?섍꼍?먯꽌???섍꼍 蹂?섍? ?놁뼱???깆씠 ?숈옉?⑸땲??(Supabase 湲곕
뒫 ?쒗븳).

[90mstdout[2m | src/components/__tests__/ClimbGraphic.test.tsx
[22m[39m[Env] ?섍꼍 蹂???뺣낫
  [2026-01-19T07:05:06.603Z] [Env] 媛쒕컻 ?섍꼍: true
  [2026-01-19T07:05:06.603Z] [Env] ?꾨줈?뺤뀡 ?섍꼍: false
  [2026-01-19T07:05:06.603Z] [Env] Supabase URL: 誘몄꽕??  [2026-01-19T07:05:06.603Z] [Env] Supabase Anon Key: 誘몄꽕??
 [32m??[39m src/components/__tests__/ClimbGraphic.test.tsx [2m([22m[2m9 tests[22m[2m)[22m[33m 420[2mms[22m[39m
 [32m??[39m src/components/__tests__/BadgeNotification.test.tsx [2m([22m[2m9 tests[22m[2m)[22m[32m 185[2mms[22m[39m
[90mstderr[2m | src/components/__tests__/StatusCa
rd.test.tsx[2m > [22m[2mStatusCard[2m > [22m[
2mshould display error state when fetchUserData fai
ls
[22m[39mFailed to calculate user data: Error: Fai
led to get state
    at Object.<anonymous> (C:/Users/?덈옉?뚰겕_?덉쓽誘?.ge
mini/project/solve-climb/src/components/__tests__/S
tatusCard.test.tsx:93:13)
    at Object.Mock [as getState] [90m(file:///C:/U
sers/%EC%98%88%EB%9E%91%ED%85%8C%ED%81%AC_%EC%95%88
%EC%9D%98%EB%AF%BC/.gemini/project/solve-climb/[39
mnode_modules/[4m@vitest/spy[24m/dist/index.js:28
5:34[90m)[39m
    at fetchUserData (C:/Users/?덈옉?뚰겕_?덉쓽誘?.gemini/
project/solve-climb/src/components/StatusCard.tsx:2
9:50)
    at C:/Users/?덈옉?뚰겕_?덉쓽誘?.gemini/project/solve-c
limb/src/components/StatusCard.tsx:21:5
    at commitHookEffectListMount [90m(C:\Users\?덈옉
?뚰겕_?덉쓽誘?.gemini\project\solve-climb\[39mnode_modu
les\[4mreact-dom[24m\cjs\react-dom.development.js
:23189:26[90m)[39m
    at commitPassiveMountOnFiber [90m(C:\Users\?덈옉
?뚰겕_?덉쓽誘?.gemini\project\solve-climb\[39mnode_modu
les\[4mreact-dom[24m\cjs\react-dom.development.js
:24970:11[90m)[39m
    at commitPassiveMountEffects_complete [90m(C:\
Users\?덈옉?뚰겕_?덉쓽誘?.gemini\project\solve-climb\[39m
node_modules\[4mreact-dom[24m\cjs\react-dom.devel
opment.js:24930:9[90m)[39m
    at commitPassiveMountEffects_begin [90m(C:\Use
rs\?덈옉?뚰겕_?덉쓽誘?.gemini\project\solve-climb\[39mnod
e_modules\[4mreact-dom[24m\cjs\react-dom.developm
ent.js:24917:7[90m)[39m
    at commitPassiveMountEffects [90m(C:\Users\?덈옉
?뚰겕_?덉쓽誘?.gemini\project\solve-climb\[39mnode_modu
les\[4mreact-dom[24m\cjs\react-dom.development.js
:24905:3[90m)[39m
    at flushPassiveEffectsImpl [90m(C:\Users\?덈옉?뚰
겕_?덉쓽誘?.gemini\project\solve-climb\[39mnode_module
s\[4mreact-dom[24m\cjs\react-dom.development.js:2
7078:3[90m)[39m

 [32m??[39m src/components/__tests__/StatusCard.test.tsx [2m([22m[2m5 tests[22m[2m)[22m[33m 616[2mms[22m[39m
[90mstdout[2m | src/hooks/__tests__/useQuizSubmit.test.ts[2m > [22m[2museQuizSubmit[2m > [22m[2mshould handle safety rope usage on wrong answer
[22m[39m[Game] Safety Rope used! Combo protected & Retry allowed.

[90mstdout[2m | src/hooks/__tests__/useQuizSubmit.test.ts[2m > [22m[2museQuizSubmit[2m > [22m[2mshould handle flare usage in survival mode
[22m[39m[Game] Flare used! Revived in survival mode.

 [32m??[39m src/hooks/__tests__/useQuizSubmit.test.ts [2m([22m[2m59 tests[22m[2m)[22m[32m 292[2mms[22m[39m
[90mstderr[2m | src/pages/__tests__/LevelSelectPa
ge.test.tsx
[22m[39m[2026-01-19T07:05:12.519Z] [Env] ?섍꼍 蹂??
寃利??ㅽ뙣:
?꾩닔 ?섍꼍 蹂??"VITE_SUPABASE_URL"媛 ?ㅼ젙?섏? ?딆븯?듬땲??
?꾩닔 ?섍꼍 蹂??"VITE_SUPABASE_ANON_KEY"媛 ?ㅼ젙?섏? ?딆븯?듬
땲??

?꾩닔 ?섍꼍 蹂??
  - VITE_SUPABASE_URL
  - VITE_SUPABASE_ANON_KEY

.env.example ?뚯씪??李멸퀬?섏뿬 ?섍꼍 蹂?섎? ?ㅼ젙?댁＜?몄슂.
?ъ궗 ?섍꼍?먯꽌???섍꼍 蹂?섍? ?놁뼱???깆씠 ?숈옉?⑸땲??(Supabase 湲곕
뒫 ?쒗븳).

[90mstdout[2m | src/pages/__tests__/LevelSelectPage.test.tsx
[22m[39m[Env] ?섍꼍 蹂???뺣낫
  [2026-01-19T07:05:12.521Z] [Env] 媛쒕컻 ?섍꼍: true
  [2026-01-19T07:05:12.521Z] [Env] ?꾨줈?뺤뀡 ?섍꼍: false
  [2026-01-19T07:05:12.521Z] [Env] Supabase URL: 誘몄꽕??  [2026-01-19T07:05:12.521Z] [Env] Supabase Anon Key: 誘몄꽕??
 [32m??[39m src/pages/__tests__/LevelSelectPage.test.tsx [2m([22m[2m1 test[22m[2m)[22m[32m 299[2mms[22m[39m
[90mstderr[2m | src/stores/__tests__/useUserStore
.test.ts[2m > [22m[2museUserStore[2m > [22m[2
mshould initialize with default values
[22m[39mError syncing debug minerals: TypeError: 
Cannot destructure property 'data' of '(intermediat
e value)' as it is undefined.
    at Object.setMinerals (C:/Users/?덈옉?뚰겕_?덉쓽誘?.ge
mini/project/solve-climb/src/stores/useUserStore.ts
:197:15)
[90m    at processTicksAndRejections (node:interna
l/process/task_queues:105:5)[39m
Error syncing debug stamina: TypeError: Cannot dest
ructure property 'data' of '(intermediate value)' a
s it is undefined.
    at Object.setStamina (C:/Users/?덈옉?뚰겕_?덉쓽誘?.gem
ini/project/solve-climb/src/stores/useUserStore.ts:
215:15)
[90m    at processTicksAndRejections (node:interna
l/process/task_queues:105:5)[39m

[90mstderr[2m | src/stores/__tests__/useUserStore
.test.ts[2m > [22m[2museUserStore[2m > [22m[2
mshould set stamina
[22m[39mError syncing debug minerals: TypeError: 
Cannot destructure property 'data' of '(intermediat
e value)' as it is undefined.
    at Object.setMinerals (C:/Users/?덈옉?뚰겕_?덉쓽誘?.ge
mini/project/solve-climb/src/stores/useUserStore.ts
:197:15)
[90m    at processTicksAndRejections (node:interna
l/process/task_queues:105:5)[39m
Error syncing debug stamina: TypeError: Cannot dest
ructure property 'data' of '(intermediate value)' a
s it is undefined.
    at Object.setStamina (C:/Users/?덈옉?뚰겕_?덉쓽誘?.gem
ini/project/solve-climb/src/stores/useUserStore.ts:
215:15)
[90m    at processTicksAndRejections (node:interna
l/process/task_queues:105:5)[39m

[90mstderr[2m | src/stores/__tests__/useUserStore
.test.ts[2m > [22m[2museUserStore[2m > [22m[2
mshould set stamina
[22m[39mError syncing debug stamina: TypeError: C
annot destructure property 'data' of '(intermediate
 value)' as it is undefined.
    at Object.setStamina (C:/Users/?덈옉?뚰겕_?덉쓽誘?.gem
ini/project/solve-climb/src/stores/useUserStore.ts:
215:15)
[90m    at processTicksAndRejections (node:interna
l/process/task_queues:105:5)[39m

[90mstderr[2m | src/stores/__tests__/useUserStore
.test.ts[2m > [22m[2museUserStore[2m > [22m[2
mshould fetch user data successfully
[22m[39mError syncing debug minerals: TypeError: 
Cannot destructure property 'data' of '(intermediat
e value)' as it is undefined.
    at Object.setMinerals (C:/Users/?덈옉?뚰겕_?덉쓽誘?.ge
mini/project/solve-climb/src/stores/useUserStore.ts
:197:15)
[90m    at processTicksAndRejections (node:interna
l/process/task_queues:105:5)[39m
Error syncing debug stamina: TypeError: Cannot dest
ructure property 'data' of '(intermediate value)' a
s it is undefined.
    at Object.setStamina (C:/Users/?덈옉?뚰겕_?덉쓽誘?.gem
ini/project/solve-climb/src/stores/useUserStore.ts:
215:15)
[90m    at processTicksAndRejections (node:interna
l/process/task_queues:105:5)[39m

[90mstderr[2m | src/stores/__tests__/useUserStore
.test.ts[2m > [22m[2museUserStore[2m > [22m[2
mshould handle fetch user data when no user is logg
ed in
[22m[39mError syncing debug minerals: TypeError: 
__vite_ssr_import_1__.supabase.from(...).update is 
not a function
    at Object.setMinerals (C:/Users/?덈옉?뚰겕_?덉쓽誘?.ge
mini/project/solve-climb/src/stores/useUserStore.ts
:201:37)
Error syncing debug stamina: TypeError: __vite_ssr_
import_1__.supabase.from(...).update is not a funct
ion
    at Object.setStamina (C:/Users/?덈옉?뚰겕_?덉쓽誘?.gem
ini/project/solve-climb/src/stores/useUserStore.ts:
221:14)

[90mstdout[2m | src/stores/__tests__/useUserStore.test.ts[2m > [22m[2museUserStore[2m > [22m[2mshould handle fetch user data when no user is logged in
[22m[39m[UserStore] No user found, skipping fetch

[90mstderr[2m | src/stores/__tests__/useUserStore
.test.ts[2m > [22m[2museUserStore[2m > [22m[2
mshould handle fetch user data error
[22m[39mError fetching user data: Error: Network 
error
    at C:/Users/?덈옉?뚰겕_?덉쓽誘?.gemini/project/solve-c
limb/src/stores/__tests__/useUserStore.test.ts:154:
56
    at [90mfile:///C:/Users/%EC%98%88%EB%9E%91%ED%
85%8C%ED%81%AC_%EC%95%88%EC%9D%98%EB%AF%BC/.gemini/
project/solve-climb/[39mnode_modules/[4m@vitest/r
unner[24m/dist/index.js:145:11
    at [90mfile:///C:/Users/%EC%98%88%EB%9E%91%ED%
85%8C%ED%81%AC_%EC%95%88%EC%9D%98%EB%AF%BC/.gemini/
project/solve-climb/[39mnode_modules/[4m@vitest/r
unner[24m/dist/index.js:915:26
    at [90mfile:///C:/Users/%EC%98%88%EB%9E%91%ED%
85%8C%ED%81%AC_%EC%95%88%EC%9D%98%EB%AF%BC/.gemini/
project/solve-climb/[39mnode_modules/[4m@vitest/r
unner[24m/dist/index.js:1243:20
    at new Promise (<anonymous>)
    at runWithTimeout [90m(file:///C:/Users/%EC%98
%88%EB%9E%91%ED%85%8C%ED%81%AC_%EC%95%88%EC%9D%98%E
B%AF%BC/.gemini/project/solve-climb/[39mnode_modul
es/[4m@vitest/runner[24m/dist/index.js:1209:10[9
0m)[39m
    at [90mfile:///C:/Users/%EC%98%88%EB%9E%91%ED%
85%8C%ED%81%AC_%EC%95%88%EC%9D%98%EB%AF%BC/.gemini/
project/solve-climb/[39mnode_modules/[4m@vitest/r
unner[24m/dist/index.js:1653:37
    at Traces.$ [90m(file:///C:/Users/%EC%98%88%EB
%9E%91%ED%85%8C%ED%81%AC_%EC%95%88%EC%9D%98%EB%AF%B
C/.gemini/project/solve-climb/[39mnode_modules/[4
mvitest[24m/dist/chunks/traces.U4xDYhzZ.js:115:27
[90m)[39m
    at trace [90m(file:///C:/Users/%EC%98%88%EB%9E
%91%ED%85%8C%ED%81%AC_%EC%95%88%EC%9D%98%EB%AF%BC/.
gemini/project/solve-climb/[39mnode_modules/[4mvi
test[24m/dist/chunks/test.B8ej_ZHS.js:239:21[90m)
[39m
    at runTest [90m(file:///C:/Users/%EC%98%88%EB%
9E%91%ED%85%8C%ED%81%AC_%EC%95%88%EC%9D%98%EB%AF%BC
/.gemini/project/solve-climb/[39mnode_modules/[4m
@vitest/runner[24m/dist/index.js:1653:12[90m)[39
m

[90mstderr[2m | src/stores/__tests__/useUserStore
.test.ts[2m > [22m[2museUserStore[2m > [22m[2
mshould purchase item successfully
[22m[39mError syncing debug minerals: Error: Netw
ork error
    at C:/Users/?덈옉?뚰겕_?덉쓽誘?.gemini/project/solve-c
limb/src/stores/__tests__/useUserStore.test.ts:154:
56
    at [90mfile:///C:/Users/%EC%98%88%EB%9E%91%ED%
85%8C%ED%81%AC_%EC%95%88%EC%9D%98%EB%AF%BC/.gemini/
project/solve-climb/[39mnode_modules/[4m@vitest/r
unner[24m/dist/index.js:145:11
    at [90mfile:///C:/Users/%EC%98%88%EB%9E%91%ED%
85%8C%ED%81%AC_%EC%95%88%EC%9D%98%EB%AF%BC/.gemini/
project/solve-climb/[39mnode_modules/[4m@vitest/r
unner[24m/dist/index.js:915:26
    at [90mfile:///C:/Users/%EC%98%88%EB%9E%91%ED%
85%8C%ED%81%AC_%EC%95%88%EC%9D%98%EB%AF%BC/.gemini/
project/solve-climb/[39mnode_modules/[4m@vitest/r
unner[24m/dist/index.js:1243:20
    at new Promise (<anonymous>)
    at runWithTimeout [90m(file:///C:/Users/%EC%98
%88%EB%9E%91%ED%85%8C%ED%81%AC_%EC%95%88%EC%9D%98%E
B%AF%BC/.gemini/project/solve-climb/[39mnode_modul
es/[4m@vitest/runner[24m/dist/index.js:1209:10[9
0m)[39m
    at [90mfile:///C:/Users/%EC%98%88%EB%9E%91%ED%
85%8C%ED%81%AC_%EC%95%88%EC%9D%98%EB%AF%BC/.gemini/
project/solve-climb/[39mnode_modules/[4m@vitest/r
unner[24m/dist/index.js:1653:37
    at Traces.$ [90m(file:///C:/Users/%EC%98%88%EB
%9E%91%ED%85%8C%ED%81%AC_%EC%95%88%EC%9D%98%EB%AF%B
C/.gemini/project/solve-climb/[39mnode_modules/[4
mvitest[24m/dist/chunks/traces.U4xDYhzZ.js:115:27
[90m)[39m
    at trace [90m(file:///C:/Users/%EC%98%88%EB%9E
%91%ED%85%8C%ED%81%AC_%EC%95%88%EC%9D%98%EB%AF%BC/.
gemini/project/solve-climb/[39mnode_modules/[4mvi
test[24m/dist/chunks/test.B8ej_ZHS.js:239:21[90m)
[39m
    at runTest [90m(file:///C:/Users/%EC%98%88%EB%
9E%91%ED%85%8C%ED%81%AC_%EC%95%88%EC%9D%98%EB%AF%BC
/.gemini/project/solve-climb/[39mnode_modules/[4m
@vitest/runner[24m/dist/index.js:1653:12[90m)[39
m
Error syncing debug stamina: Error: Network error
    at C:/Users/?덈옉?뚰겕_?덉쓽誘?.gemini/project/solve-c
limb/src/stores/__tests__/useUserStore.test.ts:154:
56
    at [90mfile:///C:/Users/%EC%98%88%EB%9E%91%ED%
85%8C%ED%81%AC_%EC%95%88%EC%9D%98%EB%AF%BC/.gemini/
project/solve-climb/[39mnode_modules/[4m@vitest/r
unner[24m/dist/index.js:145:11
    at [90mfile:///C:/Users/%EC%98%88%EB%9E%91%ED%
85%8C%ED%81%AC_%EC%95%88%EC%9D%98%EB%AF%BC/.gemini/
project/solve-climb/[39mnode_modules/[4m@vitest/r
unner[24m/dist/index.js:915:26
    at [90mfile:///C:/Users/%EC%98%88%EB%9E%91%ED%
85%8C%ED%81%AC_%EC%95%88%EC%9D%98%EB%AF%BC/.gemini/
project/solve-climb/[39mnode_modules/[4m@vitest/r
unner[24m/dist/index.js:1243:20
    at new Promise (<anonymous>)
    at runWithTimeout [90m(file:///C:/Users/%EC%98
%88%EB%9E%91%ED%85%8C%ED%81%AC_%EC%95%88%EC%9D%98%E
B%AF%BC/.gemini/project/solve-climb/[39mnode_modul
es/[4m@vitest/runner[24m/dist/index.js:1209:10[9
0m)[39m
    at [90mfile:///C:/Users/%EC%98%88%EB%9E%91%ED%
85%8C%ED%81%AC_%EC%95%88%EC%9D%98%EB%AF%BC/.gemini/
project/solve-climb/[39mnode_modules/[4m@vitest/r
unner[24m/dist/index.js:1653:37
    at Traces.$ [90m(file:///C:/Users/%EC%98%88%EB
%9E%91%ED%85%8C%ED%81%AC_%EC%95%88%EC%9D%98%EB%AF%B
C/.gemini/project/solve-climb/[39mnode_modules/[4
mvitest[24m/dist/chunks/traces.U4xDYhzZ.js:115:27
[90m)[39m
    at trace [90m(file:///C:/Users/%EC%98%88%EB%9E
%91%ED%85%8C%ED%81%AC_%EC%95%88%EC%9D%98%EB%AF%BC/.
gemini/project/solve-climb/[39mnode_modules/[4mvi
test[24m/dist/chunks/test.B8ej_ZHS.js:239:21[90m)
[39m
    at runTest [90m(file:///C:/Users/%EC%98%88%EB%
9E%91%ED%85%8C%ED%81%AC_%EC%95%88%EC%9D%98%EB%AF%BC
/.gemini/project/solve-climb/[39mnode_modules/[4m
@vitest/runner[24m/dist/index.js:1653:12[90m)[39
m

[90mstderr[2m | src/stores/__tests__/useUserStore
.test.ts[2m > [22m[2museUserStore[2m > [22m[2
mshould handle purchase item error
[22m[39mError syncing debug minerals: TypeError: 
__vite_ssr_import_1__.supabase.from(...).update is 
not a function
    at Object.setMinerals (C:/Users/?덈옉?뚰겕_?덉쓽誘?.ge
mini/project/solve-climb/src/stores/useUserStore.ts
:201:37)
Error syncing debug stamina: TypeError: __vite_ssr_
import_1__.supabase.from(...).update is not a funct
ion
    at Object.setStamina (C:/Users/?덈옉?뚰겕_?덉쓽誘?.gem
ini/project/solve-climb/src/stores/useUserStore.ts:
221:14)

[90mstderr[2m | src/stores/__tests__/useUserStore
.test.ts[2m > [22m[2museUserStore[2m > [22m[2
mshould consume item successfully
[22m[39mError syncing debug minerals: TypeError: 
__vite_ssr_import_1__.supabase.from(...).update is 
not a function
    at Object.setMinerals (C:/Users/?덈옉?뚰겕_?덉쓽誘?.ge
mini/project/solve-climb/src/stores/useUserStore.ts
:201:37)
Error syncing debug stamina: TypeError: __vite_ssr_
import_1__.supabase.from(...).update is not a funct
ion
    at Object.setStamina (C:/Users/?덈옉?뚰겕_?덉쓽誘?.gem
ini/project/solve-climb/src/stores/useUserStore.ts:
221:14)

[90mstderr[2m | src/stores/__tests__/useUserStore
.test.ts[2m > [22m[2museUserStore[2m > [22m[2
mshould consume stamina
[22m[39mError syncing debug minerals: TypeError: 
__vite_ssr_import_1__.supabase.from(...).update is 
not a function
    at Object.setMinerals (C:/Users/?덈옉?뚰겕_?덉쓽誘?.ge
mini/project/solve-climb/src/stores/useUserStore.ts
:201:37)
Error syncing debug stamina: TypeError: __vite_ssr_
import_1__.supabase.from(...).update is not a funct
ion
    at Object.setStamina (C:/Users/?덈옉?뚰겕_?덉쓽誘?.gem
ini/project/solve-climb/src/stores/useUserStore.ts:
221:14)

[90mstderr[2m | src/stores/__tests__/useUserStore
.test.ts[2m > [22m[2museUserStore[2m > [22m[2
mshould consume stamina
[22m[39mError syncing debug stamina: TypeError: _
_vite_ssr_import_1__.supabase.from(...).update is n
ot a function
    at Object.setStamina (C:/Users/?덈옉?뚰겕_?덉쓽誘?.gem
ini/project/solve-climb/src/stores/useUserStore.ts:
221:14)
    at C:/Users/?덈옉?뚰겕_?덉쓽誘?.gemini/project/solve-c
limb/src/stores/__tests__/useUserStore.test.ts:240:
7

[90mstderr[2m | src/stores/__tests__/useUserStore
.test.ts[2m > [22m[2museUserStore[2m > [22m[2
mshould check stamina successfully
[22m[39mError syncing debug minerals: Error: Upda
te failed
    at C:/Users/?덈옉?뚰겕_?덉쓽誘?.gemini/project/solve-c
limb/src/stores/__tests__/useUserStore.test.ts:400:
39
    at [90mfile:///C:/Users/%EC%98%88%EB%9E%91%ED%
85%8C%ED%81%AC_%EC%95%88%EC%9D%98%EB%AF%BC/.gemini/
project/solve-climb/[39mnode_modules/[4m@vitest/r
unner[24m/dist/index.js:145:11
    at [90mfile:///C:/Users/%EC%98%88%EB%9E%91%ED%
85%8C%ED%81%AC_%EC%95%88%EC%9D%98%EB%AF%BC/.gemini/
project/solve-climb/[39mnode_modules/[4m@vitest/r
unner[24m/dist/index.js:915:26
    at [90mfile:///C:/Users/%EC%98%88%EB%9E%91%ED%
85%8C%ED%81%AC_%EC%95%88%EC%9D%98%EB%AF%BC/.gemini/
project/solve-climb/[39mnode_modules/[4m@vitest/r
unner[24m/dist/index.js:1243:20
    at new Promise (<anonymous>)
    at runWithTimeout [90m(file:///C:/Users/%EC%98
%88%EB%9E%91%ED%85%8C%ED%81%AC_%EC%95%88%EC%9D%98%E
B%AF%BC/.gemini/project/solve-climb/[39mnode_modul
es/[4m@vitest/runner[24m/dist/index.js:1209:10[9
0m)[39m
    at [90mfile:///C:/Users/%EC%98%88%EB%9E%91%ED%
85%8C%ED%81%AC_%EC%95%88%EC%9D%98%EB%AF%BC/.gemini/
project/solve-climb/[39mnode_modules/[4m@vitest/r
unner[24m/dist/index.js:1653:37
    at Traces.$ [90m(file:///C:/Users/%EC%98%88%EB
%9E%91%ED%85%8C%ED%81%AC_%EC%95%88%EC%9D%98%EB%AF%B
C/.gemini/project/solve-climb/[39mnode_modules/[4
mvitest[24m/dist/chunks/traces.U4xDYhzZ.js:115:27
[90m)[39m
    at trace [90m(file:///C:/Users/%EC%98%88%EB%9E
%91%ED%85%8C%ED%81%AC_%EC%95%88%EC%9D%98%EB%AF%BC/.
gemini/project/solve-climb/[39mnode_modules/[4mvi
test[24m/dist/chunks/test.B8ej_ZHS.js:239:21[90m)
[39m
    at runTest [90m(file:///C:/Users/%EC%98%88%EB%
9E%91%ED%85%8C%ED%81%AC_%EC%95%88%EC%9D%98%EB%AF%BC
/.gemini/project/solve-climb/[39mnode_modules/[4m
@vitest/runner[24m/dist/index.js:1653:12[90m)[39
m
Error syncing debug stamina: Error: Update failed
    at C:/Users/?덈옉?뚰겕_?덉쓽誘?.gemini/project/solve-c
limb/src/stores/__tests__/useUserStore.test.ts:400:
39
    at [90mfile:///C:/Users/%EC%98%88%EB%9E%91%ED%
85%8C%ED%81%AC_%EC%95%88%EC%9D%98%EB%AF%BC/.gemini/
project/solve-climb/[39mnode_modules/[4m@vitest/r
unner[24m/dist/index.js:145:11
    at [90mfile:///C:/Users/%EC%98%88%EB%9E%91%ED%
85%8C%ED%81%AC_%EC%95%88%EC%9D%98%EB%AF%BC/.gemini/
project/solve-climb/[39mnode_modules/[4m@vitest/r
unner[24m/dist/index.js:915:26
    at [90mfile:///C:/Users/%EC%98%88%EB%9E%91%ED%
85%8C%ED%81%AC_%EC%95%88%EC%9D%98%EB%AF%BC/.gemini/
project/solve-climb/[39mnode_modules/[4m@vitest/r
unner[24m/dist/index.js:1243:20
    at new Promise (<anonymous>)
    at runWithTimeout [90m(file:///C:/Users/%EC%98
%88%EB%9E%91%ED%85%8C%ED%81%AC_%EC%95%88%EC%9D%98%E
B%AF%BC/.gemini/project/solve-climb/[39mnode_modul
es/[4m@vitest/runner[24m/dist/index.js:1209:10[9
0m)[39m
    at [90mfile:///C:/Users/%EC%98%88%EB%9E%91%ED%
85%8C%ED%81%AC_%EC%95%88%EC%9D%98%EB%AF%BC/.gemini/
project/solve-climb/[39mnode_modules/[4m@vitest/r
unner[24m/dist/index.js:1653:37
    at Traces.$ [90m(file:///C:/Users/%EC%98%88%EB
%9E%91%ED%85%8C%ED%81%AC_%EC%95%88%EC%9D%98%EB%AF%B
C/.gemini/project/solve-climb/[39mnode_modules/[4
mvitest[24m/dist/chunks/traces.U4xDYhzZ.js:115:27
[90m)[39m
    at trace [90m(file:///C:/Users/%EC%98%88%EB%9E
%91%ED%85%8C%ED%81%AC_%EC%95%88%EC%9D%98%EB%AF%BC/.
gemini/project/solve-climb/[39mnode_modules/[4mvi
test[24m/dist/chunks/test.B8ej_ZHS.js:239:21[90m)
[39m
    at runTest [90m(file:///C:/Users/%EC%98%88%EB%
9E%91%ED%85%8C%ED%81%AC_%EC%95%88%EC%9D%98%EB%AF%BC
/.gemini/project/solve-climb/[39mnode_modules/[4m
@vitest/runner[24m/dist/index.js:1653:12[90m)[39
m

[90mstderr[2m | src/stores/__tests__/useUserStore
.test.ts[2m > [22m[2museUserStore[2m > [22m[2
mshould handle checkStamina when no session
[22m[39mError syncing debug minerals: Error: Upda
te failed
    at C:/Users/?덈옉?뚰겕_?덉쓽誘?.gemini/project/solve-c
limb/src/stores/__tests__/useUserStore.test.ts:400:
39
    at [90mfile:///C:/Users/%EC%98%88%EB%9E%91%ED%
85%8C%ED%81%AC_%EC%95%88%EC%9D%98%EB%AF%BC/.gemini/
project/solve-climb/[39mnode_modules/[4m@vitest/r
unner[24m/dist/index.js:145:11
    at [90mfile:///C:/Users/%EC%98%88%EB%9E%91%ED%
85%8C%ED%81%AC_%EC%95%88%EC%9D%98%EB%AF%BC/.gemini/
project/solve-climb/[39mnode_modules/[4m@vitest/r
unner[24m/dist/index.js:915:26
    at [90mfile:///C:/Users/%EC%98%88%EB%9E%91%ED%
85%8C%ED%81%AC_%EC%95%88%EC%9D%98%EB%AF%BC/.gemini/
project/solve-climb/[39mnode_modules/[4m@vitest/r
unner[24m/dist/index.js:1243:20
    at new Promise (<anonymous>)
    at runWithTimeout [90m(file:///C:/Users/%EC%98
%88%EB%9E%91%ED%85%8C%ED%81%AC_%EC%95%88%EC%9D%98%E
B%AF%BC/.gemini/project/solve-climb/[39mnode_modul
es/[4m@vitest/runner[24m/dist/index.js:1209:10[9
0m)[39m
    at [90mfile:///C:/Users/%EC%98%88%EB%9E%91%ED%
85%8C%ED%81%AC_%EC%95%88%EC%9D%98%EB%AF%BC/.gemini/
project/solve-climb/[39mnode_modules/[4m@vitest/r
unner[24m/dist/index.js:1653:37
    at Traces.$ [90m(file:///C:/Users/%EC%98%88%EB
%9E%91%ED%85%8C%ED%81%AC_%EC%95%88%EC%9D%98%EB%AF%B
C/.gemini/project/solve-climb/[39mnode_modules/[4
mvitest[24m/dist/chunks/traces.U4xDYhzZ.js:115:27
[90m)[39m
    at trace [90m(file:///C:/Users/%EC%98%88%EB%9E
%91%ED%85%8C%ED%81%AC_%EC%95%88%EC%9D%98%EB%AF%BC/.
gemini/project/solve-climb/[39mnode_modules/[4mvi
test[24m/dist/chunks/test.B8ej_ZHS.js:239:21[90m)
[39m
    at runTest [90m(file:///C:/Users/%EC%98%88%EB%
9E%91%ED%85%8C%ED%81%AC_%EC%95%88%EC%9D%98%EB%AF%BC
/.gemini/project/solve-climb/[39mnode_modules/[4m
@vitest/runner[24m/dist/index.js:1653:12[90m)[39
m
Error syncing debug stamina: Error: Update failed
    at C:/Users/?덈옉?뚰겕_?덉쓽誘?.gemini/project/solve-c
limb/src/stores/__tests__/useUserStore.test.ts:400:
39
    at [90mfile:///C:/Users/%EC%98%88%EB%9E%91%ED%
85%8C%ED%81%AC_%EC%95%88%EC%9D%98%EB%AF%BC/.gemini/
project/solve-climb/[39mnode_modules/[4m@vitest/r
unner[24m/dist/index.js:145:11
    at [90mfile:///C:/Users/%EC%98%88%EB%9E%91%ED%
85%8C%ED%81%AC_%EC%95%88%EC%9D%98%EB%AF%BC/.gemini/
project/solve-climb/[39mnode_modules/[4m@vitest/r
unner[24m/dist/index.js:915:26
    at [90mfile:///C:/Users/%EC%98%88%EB%9E%91%ED%
85%8C%ED%81%AC_%EC%95%88%EC%9D%98%EB%AF%BC/.gemini/
project/solve-climb/[39mnode_modules/[4m@vitest/r
unner[24m/dist/index.js:1243:20
    at new Promise (<anonymous>)
    at runWithTimeout [90m(file:///C:/Users/%EC%98
%88%EB%9E%91%ED%85%8C%ED%81%AC_%EC%95%88%EC%9D%98%E
B%AF%BC/.gemini/project/solve-climb/[39mnode_modul
es/[4m@vitest/runner[24m/dist/index.js:1209:10[9
0m)[39m
    at [90mfile:///C:/Users/%EC%98%88%EB%9E%91%ED%
85%8C%ED%81%AC_%EC%95%88%EC%9D%98%EB%AF%BC/.gemini/
project/solve-climb/[39mnode_modules/[4m@vitest/r
unner[24m/dist/index.js:1653:37
    at Traces.$ [90m(file:///C:/Users/%EC%98%88%EB
%9E%91%ED%85%8C%ED%81%AC_%EC%95%88%EC%9D%98%EB%AF%B
C/.gemini/project/solve-climb/[39mnode_modules/[4
mvitest[24m/dist/chunks/traces.U4xDYhzZ.js:115:27
[90m)[39m
    at trace [90m(file:///C:/Users/%EC%98%88%EB%9E
%91%ED%85%8C%ED%81%AC_%EC%95%88%EC%9D%98%EB%AF%BC/.
gemini/project/solve-climb/[39mnode_modules/[4mvi
test[24m/dist/chunks/test.B8ej_ZHS.js:239:21[90m)
[39m
    at runTest [90m(file:///C:/Users/%EC%98%88%EB%
9E%91%ED%85%8C%ED%81%AC_%EC%95%88%EC%9D%98%EB%AF%BC
/.gemini/project/solve-climb/[39mnode_modules/[4m
@vitest/runner[24m/dist/index.js:1653:12[90m)[39
m

[90mstderr[2m | src/stores/__tests__/useUserStore
.test.ts[2m > [22m[2museUserStore[2m > [22m[2
mshould handle checkStamina when data.stamina is no
t a number
[22m[39mError syncing debug minerals: Error: Upda
te failed
    at C:/Users/?덈옉?뚰겕_?덉쓽誘?.gemini/project/solve-c
limb/src/stores/__tests__/useUserStore.test.ts:400:
39
    at [90mfile:///C:/Users/%EC%98%88%EB%9E%91%ED%
85%8C%ED%81%AC_%EC%95%88%EC%9D%98%EB%AF%BC/.gemini/
project/solve-climb/[39mnode_modules/[4m@vitest/r
unner[24m/dist/index.js:145:11
    at [90mfile:///C:/Users/%EC%98%88%EB%9E%91%ED%
85%8C%ED%81%AC_%EC%95%88%EC%9D%98%EB%AF%BC/.gemini/
project/solve-climb/[39mnode_modules/[4m@vitest/r
unner[24m/dist/index.js:915:26
    at [90mfile:///C:/Users/%EC%98%88%EB%9E%91%ED%
85%8C%ED%81%AC_%EC%95%88%EC%9D%98%EB%AF%BC/.gemini/
project/solve-climb/[39mnode_modules/[4m@vitest/r
unner[24m/dist/index.js:1243:20
    at new Promise (<anonymous>)
    at runWithTimeout [90m(file:///C:/Users/%EC%98
%88%EB%9E%91%ED%85%8C%ED%81%AC_%EC%95%88%EC%9D%98%E
B%AF%BC/.gemini/project/solve-climb/[39mnode_modul
es/[4m@vitest/runner[24m/dist/index.js:1209:10[9
0m)[39m
    at [90mfile:///C:/Users/%EC%98%88%EB%9E%91%ED%
85%8C%ED%81%AC_%EC%95%88%EC%9D%98%EB%AF%BC/.gemini/
project/solve-climb/[39mnode_modules/[4m@vitest/r
unner[24m/dist/index.js:1653:37
    at Traces.$ [90m(file:///C:/Users/%EC%98%88%EB
%9E%91%ED%85%8C%ED%81%AC_%EC%95%88%EC%9D%98%EB%AF%B
C/.gemini/project/solve-climb/[39mnode_modules/[4
mvitest[24m/dist/chunks/traces.U4xDYhzZ.js:115:27
[90m)[39m
    at trace [90m(file:///C:/Users/%EC%98%88%EB%9E
%91%ED%85%8C%ED%81%AC_%EC%95%88%EC%9D%98%EB%AF%BC/.
gemini/project/solve-climb/[39mnode_modules/[4mvi
test[24m/dist/chunks/test.B8ej_ZHS.js:239:21[90m)
[39m
    at runTest [90m(file:///C:/Users/%EC%98%88%EB%
9E%91%ED%85%8C%ED%81%AC_%EC%95%88%EC%9D%98%EB%AF%BC
/.gemini/project/solve-climb/[39mnode_modules/[4m
@vitest/runner[24m/dist/index.js:1653:12[90m)[39
m
Error syncing debug stamina: Error: Update failed
    at C:/Users/?덈옉?뚰겕_?덉쓽誘?.gemini/project/solve-c
limb/src/stores/__tests__/useUserStore.test.ts:400:
39
    at [90mfile:///C:/Users/%EC%98%88%EB%9E%91%ED%
85%8C%ED%81%AC_%EC%95%88%EC%9D%98%EB%AF%BC/.gemini/
project/solve-climb/[39mnode_modules/[4m@vitest/r
unner[24m/dist/index.js:145:11
    at [90mfile:///C:/Users/%EC%98%88%EB%9E%91%ED%
85%8C%ED%81%AC_%EC%95%88%EC%9D%98%EB%AF%BC/.gemini/
project/solve-climb/[39mnode_modules/[4m@vitest/r
unner[24m/dist/index.js:915:26
    at [90mfile:///C:/Users/%EC%98%88%EB%9E%91%ED%
85%8C%ED%81%AC_%EC%95%88%EC%9D%98%EB%AF%BC/.gemini/
project/solve-climb/[39mnode_modules/[4m@vitest/r
unner[24m/dist/index.js:1243:20
    at new Promise (<anonymous>)
    at runWithTimeout [90m(file:///C:/Users/%EC%98
%88%EB%9E%91%ED%85%8C%ED%81%AC_%EC%95%88%EC%9D%98%E
B%AF%BC/.gemini/project/solve-climb/[39mnode_modul
es/[4m@vitest/runner[24m/dist/index.js:1209:10[9
0m)[39m
    at [90mfile:///C:/Users/%EC%98%88%EB%9E%91%ED%
85%8C%ED%81%AC_%EC%95%88%EC%9D%98%EB%AF%BC/.gemini/
project/solve-climb/[39mnode_modules/[4m@vitest/r
unner[24m/dist/index.js:1653:37
    at Traces.$ [90m(file:///C:/Users/%EC%98%88%EB
%9E%91%ED%85%8C%ED%81%AC_%EC%95%88%EC%9D%98%EB%AF%B
C/.gemini/project/solve-climb/[39mnode_modules/[4
mvitest[24m/dist/chunks/traces.U4xDYhzZ.js:115:27
[90m)[39m
    at trace [90m(file:///C:/Users/%EC%98%88%EB%9E
%91%ED%85%8C%ED%81%AC_%EC%95%88%EC%9D%98%EB%AF%BC/.
gemini/project/solve-climb/[39mnode_modules/[4mvi
test[24m/dist/chunks/test.B8ej_ZHS.js:239:21[90m)
[39m
    at runTest [90m(file:///C:/Users/%EC%98%88%EB%
9E%91%ED%85%8C%ED%81%AC_%EC%95%88%EC%9D%98%EB%AF%BC
/.gemini/project/solve-climb/[39mnode_modules/[4m
@vitest/runner[24m/dist/index.js:1653:12[90m)[39
m

[90mstderr[2m | src/stores/__tests__/useUserStore
.test.ts[2m > [22m[2museUserStore[2m > [22m[2
mshould throttle consumeStamina calls
[22m[39mError syncing debug minerals: Error: Upda
te failed
    at C:/Users/?덈옉?뚰겕_?덉쓽誘?.gemini/project/solve-c
limb/src/stores/__tests__/useUserStore.test.ts:400:
39
    at [90mfile:///C:/Users/%EC%98%88%EB%9E%91%ED%
85%8C%ED%81%AC_%EC%95%88%EC%9D%98%EB%AF%BC/.gemini/
project/solve-climb/[39mnode_modules/[4m@vitest/r
unner[24m/dist/index.js:145:11
    at [90mfile:///C:/Users/%EC%98%88%EB%9E%91%ED%
85%8C%ED%81%AC_%EC%95%88%EC%9D%98%EB%AF%BC/.gemini/
project/solve-climb/[39mnode_modules/[4m@vitest/r
unner[24m/dist/index.js:915:26
    at [90mfile:///C:/Users/%EC%98%88%EB%9E%91%ED%
85%8C%ED%81%AC_%EC%95%88%EC%9D%98%EB%AF%BC/.gemini/
project/solve-climb/[39mnode_modules/[4m@vitest/r
unner[24m/dist/index.js:1243:20
    at new Promise (<anonymous>)
    at runWithTimeout [90m(file:///C:/Users/%EC%98
%88%EB%9E%91%ED%85%8C%ED%81%AC_%EC%95%88%EC%9D%98%E
B%AF%BC/.gemini/project/solve-climb/[39mnode_modul
es/[4m@vitest/runner[24m/dist/index.js:1209:10[9
0m)[39m
    at [90mfile:///C:/Users/%EC%98%88%EB%9E%91%ED%
85%8C%ED%81%AC_%EC%95%88%EC%9D%98%EB%AF%BC/.gemini/
project/solve-climb/[39mnode_modules/[4m@vitest/r
unner[24m/dist/index.js:1653:37
    at Traces.$ [90m(file:///C:/Users/%EC%98%88%EB
%9E%91%ED%85%8C%ED%81%AC_%EC%95%88%EC%9D%98%EB%AF%B
C/.gemini/project/solve-climb/[39mnode_modules/[4
mvitest[24m/dist/chunks/traces.U4xDYhzZ.js:115:27
[90m)[39m
    at trace [90m(file:///C:/Users/%EC%98%88%EB%9E
%91%ED%85%8C%ED%81%AC_%EC%95%88%EC%9D%98%EB%AF%BC/.
gemini/project/solve-climb/[39mnode_modules/[4mvi
test[24m/dist/chunks/test.B8ej_ZHS.js:239:21[90m)
[39m
    at runTest [90m(file:///C:/Users/%EC%98%88%EB%
9E%91%ED%85%8C%ED%81%AC_%EC%95%88%EC%9D%98%EB%AF%BC
/.gemini/project/solve-climb/[39mnode_modules/[4m
@vitest/runner[24m/dist/index.js:1653:12[90m)[39
m
Error syncing debug stamina: Error: Update failed
    at C:/Users/?덈옉?뚰겕_?덉쓽誘?.gemini/project/solve-c
limb/src/stores/__tests__/useUserStore.test.ts:400:
39
    at [90mfile:///C:/Users/%EC%98%88%EB%9E%91%ED%
85%8C%ED%81%AC_%EC%95%88%EC%9D%98%EB%AF%BC/.gemini/
project/solve-climb/[39mnode_modules/[4m@vitest/r
unner[24m/dist/index.js:145:11
    at [90mfile:///C:/Users/%EC%98%88%EB%9E%91%ED%
85%8C%ED%81%AC_%EC%95%88%EC%9D%98%EB%AF%BC/.gemini/
project/solve-climb/[39mnode_modules/[4m@vitest/r
unner[24m/dist/index.js:915:26
    at [90mfile:///C:/Users/%EC%98%88%EB%9E%91%ED%
85%8C%ED%81%AC_%EC%95%88%EC%9D%98%EB%AF%BC/.gemini/
project/solve-climb/[39mnode_modules/[4m@vitest/r
unner[24m/dist/index.js:1243:20
    at new Promise (<anonymous>)
    at runWithTimeout [90m(file:///C:/Users/%EC%98
%88%EB%9E%91%ED%85%8C%ED%81%AC_%EC%95%88%EC%9D%98%E
B%AF%BC/.gemini/project/solve-climb/[39mnode_modul
es/[4m@vitest/runner[24m/dist/index.js:1209:10[9
0m)[39m
    at [90mfile:///C:/Users/%EC%98%88%EB%9E%91%ED%
85%8C%ED%81%AC_%EC%95%88%EC%9D%98%EB%AF%BC/.gemini/
project/solve-climb/[39mnode_modules/[4m@vitest/r
unner[24m/dist/index.js:1653:37
    at Traces.$ [90m(file:///C:/Users/%EC%98%88%EB
%9E%91%ED%85%8C%ED%81%AC_%EC%95%88%EC%9D%98%EB%AF%B
C/.gemini/project/solve-climb/[39mnode_modules/[4
mvitest[24m/dist/chunks/traces.U4xDYhzZ.js:115:27
[90m)[39m
    at trace [90m(file:///C:/Users/%EC%98%88%EB%9E
%91%ED%85%8C%ED%81%AC_%EC%95%88%EC%9D%98%EB%AF%BC/.
gemini/project/solve-climb/[39mnode_modules/[4mvi
test[24m/dist/chunks/test.B8ej_ZHS.js:239:21[90m)
[39m
    at runTest [90m(file:///C:/Users/%EC%98%88%EB%
9E%91%ED%85%8C%ED%81%AC_%EC%95%88%EC%9D%98%EB%AF%BC
/.gemini/project/solve-climb/[39mnode_modules/[4m
@vitest/runner[24m/dist/index.js:1653:12[90m)[39
m

[90mstderr[2m | src/stores/__tests__/useUserStore
.test.ts[2m > [22m[2museUserStore[2m > [22m[2
mshould throttle consumeStamina calls
[22m[39mError syncing debug stamina: Error: Updat
e failed
    at C:/Users/?덈옉?뚰겕_?덉쓽誘?.gemini/project/solve-c
limb/src/stores/__tests__/useUserStore.test.ts:400:
39
    at [90mfile:///C:/Users/%EC%98%88%EB%9E%91%ED%
85%8C%ED%81%AC_%EC%95%88%EC%9D%98%EB%AF%BC/.gemini/
project/solve-climb/[39mnode_modules/[4m@vitest/r
unner[24m/dist/index.js:145:11
    at [90mfile:///C:/Users/%EC%98%88%EB%9E%91%ED%
85%8C%ED%81%AC_%EC%95%88%EC%9D%98%EB%AF%BC/.gemini/
project/solve-climb/[39mnode_modules/[4m@vitest/r
unner[24m/dist/index.js:915:26
    at [90mfile:///C:/Users/%EC%98%88%EB%9E%91%ED%
85%8C%ED%81%AC_%EC%95%88%EC%9D%98%EB%AF%BC/.gemini/
project/solve-climb/[39mnode_modules/[4m@vitest/r
unner[24m/dist/index.js:1243:20
    at new Promise (<anonymous>)
    at runWithTimeout [90m(file:///C:/Users/%EC%98
%88%EB%9E%91%ED%85%8C%ED%81%AC_%EC%95%88%EC%9D%98%E
B%AF%BC/.gemini/project/solve-climb/[39mnode_modul
es/[4m@vitest/runner[24m/dist/index.js:1209:10[9
0m)[39m
    at [90mfile:///C:/Users/%EC%98%88%EB%9E%91%ED%
85%8C%ED%81%AC_%EC%95%88%EC%9D%98%EB%AF%BC/.gemini/
project/solve-climb/[39mnode_modules/[4m@vitest/r
unner[24m/dist/index.js:1653:37
    at Traces.$ [90m(file:///C:/Users/%EC%98%88%EB
%9E%91%ED%85%8C%ED%81%AC_%EC%95%88%EC%9D%98%EB%AF%B
C/.gemini/project/solve-climb/[39mnode_modules/[4
mvitest[24m/dist/chunks/traces.U4xDYhzZ.js:115:27
[90m)[39m
    at trace [90m(file:///C:/Users/%EC%98%88%EB%9E
%91%ED%85%8C%ED%81%AC_%EC%95%88%EC%9D%98%EB%AF%BC/.
gemini/project/solve-climb/[39mnode_modules/[4mvi
test[24m/dist/chunks/test.B8ej_ZHS.js:239:21[90m)
[39m
    at runTest [90m(file:///C:/Users/%EC%98%88%EB%
9E%91%ED%85%8C%ED%81%AC_%EC%95%88%EC%9D%98%EB%AF%BC
/.gemini/project/solve-climb/[39mnode_modules/[4m
@vitest/runner[24m/dist/index.js:1653:12[90m)[39
m

[90mstderr[2m | src/stores/__tests__/useUserStore
.test.ts[2m > [22m[2museUserStore[2m > [22m[2
mshould handle consumeStamina when success is false
[22m[39mError syncing debug minerals: Error: Upda
te failed
    at C:/Users/?덈옉?뚰겕_?덉쓽誘?.gemini/project/solve-c
limb/src/stores/__tests__/useUserStore.test.ts:400:
39
    at [90mfile:///C:/Users/%EC%98%88%EB%9E%91%ED%
85%8C%ED%81%AC_%EC%95%88%EC%9D%98%EB%AF%BC/.gemini/
project/solve-climb/[39mnode_modules/[4m@vitest/r
unner[24m/dist/index.js:145:11
    at [90mfile:///C:/Users/%EC%98%88%EB%9E%91%ED%
85%8C%ED%81%AC_%EC%95%88%EC%9D%98%EB%AF%BC/.gemini/
project/solve-climb/[39mnode_modules/[4m@vitest/r
unner[24m/dist/index.js:915:26
    at [90mfile:///C:/Users/%EC%98%88%EB%9E%91%ED%
85%8C%ED%81%AC_%EC%95%88%EC%9D%98%EB%AF%BC/.gemini/
project/solve-climb/[39mnode_modules/[4m@vitest/r
unner[24m/dist/index.js:1243:20
    at new Promise (<anonymous>)
    at runWithTimeout [90m(file:///C:/Users/%EC%98
%88%EB%9E%91%ED%85%8C%ED%81%AC_%EC%95%88%EC%9D%98%E
B%AF%BC/.gemini/project/solve-climb/[39mnode_modul
es/[4m@vitest/runner[24m/dist/index.js:1209:10[9
0m)[39m
    at [90mfile:///C:/Users/%EC%98%88%EB%9E%91%ED%
85%8C%ED%81%AC_%EC%95%88%EC%9D%98%EB%AF%BC/.gemini/
project/solve-climb/[39mnode_modules/[4m@vitest/r
unner[24m/dist/index.js:1653:37
    at Traces.$ [90m(file:///C:/Users/%EC%98%88%EB
%9E%91%ED%85%8C%ED%81%AC_%EC%95%88%EC%9D%98%EB%AF%B
C/.gemini/project/solve-climb/[39mnode_modules/[4
mvitest[24m/dist/chunks/traces.U4xDYhzZ.js:115:27
[90m)[39m
    at trace [90m(file:///C:/Users/%EC%98%88%EB%9E
%91%ED%85%8C%ED%81%AC_%EC%95%88%EC%9D%98%EB%AF%BC/.
gemini/project/solve-climb/[39mnode_modules/[4mvi
test[24m/dist/chunks/test.B8ej_ZHS.js:239:21[90m)
[39m
    at runTest [90m(file:///C:/Users/%EC%98%88%EB%
9E%91%ED%85%8C%ED%81%AC_%EC%95%88%EC%9D%98%EB%AF%BC
/.gemini/project/solve-climb/[39mnode_modules/[4m
@vitest/runner[24m/dist/index.js:1653:12[90m)[39
m
Error syncing debug stamina: Error: Update failed
    at C:/Users/?덈옉?뚰겕_?덉쓽誘?.gemini/project/solve-c
limb/src/stores/__tests__/useUserStore.test.ts:400:
39
    at [90mfile:///C:/Users/%EC%98%88%EB%9E%91%ED%
85%8C%ED%81%AC_%EC%95%88%EC%9D%98%EB%AF%BC/.gemini/
project/solve-climb/[39mnode_modules/[4m@vitest/r
unner[24m/dist/index.js:145:11
    at [90mfile:///C:/Users/%EC%98%88%EB%9E%91%ED%
85%8C%ED%81%AC_%EC%95%88%EC%9D%98%EB%AF%BC/.gemini/
project/solve-climb/[39mnode_modules/[4m@vitest/r
unner[24m/dist/index.js:915:26
    at [90mfile:///C:/Users/%EC%98%88%EB%9E%91%ED%
85%8C%ED%81%AC_%EC%95%88%EC%9D%98%EB%AF%BC/.gemini/
project/solve-climb/[39mnode_modules/[4m@vitest/r
unner[24m/dist/index.js:1243:20
    at new Promise (<anonymous>)
    at runWithTimeout [90m(file:///C:/Users/%EC%98
%88%EB%9E%91%ED%85%8C%ED%81%AC_%EC%95%88%EC%9D%98%E
B%AF%BC/.gemini/project/solve-climb/[39mnode_modul
es/[4m@vitest/runner[24m/dist/index.js:1209:10[9
0m)[39m
    at [90mfile:///C:/Users/%EC%98%88%EB%9E%91%ED%
85%8C%ED%81%AC_%EC%95%88%EC%9D%98%EB%AF%BC/.gemini/
project/solve-climb/[39mnode_modules/[4m@vitest/r
unner[24m/dist/index.js:1653:37
    at Traces.$ [90m(file:///C:/Users/%EC%98%88%EB
%9E%91%ED%85%8C%ED%81%AC_%EC%95%88%EC%9D%98%EB%AF%B
C/.gemini/project/solve-climb/[39mnode_modules/[4
mvitest[24m/dist/chunks/traces.U4xDYhzZ.js:115:27
[90m)[39m
    at trace [90m(file:///C:/Users/%EC%98%88%EB%9E
%91%ED%85%8C%ED%81%AC_%EC%95%88%EC%9D%98%EB%AF%BC/.
gemini/project/solve-climb/[39mnode_modules/[4mvi
test[24m/dist/chunks/test.B8ej_ZHS.js:239:21[90m)
[39m
    at runTest [90m(file:///C:/Users/%EC%98%88%EB%
9E%91%ED%85%8C%ED%81%AC_%EC%95%88%EC%9D%98%EB%AF%BC
/.gemini/project/solve-climb/[39mnode_modules/[4m
@vitest/runner[24m/dist/index.js:1653:12[90m)[39
m

[90mstderr[2m | src/stores/__tests__/useUserStore
.test.ts[2m > [22m[2museUserStore[2m > [22m[2
mshould handle consumeStamina when success is false
[22m[39mError syncing debug stamina: Error: Updat
e failed
    at C:/Users/?덈옉?뚰겕_?덉쓽誘?.gemini/project/solve-c
limb/src/stores/__tests__/useUserStore.test.ts:400:
39
    at [90mfile:///C:/Users/%EC%98%88%EB%9E%91%ED%
85%8C%ED%81%AC_%EC%95%88%EC%9D%98%EB%AF%BC/.gemini/
project/solve-climb/[39mnode_modules/[4m@vitest/r
unner[24m/dist/index.js:145:11
    at [90mfile:///C:/Users/%EC%98%88%EB%9E%91%ED%
85%8C%ED%81%AC_%EC%95%88%EC%9D%98%EB%AF%BC/.gemini/
project/solve-climb/[39mnode_modules/[4m@vitest/r
unner[24m/dist/index.js:915:26
    at [90mfile:///C:/Users/%EC%98%88%EB%9E%91%ED%
85%8C%ED%81%AC_%EC%95%88%EC%9D%98%EB%AF%BC/.gemini/
project/solve-climb/[39mnode_modules/[4m@vitest/r
unner[24m/dist/index.js:1243:20
    at new Promise (<anonymous>)
    at runWithTimeout [90m(file:///C:/Users/%EC%98
%88%EB%9E%91%ED%85%8C%ED%81%AC_%EC%95%88%EC%9D%98%E
B%AF%BC/.gemini/project/solve-climb/[39mnode_modul
es/[4m@vitest/runner[24m/dist/index.js:1209:10[9
0m)[39m
    at [90mfile:///C:/Users/%EC%98%88%EB%9E%91%ED%
85%8C%ED%81%AC_%EC%95%88%EC%9D%98%EB%AF%BC/.gemini/
project/solve-climb/[39mnode_modules/[4m@vitest/r
unner[24m/dist/index.js:1653:37
    at Traces.$ [90m(file:///C:/Users/%EC%98%88%EB
%9E%91%ED%85%8C%ED%81%AC_%EC%95%88%EC%9D%98%EB%AF%B
C/.gemini/project/solve-climb/[39mnode_modules/[4
mvitest[24m/dist/chunks/traces.U4xDYhzZ.js:115:27
[90m)[39m
    at trace [90m(file:///C:/Users/%EC%98%88%EB%9E
%91%ED%85%8C%ED%81%AC_%EC%95%88%EC%9D%98%EB%AF%BC/.
gemini/project/solve-climb/[39mnode_modules/[4mvi
test[24m/dist/chunks/test.B8ej_ZHS.js:239:21[90m)
[39m
    at runTest [90m(file:///C:/Users/%EC%98%88%EB%
9E%91%ED%85%8C%ED%81%AC_%EC%95%88%EC%9D%98%EB%AF%BC
/.gemini/project/solve-climb/[39mnode_modules/[4m
@vitest/runner[24m/dist/index.js:1653:12[90m)[39
m

[90mstderr[2m | src/stores/__tests__/useUserStore
.test.ts[2m > [22m[2museUserStore[2m > [22m[2
mshould recover stamina from ads
[22m[39mError syncing debug minerals: Error: Upda
te failed
    at C:/Users/?덈옉?뚰겕_?덉쓽誘?.gemini/project/solve-c
limb/src/stores/__tests__/useUserStore.test.ts:400:
39
    at [90mfile:///C:/Users/%EC%98%88%EB%9E%91%ED%
85%8C%ED%81%AC_%EC%95%88%EC%9D%98%EB%AF%BC/.gemini/
project/solve-climb/[39mnode_modules/[4m@vitest/r
unner[24m/dist/index.js:145:11
    at [90mfile:///C:/Users/%EC%98%88%EB%9E%91%ED%
85%8C%ED%81%AC_%EC%95%88%EC%9D%98%EB%AF%BC/.gemini/
project/solve-climb/[39mnode_modules/[4m@vitest/r
unner[24m/dist/index.js:915:26
    at [90mfile:///C:/Users/%EC%98%88%EB%9E%91%ED%
85%8C%ED%81%AC_%EC%95%88%EC%9D%98%EB%AF%BC/.gemini/
project/solve-climb/[39mnode_modules/[4m@vitest/r
unner[24m/dist/index.js:1243:20
    at new Promise (<anonymous>)
    at runWithTimeout [90m(file:///C:/Users/%EC%98
%88%EB%9E%91%ED%85%8C%ED%81%AC_%EC%95%88%EC%9D%98%E
B%AF%BC/.gemini/project/solve-climb/[39mnode_modul
es/[4m@vitest/runner[24m/dist/index.js:1209:10[9
0m)[39m
    at [90mfile:///C:/Users/%EC%98%88%EB%9E%91%ED%
85%8C%ED%81%AC_%EC%95%88%EC%9D%98%EB%AF%BC/.gemini/
project/solve-climb/[39mnode_modules/[4m@vitest/r
unner[24m/dist/index.js:1653:37
    at Traces.$ [90m(file:///C:/Users/%EC%98%88%EB
%9E%91%ED%85%8C%ED%81%AC_%EC%95%88%EC%9D%98%EB%AF%B
C/.gemini/project/solve-climb/[39mnode_modules/[4
mvitest[24m/dist/chunks/traces.U4xDYhzZ.js:115:27
[90m)[39m
    at trace [90m(file:///C:/Users/%EC%98%88%EB%9E
%91%ED%85%8C%ED%81%AC_%EC%95%88%EC%9D%98%EB%AF%BC/.
gemini/project/solve-climb/[39mnode_modules/[4mvi
test[24m/dist/chunks/test.B8ej_ZHS.js:239:21[90m)
[39m
    at runTest [90m(file:///C:/Users/%EC%98%88%EB%
9E%91%ED%85%8C%ED%81%AC_%EC%95%88%EC%9D%98%EB%AF%BC
/.gemini/project/solve-climb/[39mnode_modules/[4m
@vitest/runner[24m/dist/index.js:1653:12[90m)[39
m
Error syncing debug stamina: Error: Update failed
    at C:/Users/?덈옉?뚰겕_?덉쓽誘?.gemini/project/solve-c
limb/src/stores/__tests__/useUserStore.test.ts:400:
39
    at [90mfile:///C:/Users/%EC%98%88%EB%9E%91%ED%
85%8C%ED%81%AC_%EC%95%88%EC%9D%98%EB%AF%BC/.gemini/
project/solve-climb/[39mnode_modules/[4m@vitest/r
unner[24m/dist/index.js:145:11
    at [90mfile:///C:/Users/%EC%98%88%EB%9E%91%ED%
85%8C%ED%81%AC_%EC%95%88%EC%9D%98%EB%AF%BC/.gemini/
project/solve-climb/[39mnode_modules/[4m@vitest/r
unner[24m/dist/index.js:915:26
    at [90mfile:///C:/Users/%EC%98%88%EB%9E%91%ED%
85%8C%ED%81%AC_%EC%95%88%EC%9D%98%EB%AF%BC/.gemini/
project/solve-climb/[39mnode_modules/[4m@vitest/r
unner[24m/dist/index.js:1243:20
    at new Promise (<anonymous>)
    at runWithTimeout [90m(file:///C:/Users/%EC%98
%88%EB%9E%91%ED%85%8C%ED%81%AC_%EC%95%88%EC%9D%98%E
B%AF%BC/.gemini/project/solve-climb/[39mnode_modul
es/[4m@vitest/runner[24m/dist/index.js:1209:10[9
0m)[39m
    at [90mfile:///C:/Users/%EC%98%88%EB%9E%91%ED%
85%8C%ED%81%AC_%EC%95%88%EC%9D%98%EB%AF%BC/.gemini/
project/solve-climb/[39mnode_modules/[4m@vitest/r
unner[24m/dist/index.js:1653:37
    at Traces.$ [90m(file:///C:/Users/%EC%98%88%EB
%9E%91%ED%85%8C%ED%81%AC_%EC%95%88%EC%9D%98%EB%AF%B
C/.gemini/project/solve-climb/[39mnode_modules/[4
mvitest[24m/dist/chunks/traces.U4xDYhzZ.js:115:27
[90m)[39m
    at trace [90m(file:///C:/Users/%EC%98%88%EB%9E
%91%ED%85%8C%ED%81%AC_%EC%95%88%EC%9D%98%EB%AF%BC/.
gemini/project/solve-climb/[39mnode_modules/[4mvi
test[24m/dist/chunks/test.B8ej_ZHS.js:239:21[90m)
[39m
    at runTest [90m(file:///C:/Users/%EC%98%88%EB%
9E%91%ED%85%8C%ED%81%AC_%EC%95%88%EC%9D%98%EB%AF%BC
/.gemini/project/solve-climb/[39mnode_modules/[4m
@vitest/runner[24m/dist/index.js:1653:12[90m)[39
m

[90mstderr[2m | src/stores/__tests__/useUserStore
.test.ts[2m > [22m[2museUserStore[2m > [22m[2
mshould recover stamina from ads
[22m[39mError syncing debug stamina: Error: Updat
e failed
    at C:/Users/?덈옉?뚰겕_?덉쓽誘?.gemini/project/solve-c
limb/src/stores/__tests__/useUserStore.test.ts:400:
39
    at [90mfile:///C:/Users/%EC%98%88%EB%9E%91%ED%
85%8C%ED%81%AC_%EC%95%88%EC%9D%98%EB%AF%BC/.gemini/
project/solve-climb/[39mnode_modules/[4m@vitest/r
unner[24m/dist/index.js:145:11
    at [90mfile:///C:/Users/%EC%98%88%EB%9E%91%ED%
85%8C%ED%81%AC_%EC%95%88%EC%9D%98%EB%AF%BC/.gemini/
project/solve-climb/[39mnode_modules/[4m@vitest/r
unner[24m/dist/index.js:915:26
    at [90mfile:///C:/Users/%EC%98%88%EB%9E%91%ED%
85%8C%ED%81%AC_%EC%95%88%EC%9D%98%EB%AF%BC/.gemini/
project/solve-climb/[39mnode_modules/[4m@vitest/r
unner[24m/dist/index.js:1243:20
    at new Promise (<anonymous>)
    at runWithTimeout [90m(file:///C:/Users/%EC%98
%88%EB%9E%91%ED%85%8C%ED%81%AC_%EC%95%88%EC%9D%98%E
B%AF%BC/.gemini/project/solve-climb/[39mnode_modul
es/[4m@vitest/runner[24m/dist/index.js:1209:10[9
0m)[39m
    at [90mfile:///C:/Users/%EC%98%88%EB%9E%91%ED%
85%8C%ED%81%AC_%EC%95%88%EC%9D%98%EB%AF%BC/.gemini/
project/solve-climb/[39mnode_modules/[4m@vitest/r
unner[24m/dist/index.js:1653:37
    at Traces.$ [90m(file:///C:/Users/%EC%98%88%EB
%9E%91%ED%85%8C%ED%81%AC_%EC%95%88%EC%9D%98%EB%AF%B
C/.gemini/project/solve-climb/[39mnode_modules/[4
mvitest[24m/dist/chunks/traces.U4xDYhzZ.js:115:27
[90m)[39m
    at trace [90m(file:///C:/Users/%EC%98%88%EB%9E
%91%ED%85%8C%ED%81%AC_%EC%95%88%EC%9D%98%EB%AF%BC/.
gemini/project/solve-climb/[39mnode_modules/[4mvi
test[24m/dist/chunks/test.B8ej_ZHS.js:239:21[90m)
[39m
    at runTest [90m(file:///C:/Users/%EC%98%88%EB%
9E%91%ED%85%8C%ED%81%AC_%EC%95%88%EC%9D%98%EB%AF%BC
/.gemini/project/solve-climb/[39mnode_modules/[4m
@vitest/runner[24m/dist/index.js:1653:12[90m)[39
m

[90mstderr[2m | src/stores/__tests__/useUserStore
.test.ts[2m > [22m[2museUserStore[2m > [22m[2
mshould cap stamina at 5 when recovering from ads
[22m[39mError syncing debug minerals: Error: Upda
te failed
    at C:/Users/?덈옉?뚰겕_?덉쓽誘?.gemini/project/solve-c
limb/src/stores/__tests__/useUserStore.test.ts:400:
39
    at [90mfile:///C:/Users/%EC%98%88%EB%9E%91%ED%
85%8C%ED%81%AC_%EC%95%88%EC%9D%98%EB%AF%BC/.gemini/
project/solve-climb/[39mnode_modules/[4m@vitest/r
unner[24m/dist/index.js:145:11
    at [90mfile:///C:/Users/%EC%98%88%EB%9E%91%ED%
85%8C%ED%81%AC_%EC%95%88%EC%9D%98%EB%AF%BC/.gemini/
project/solve-climb/[39mnode_modules/[4m@vitest/r
unner[24m/dist/index.js:915:26
    at [90mfile:///C:/Users/%EC%98%88%EB%9E%91%ED%
85%8C%ED%81%AC_%EC%95%88%EC%9D%98%EB%AF%BC/.gemini/
project/solve-climb/[39mnode_modules/[4m@vitest/r
unner[24m/dist/index.js:1243:20
    at new Promise (<anonymous>)
    at runWithTimeout [90m(file:///C:/Users/%EC%98
%88%EB%9E%91%ED%85%8C%ED%81%AC_%EC%95%88%EC%9D%98%E
B%AF%BC/.gemini/project/solve-climb/[39mnode_modul
es/[4m@vitest/runner[24m/dist/index.js:1209:10[9
0m)[39m
    at [90mfile:///C:/Users/%EC%98%88%EB%9E%91%ED%
85%8C%ED%81%AC_%EC%95%88%EC%9D%98%EB%AF%BC/.gemini/
project/solve-climb/[39mnode_modules/[4m@vitest/r
unner[24m/dist/index.js:1653:37
    at Traces.$ [90m(file:///C:/Users/%EC%98%88%EB
%9E%91%ED%85%8C%ED%81%AC_%EC%95%88%EC%9D%98%EB%AF%B
C/.gemini/project/solve-climb/[39mnode_modules/[4
mvitest[24m/dist/chunks/traces.U4xDYhzZ.js:115:27
[90m)[39m
    at trace [90m(file:///C:/Users/%EC%98%88%EB%9E
%91%ED%85%8C%ED%81%AC_%EC%95%88%EC%9D%98%EB%AF%BC/.
gemini/project/solve-climb/[39mnode_modules/[4mvi
test[24m/dist/chunks/test.B8ej_ZHS.js:239:21[90m)
[39m
    at runTest [90m(file:///C:/Users/%EC%98%88%EB%
9E%91%ED%85%8C%ED%81%AC_%EC%95%88%EC%9D%98%EB%AF%BC
/.gemini/project/solve-climb/[39mnode_modules/[4m
@vitest/runner[24m/dist/index.js:1653:12[90m)[39
m
Error syncing debug stamina: Error: Update failed
    at C:/Users/?덈옉?뚰겕_?덉쓽誘?.gemini/project/solve-c
limb/src/stores/__tests__/useUserStore.test.ts:400:
39
    at [90mfile:///C:/Users/%EC%98%88%EB%9E%91%ED%
85%8C%ED%81%AC_%EC%95%88%EC%9D%98%EB%AF%BC/.gemini/
project/solve-climb/[39mnode_modules/[4m@vitest/r
unner[24m/dist/index.js:145:11
    at [90mfile:///C:/Users/%EC%98%88%EB%9E%91%ED%
85%8C%ED%81%AC_%EC%95%88%EC%9D%98%EB%AF%BC/.gemini/
project/solve-climb/[39mnode_modules/[4m@vitest/r
unner[24m/dist/index.js:915:26
    at [90mfile:///C:/Users/%EC%98%88%EB%9E%91%ED%
85%8C%ED%81%AC_%EC%95%88%EC%9D%98%EB%AF%BC/.gemini/
project/solve-climb/[39mnode_modules/[4m@vitest/r
unner[24m/dist/index.js:1243:20
    at new Promise (<anonymous>)
    at runWithTimeout [90m(file:///C:/Users/%EC%98
%88%EB%9E%91%ED%85%8C%ED%81%AC_%EC%95%88%EC%9D%98%E
B%AF%BC/.gemini/project/solve-climb/[39mnode_modul
es/[4m@vitest/runner[24m/dist/index.js:1209:10[9
0m)[39m
    at [90mfile:///C:/Users/%EC%98%88%EB%9E%91%ED%
85%8C%ED%81%AC_%EC%95%88%EC%9D%98%EB%AF%BC/.gemini/
project/solve-climb/[39mnode_modules/[4m@vitest/r
unner[24m/dist/index.js:1653:37
    at Traces.$ [90m(file:///C:/Users/%EC%98%88%EB
%9E%91%ED%85%8C%ED%81%AC_%EC%95%88%EC%9D%98%EB%AF%B
C/.gemini/project/solve-climb/[39mnode_modules/[4
mvitest[24m/dist/chunks/traces.U4xDYhzZ.js:115:27
[90m)[39m
    at trace [90m(file:///C:/Users/%EC%98%88%EB%9E
%91%ED%85%8C%ED%81%AC_%EC%95%88%EC%9D%98%EB%AF%BC/.
gemini/project/solve-climb/[39mnode_modules/[4mvi
test[24m/dist/chunks/test.B8ej_ZHS.js:239:21[90m)
[39m
    at runTest [90m(file:///C:/Users/%EC%98%88%EB%
9E%91%ED%85%8C%ED%81%AC_%EC%95%88%EC%9D%98%EB%AF%BC
/.gemini/project/solve-climb/[39mnode_modules/[4m
@vitest/runner[24m/dist/index.js:1653:12[90m)[39
m

[90mstderr[2m | src/stores/__tests__/useUserStore
.test.ts[2m > [22m[2museUserStore[2m > [22m[2
mshould cap stamina at 5 when recovering from ads
[22m[39mError syncing debug stamina: Error: Updat
e failed
    at C:/Users/?덈옉?뚰겕_?덉쓽誘?.gemini/project/solve-c
limb/src/stores/__tests__/useUserStore.test.ts:400:
39
    at [90mfile:///C:/Users/%EC%98%88%EB%9E%91%ED%
85%8C%ED%81%AC_%EC%95%88%EC%9D%98%EB%AF%BC/.gemini/
project/solve-climb/[39mnode_modules/[4m@vitest/r
unner[24m/dist/index.js:145:11
    at [90mfile:///C:/Users/%EC%98%88%EB%9E%91%ED%
85%8C%ED%81%AC_%EC%95%88%EC%9D%98%EB%AF%BC/.gemini/
project/solve-climb/[39mnode_modules/[4m@vitest/r
unner[24m/dist/index.js:915:26
    at [90mfile:///C:/Users/%EC%98%88%EB%9E%91%ED%
85%8C%ED%81%AC_%EC%95%88%EC%9D%98%EB%AF%BC/.gemini/
project/solve-climb/[39mnode_modules/[4m@vitest/r
unner[24m/dist/index.js:1243:20
    at new Promise (<anonymous>)
    at runWithTimeout [90m(file:///C:/Users/%EC%98
%88%EB%9E%91%ED%85%8C%ED%81%AC_%EC%95%88%EC%9D%98%E
B%AF%BC/.gemini/project/solve-climb/[39mnode_modul
es/[4m@vitest/runner[24m/dist/index.js:1209:10[9
0m)[39m
    at [90mfile:///C:/Users/%EC%98%88%EB%9E%91%ED%
85%8C%ED%81%AC_%EC%95%88%EC%9D%98%EB%AF%BC/.gemini/
project/solve-climb/[39mnode_modules/[4m@vitest/r
unner[24m/dist/index.js:1653:37
    at Traces.$ [90m(file:///C:/Users/%EC%98%88%EB
%9E%91%ED%85%8C%ED%81%AC_%EC%95%88%EC%9D%98%EB%AF%B
C/.gemini/project/solve-climb/[39mnode_modules/[4
mvitest[24m/dist/chunks/traces.U4xDYhzZ.js:115:27
[90m)[39m
    at trace [90m(file:///C:/Users/%EC%98%88%EB%9E
%91%ED%85%8C%ED%81%AC_%EC%95%88%EC%9D%98%EB%AF%BC/.
gemini/project/solve-climb/[39mnode_modules/[4mvi
test[24m/dist/chunks/test.B8ej_ZHS.js:239:21[90m)
[39m
    at runTest [90m(file:///C:/Users/%EC%98%88%EB%
9E%91%ED%85%8C%ED%81%AC_%EC%95%88%EC%9D%98%EB%AF%BC
/.gemini/project/solve-climb/[39mnode_modules/[4m
@vitest/runner[24m/dist/index.js:1653:12[90m)[39
m

[90mstderr[2m | src/stores/__tests__/useUserStore
.test.ts[2m > [22m[2museUserStore[2m > [22m[2
mshould handle purchaseItem when success is false
[22m[39mError syncing debug minerals: Error: Upda
te failed
    at C:/Users/?덈옉?뚰겕_?덉쓽誘?.gemini/project/solve-c
limb/src/stores/__tests__/useUserStore.test.ts:400:
39
    at [90mfile:///C:/Users/%EC%98%88%EB%9E%91%ED%
85%8C%ED%81%AC_%EC%95%88%EC%9D%98%EB%AF%BC/.gemini/
project/solve-climb/[39mnode_modules/[4m@vitest/r
unner[24m/dist/index.js:145:11
    at [90mfile:///C:/Users/%EC%98%88%EB%9E%91%ED%
85%8C%ED%81%AC_%EC%95%88%EC%9D%98%EB%AF%BC/.gemini/
project/solve-climb/[39mnode_modules/[4m@vitest/r
unner[24m/dist/index.js:915:26
    at [90mfile:///C:/Users/%EC%98%88%EB%9E%91%ED%
85%8C%ED%81%AC_%EC%95%88%EC%9D%98%EB%AF%BC/.gemini/
project/solve-climb/[39mnode_modules/[4m@vitest/r
unner[24m/dist/index.js:1243:20
    at new Promise (<anonymous>)
    at runWithTimeout [90m(file:///C:/Users/%EC%98
%88%EB%9E%91%ED%85%8C%ED%81%AC_%EC%95%88%EC%9D%98%E
B%AF%BC/.gemini/project/solve-climb/[39mnode_modul
es/[4m@vitest/runner[24m/dist/index.js:1209:10[9
0m)[39m
    at [90mfile:///C:/Users/%EC%98%88%EB%9E%91%ED%
85%8C%ED%81%AC_%EC%95%88%EC%9D%98%EB%AF%BC/.gemini/
project/solve-climb/[39mnode_modules/[4m@vitest/r
unner[24m/dist/index.js:1653:37
    at Traces.$ [90m(file:///C:/Users/%EC%98%88%EB
%9E%91%ED%85%8C%ED%81%AC_%EC%95%88%EC%9D%98%EB%AF%B
C/.gemini/project/solve-climb/[39mnode_modules/[4
mvitest[24m/dist/chunks/traces.U4xDYhzZ.js:115:27
[90m)[39m
    at trace [90m(file:///C:/Users/%EC%98%88%EB%9E
%91%ED%85%8C%ED%81%AC_%EC%95%88%EC%9D%98%EB%AF%BC/.
gemini/project/solve-climb/[39mnode_modules/[4mvi
test[24m/dist/chunks/test.B8ej_ZHS.js:239:21[90m)
[39m
    at runTest [90m(file:///C:/Users/%EC%98%88%EB%
9E%91%ED%85%8C%ED%81%AC_%EC%95%88%EC%9D%98%EB%AF%BC
/.gemini/project/solve-climb/[39mnode_modules/[4m
@vitest/runner[24m/dist/index.js:1653:12[90m)[39
m
Error syncing debug stamina: Error: Update failed
    at C:/Users/?덈옉?뚰겕_?덉쓽誘?.gemini/project/solve-c
limb/src/stores/__tests__/useUserStore.test.ts:400:
39
    at [90mfile:///C:/Users/%EC%98%88%EB%9E%91%ED%
85%8C%ED%81%AC_%EC%95%88%EC%9D%98%EB%AF%BC/.gemini/
project/solve-climb/[39mnode_modules/[4m@vitest/r
unner[24m/dist/index.js:145:11
    at [90mfile:///C:/Users/%EC%98%88%EB%9E%91%ED%
85%8C%ED%81%AC_%EC%95%88%EC%9D%98%EB%AF%BC/.gemini/
project/solve-climb/[39mnode_modules/[4m@vitest/r
unner[24m/dist/index.js:915:26
    at [90mfile:///C:/Users/%EC%98%88%EB%9E%91%ED%
85%8C%ED%81%AC_%EC%95%88%EC%9D%98%EB%AF%BC/.gemini/
project/solve-climb/[39mnode_modules/[4m@vitest/r
unner[24m/dist/index.js:1243:20
    at new Promise (<anonymous>)
    at runWithTimeout [90m(file:///C:/Users/%EC%98
%88%EB%9E%91%ED%85%8C%ED%81%AC_%EC%95%88%EC%9D%98%E
B%AF%BC/.gemini/project/solve-climb/[39mnode_modul
es/[4m@vitest/runner[24m/dist/index.js:1209:10[9
0m)[39m
    at [90mfile:///C:/Users/%EC%98%88%EB%9E%91%ED%
85%8C%ED%81%AC_%EC%95%88%EC%9D%98%EB%AF%BC/.gemini/
project/solve-climb/[39mnode_modules/[4m@vitest/r
unner[24m/dist/index.js:1653:37
    at Traces.$ [90m(file:///C:/Users/%EC%98%88%EB
%9E%91%ED%85%8C%ED%81%AC_%EC%95%88%EC%9D%98%EB%AF%B
C/.gemini/project/solve-climb/[39mnode_modules/[4
mvitest[24m/dist/chunks/traces.U4xDYhzZ.js:115:27
[90m)[39m
    at trace [90m(file:///C:/Users/%EC%98%88%EB%9E
%91%ED%85%8C%ED%81%AC_%EC%95%88%EC%9D%98%EB%AF%BC/.
gemini/project/solve-climb/[39mnode_modules/[4mvi
test[24m/dist/chunks/test.B8ej_ZHS.js:239:21[90m)
[39m
    at runTest [90m(file:///C:/Users/%EC%98%88%EB%
9E%91%ED%85%8C%ED%81%AC_%EC%95%88%EC%9D%98%EB%AF%BC
/.gemini/project/solve-climb/[39mnode_modules/[4m
@vitest/runner[24m/dist/index.js:1653:12[90m)[39
m

[90mstderr[2m | src/stores/__tests__/useUserStore
.test.ts[2m > [22m[2museUserStore[2m > [22m[2
mshould handle consumeItem when success is false
[22m[39mError syncing debug minerals: Error: Upda
te failed
    at C:/Users/?덈옉?뚰겕_?덉쓽誘?.gemini/project/solve-c
limb/src/stores/__tests__/useUserStore.test.ts:400:
39
    at [90mfile:///C:/Users/%EC%98%88%EB%9E%91%ED%
85%8C%ED%81%AC_%EC%95%88%EC%9D%98%EB%AF%BC/.gemini/
project/solve-climb/[39mnode_modules/[4m@vitest/r
unner[24m/dist/index.js:145:11
    at [90mfile:///C:/Users/%EC%98%88%EB%9E%91%ED%
85%8C%ED%81%AC_%EC%95%88%EC%9D%98%EB%AF%BC/.gemini/
project/solve-climb/[39mnode_modules/[4m@vitest/r
unner[24m/dist/index.js:915:26
    at [90mfile:///C:/Users/%EC%98%88%EB%9E%91%ED%
85%8C%ED%81%AC_%EC%95%88%EC%9D%98%EB%AF%BC/.gemini/
project/solve-climb/[39mnode_modules/[4m@vitest/r
unner[24m/dist/index.js:1243:20
    at new Promise (<anonymous>)
    at runWithTimeout [90m(file:///C:/Users/%EC%98
%88%EB%9E%91%ED%85%8C%ED%81%AC_%EC%95%88%EC%9D%98%E
B%AF%BC/.gemini/project/solve-climb/[39mnode_modul
es/[4m@vitest/runner[24m/dist/index.js:1209:10[9
0m)[39m
    at [90mfile:///C:/Users/%EC%98%88%EB%9E%91%ED%
85%8C%ED%81%AC_%EC%95%88%EC%9D%98%EB%AF%BC/.gemini/
project/solve-climb/[39mnode_modules/[4m@vitest/r
unner[24m/dist/index.js:1653:37
    at Traces.$ [90m(file:///C:/Users/%EC%98%88%EB
%9E%91%ED%85%8C%ED%81%AC_%EC%95%88%EC%9D%98%EB%AF%B
C/.gemini/project/solve-climb/[39mnode_modules/[4
mvitest[24m/dist/chunks/traces.U4xDYhzZ.js:115:27
[90m)[39m
    at trace [90m(file:///C:/Users/%EC%98%88%EB%9E
%91%ED%85%8C%ED%81%AC_%EC%95%88%EC%9D%98%EB%AF%BC/.
gemini/project/solve-climb/[39mnode_modules/[4mvi
test[24m/dist/chunks/test.B8ej_ZHS.js:239:21[90m)
[39m
    at runTest [90m(file:///C:/Users/%EC%98%88%EB%
9E%91%ED%85%8C%ED%81%AC_%EC%95%88%EC%9D%98%EB%AF%BC
/.gemini/project/solve-climb/[39mnode_modules/[4m
@vitest/runner[24m/dist/index.js:1653:12[90m)[39
m
Error syncing debug stamina: Error: Update failed
    at C:/Users/?덈옉?뚰겕_?덉쓽誘?.gemini/project/solve-c
limb/src/stores/__tests__/useUserStore.test.ts:400:
39
    at [90mfile:///C:/Users/%EC%98%88%EB%9E%91%ED%
85%8C%ED%81%AC_%EC%95%88%EC%9D%98%EB%AF%BC/.gemini/
project/solve-climb/[39mnode_modules/[4m@vitest/r
unner[24m/dist/index.js:145:11
    at [90mfile:///C:/Users/%EC%98%88%EB%9E%91%ED%
85%8C%ED%81%AC_%EC%95%88%EC%9D%98%EB%AF%BC/.gemini/
project/solve-climb/[39mnode_modules/[4m@vitest/r
unner[24m/dist/index.js:915:26
    at [90mfile:///C:/Users/%EC%98%88%EB%9E%91%ED%
85%8C%ED%81%AC_%EC%95%88%EC%9D%98%EB%AF%BC/.gemini/
project/solve-climb/[39mnode_modules/[4m@vitest/r
unner[24m/dist/index.js:1243:20
    at new Promise (<anonymous>)
    at runWithTimeout [90m(file:///C:/Users/%EC%98
%88%EB%9E%91%ED%85%8C%ED%81%AC_%EC%95%88%EC%9D%98%E
B%AF%BC/.gemini/project/solve-climb/[39mnode_modul
es/[4m@vitest/runner[24m/dist/index.js:1209:10[9
0m)[39m
    at [90mfile:///C:/Users/%EC%98%88%EB%9E%91%ED%
85%8C%ED%81%AC_%EC%95%88%EC%9D%98%EB%AF%BC/.gemini/
project/solve-climb/[39mnode_modules/[4m@vitest/r
unner[24m/dist/index.js:1653:37
    at Traces.$ [90m(file:///C:/Users/%EC%98%88%EB
%9E%91%ED%85%8C%ED%81%AC_%EC%95%88%EC%9D%98%EB%AF%B
C/.gemini/project/solve-climb/[39mnode_modules/[4
mvitest[24m/dist/chunks/traces.U4xDYhzZ.js:115:27
[90m)[39m
    at trace [90m(file:///C:/Users/%EC%98%88%EB%9E
%91%ED%85%8C%ED%81%AC_%EC%95%88%EC%9D%98%EB%AF%BC/.
gemini/project/solve-climb/[39mnode_modules/[4mvi
test[24m/dist/chunks/test.B8ej_ZHS.js:239:21[90m)
[39m
    at runTest [90m(file:///C:/Users/%EC%98%88%EB%
9E%91%ED%85%8C%ED%81%AC_%EC%95%88%EC%9D%98%EB%AF%BC
/.gemini/project/solve-climb/[39mnode_modules/[4m
@vitest/runner[24m/dist/index.js:1653:12[90m)[39
m

[90mstderr[2m | src/stores/__tests__/useUserStore
.test.ts[2m > [22m[2museUserStore[2m > [22m[2
mshould handle debugAddItems successfully
[22m[39mError syncing debug minerals: TypeError: 
__vite_ssr_import_1__.supabase.from(...).update is 
not a function
    at Object.setMinerals (C:/Users/?덈옉?뚰겕_?덉쓽誘?.ge
mini/project/solve-climb/src/stores/useUserStore.ts
:201:37)
Error syncing debug stamina: TypeError: __vite_ssr_
import_1__.supabase.from(...).update is not a funct
ion
    at Object.setStamina (C:/Users/?덈옉?뚰겕_?덉쓽誘?.gem
ini/project/solve-climb/src/stores/useUserStore.ts:
221:14)

[90mstdout[2m | src/stores/__tests__/useUserStore.test.ts[2m > [22m[2museUserStore[2m > [22m[2mshould handle debugAddItems error
[22m[39m[DEBUG] Calling debug_grant_items RPC...

[90mstderr[2m | src/stores/__tests__/useUserStore
.test.ts[2m > [22m[2museUserStore[2m > [22m[2
mshould handle debugResetItems successfully
[22m[39mError syncing debug minerals: TypeError: 
__vite_ssr_import_1__.supabase.from(...).update is 
not a function
    at Object.setMinerals (C:/Users/?덈옉?뚰겕_?덉쓽誘?.ge
mini/project/solve-climb/src/stores/useUserStore.ts
:201:37)
Error syncing debug stamina: TypeError: __vite_ssr_
import_1__.supabase.from(...).update is not a funct
ion
    at Object.setStamina (C:/Users/?덈옉?뚰겕_?덉쓽誘?.gem
ini/project/solve-climb/src/stores/useUserStore.ts:
221:14)

[90mstderr[2m | src/stores/__tests__/useUserStore
.test.ts[2m > [22m[2museUserStore[2m > [22m[2
mshould handle debugResetItems successfully
[22m[39mError fetching user data: TypeError: __vi
te_ssr_import_1__.supabase.from(...).select is not 
a function
    at Object.fetchUserData (C:/Users/?덈옉?뚰겕_?덉쓽誘?.
gemini/project/solve-climb/src/stores/useUserStore.
ts:81:35)
    at Object.debugResetItems (C:/Users/?덈옉?뚰겕_?덉쓽誘
?.gemini/project/solve-climb/src/stores/useUserStor
e.ts:292:5)
    at C:/Users/?덈옉?뚰겕_?덉쓽誘?.gemini/project/solve-c
limb/src/stores/__tests__/useUserStore.test.ts:873:
7

[90mstderr[2m | src/stores/__tests__/useUserStore
.test.ts[2m > [22m[2museUserStore[2m > [22m[2
mshould handle debugResetItems when no user
[22m[39mError syncing debug minerals: TypeError: 
__vite_ssr_import_1__.supabase.from(...).update is 
not a function
    at Object.setMinerals (C:/Users/?덈옉?뚰겕_?덉쓽誘?.ge
mini/project/solve-climb/src/stores/useUserStore.ts
:201:37)
Error syncing debug stamina: TypeError: __vite_ssr_
import_1__.supabase.from(...).update is not a funct
ion
    at Object.setStamina (C:/Users/?덈옉?뚰겕_?덉쓽誘?.gem
ini/project/solve-climb/src/stores/useUserStore.ts:
221:14)

[90mstdout[2m | src/stores/__tests__/useUserStore.test.ts[2m > [22m[2museUserStore[2m > [22m[2mshould handle debugResetItems error
[22m[39m[DEBUG] Resetting items...

[90mstderr[2m | src/stores/__tests__/useUserStore
.test.ts[2m > [22m[2museUserStore[2m > [22m[2
mshould handle debugRemoveItems successfully
[22m[39mError syncing debug minerals: TypeError: 
__vite_ssr_import_1__.supabase.from(...).update is 
not a function
    at Object.setMinerals (C:/Users/?덈옉?뚰겕_?덉쓽誘?.ge
mini/project/solve-climb/src/stores/useUserStore.ts
:201:37)
Error syncing debug stamina: TypeError: __vite_ssr_
import_1__.supabase.from(...).update is not a funct
ion
    at Object.setStamina (C:/Users/?덈옉?뚰겕_?덉쓽誘?.gem
ini/project/solve-climb/src/stores/useUserStore.ts:
221:14)

[90mstderr[2m | src/stores/__tests__/useUserStore
.test.ts[2m > [22m[2museUserStore[2m > [22m[2
mshould handle debugRemoveItems successfully
[22m[39mError fetching user data: TypeError: __vi
te_ssr_import_1__.supabase.from(...).select is not 
a function
    at Object.fetchUserData (C:/Users/?덈옉?뚰겕_?덉쓽誘?.
gemini/project/solve-climb/src/stores/useUserStore.
ts:81:35)
    at Object.debugRemoveItems (C:/Users/?덈옉?뚰겕_?덉쓽
誘?.gemini/project/solve-climb/src/stores/useUserSto
re.ts:328:5)
    at C:/Users/?덈옉?뚰겕_?덉쓽誘?.gemini/project/solve-c
limb/src/stores/__tests__/useUserStore.test.ts:986:
7

[90mstderr[2m | src/stores/__tests__/useUserStore
.test.ts[2m > [22m[2museUserStore[2m > [22m[2
mshould handle debugRemoveItems when no user
[22m[39mError syncing debug minerals: TypeError: 
__vite_ssr_import_1__.supabase.from(...).update is 
not a function
    at Object.setMinerals (C:/Users/?덈옉?뚰겕_?덉쓽誘?.ge
mini/project/solve-climb/src/stores/useUserStore.ts
:201:37)
Error syncing debug stamina: TypeError: __vite_ssr_
import_1__.supabase.from(...).update is not a funct
ion
    at Object.setStamina (C:/Users/?덈옉?뚰겕_?덉쓽誘?.gem
ini/project/solve-climb/src/stores/useUserStore.ts:
221:14)

[90mstderr[2m | src/stores/__tests__/useUserStore
.test.ts[2m > [22m[2museUserStore[2m > [22m[2
mshould handle debugRemoveItems with items that nee
d deletion
[22m[39mError syncing debug minerals: TypeError: 
__vite_ssr_import_1__.supabase.from(...).update is 
not a function
    at Object.setMinerals (C:/Users/?덈옉?뚰겕_?덉쓽誘?.ge
mini/project/solve-climb/src/stores/useUserStore.ts
:201:37)
Error syncing debug stamina: TypeError: __vite_ssr_
import_1__.supabase.from(...).update is not a funct
ion
    at Object.setStamina (C:/Users/?덈옉?뚰겕_?덉쓽誘?.gem
ini/project/solve-climb/src/stores/useUserStore.ts:
221:14)

[90mstderr[2m | src/stores/__tests__/useUserStore
.test.ts[2m > [22m[2museUserStore[2m > [22m[2
mshould handle debugRemoveItems with items that nee
d deletion
[22m[39mError fetching user data: TypeError: __vi
te_ssr_import_1__.supabase.from(...).select is not 
a function
    at Object.fetchUserData (C:/Users/?덈옉?뚰겕_?덉쓽誘?.
gemini/project/solve-climb/src/stores/useUserStore.
ts:81:35)
    at Object.debugRemoveItems (C:/Users/?덈옉?뚰겕_?덉쓽
誘?.gemini/project/solve-climb/src/stores/useUserSto
re.ts:328:5)
    at C:/Users/?덈옉?뚰겕_?덉쓽誘?.gemini/project/solve-c
limb/src/stores/__tests__/useUserStore.test.ts:1085
:7

 [32m??[39m src/stores/__tests__/useUserStore.test.ts [2m([22m[2m39 tests[22m[2m)[22m[33m 477[2mms[22m[39m
 [32m??[39m src/components/__tests__/Header.test.tsx [2m([22m[2m8 tests[22m[2m)[22m[33m 471[2mms[22m[39m
     [33m[2m??[22m[39m should handle logo double click for admin [33m 318[2mms[22m[39m
 [32m??[39m src/components/__tests__/TierBadge.test.tsx [2m([22m[2m15 tests[22m[2m)[22m[33m 458[2mms[22m[39m
[90mstderr[2m | src/components/__tests__/QuickAct
ionsSection.test.tsx
[22m[39m[2026-01-19T07:05:18.770Z] [Env] ?섍꼍 蹂??
寃利??ㅽ뙣:
?꾩닔 ?섍꼍 蹂??"VITE_SUPABASE_URL"媛 ?ㅼ젙?섏? ?딆븯?듬땲??
?꾩닔 ?섍꼍 蹂??"VITE_SUPABASE_ANON_KEY"媛 ?ㅼ젙?섏? ?딆븯?듬
땲??

?꾩닔 ?섍꼍 蹂??
  - VITE_SUPABASE_URL
  - VITE_SUPABASE_ANON_KEY

.env.example ?뚯씪??李멸퀬?섏뿬 ?섍꼍 蹂?섎? ?ㅼ젙?댁＜?몄슂.
?ъ궗 ?섍꼍?먯꽌???섍꼍 蹂?섍? ?놁뼱???깆씠 ?숈옉?⑸땲??(Supabase 湲곕
뒫 ?쒗븳).

[90mstdout[2m | src/components/__tests__/QuickActionsSection.test.tsx
[22m[39m[Env] ?섍꼍 蹂???뺣낫
  [2026-01-19T07:05:18.772Z] [Env] 媛쒕컻 ?섍꼍: true
  [2026-01-19T07:05:18.772Z] [Env] ?꾨줈?뺤뀡 ?섍꼍: false
  [2026-01-19T07:05:18.772Z] [Env] Supabase URL: 誘몄꽕??  [2026-01-19T07:05:18.772Z] [Env] Supabase Anon Key: 誘몄꽕??
[90mstderr[2m | src/components/__tests__/QuickAct
ionsSection.test.tsx[2m > [22m[2mQuickActionsSec
tion[2m > [22m[2mshould handle stamina increment
[22m[39mWarning: An update to QuickActionsSection
2 inside a test was not wrapped in act(...).

When testing, code that causes React state updates 
should be wrapped into act(...):

act(() => {
  /* fire events that update state */
});
/* assert on the output */

This ensures that you're testing the behavior the u
ser would see in the browser. Learn more at https:/
/reactjs.org/link/wrap-tests-with-act
    at QuickActionsSection2 (C:/Users/?덈옉?뚰겕_?덉쓽誘?.
gemini/project/solve-climb/src/components/debug/Qui
ckActionsSection.tsx:33:46)

[90mstderr[2m | src/components/__tests__/QuickAct
ionsSection.test.tsx[2m > [22m[2mQuickActionsSec
tion[2m > [22m[2mshould handle minerals incremen
t
[22m[39mWarning: An update to QuickActionsSection
2 inside a test was not wrapped in act(...).

When testing, code that causes React state updates 
should be wrapped into act(...):

act(() => {
  /* fire events that update state */
});
/* assert on the output */

This ensures that you're testing the behavior the u
ser would see in the browser. Learn more at https:/
/reactjs.org/link/wrap-tests-with-act
    at QuickActionsSection2 (C:/Users/?덈옉?뚰겕_?덉쓽誘?.
gemini/project/solve-climb/src/components/debug/Qui
ckActionsSection.tsx:33:46)

 [32m??[39m src/components/__tests__/QuickActionsSection.test.tsx [2m([22m[2m9 tests[22m[2m)[22m[33m 386[2mms[22m[39m
 [32m??[39m src/components/__tests__/BackpackBottomSheet.test.tsx [2m([22m[2m10 tests[22m[2m)[22m[32m 231[2mms[22m[39m
 [32m??[39m src/components/__tests__/GameOverlay.test.tsx [2m([22m[2m7 tests[22m[2m)[22m[33m 367[2mms[22m[39m
 [32m??[39m src/components/__tests__/ErrorLogSection.test.tsx [2m([22m[2m7 tests[22m[2m)[22m[32m 263[2mms[22m[39m
 [32m??[39m src/components/__tests__/CustomKeypad.test.tsx [2m([22m[2m13 tests[22m[2m)[22m[32m 248[2mms[22m[39m
 [32m??[39m src/components/__tests__/PreGameLobby.test.tsx [2m([22m[2m9 tests[22m[2m)[22m[32m 205[2mms[22m[39m
 [32m??[39m src/components/__tests__/LevelListCard.test.tsx [2m([22m[2m8 tests[22m[2m)[22m[32m 267[2mms[22m[39m
[90mstderr[2m | src/components/__tests__/MyRecord
Card.test.tsx[2m > [22m[2mMyRecordCard[2m > [2
2m[2mshould render records after loading
[22m[39mWarning: An update to MyRecordCard inside
 a test was not wrapped in act(...).

When testing, code that causes React state updates 
should be wrapped into act(...):

act(() => {
  /* fire events that update state */
});
/* assert on the output */

This ensures that you're testing the behavior the u
ser would see in the browser. Learn more at https:/
/reactjs.org/link/wrap-tests-with-act
    at MyRecordCard (C:/Users/?덈옉?뚰겕_?덉쓽誘?.gemini/p
roject/solve-climb/src/components/MyRecordCard.tsx:
10:25)
Warning: An update to MyRecordCard inside a test wa
s not wrapped in act(...).

When testing, code that causes React state updates 
should be wrapped into act(...):

act(() => {
  /* fire events that update state */
});
/* assert on the output */

This ensures that you're testing the behavior the u
ser would see in the browser. Learn more at https:/
/reactjs.org/link/wrap-tests-with-act
    at MyRecordCard (C:/Users/?덈옉?뚰겕_?덉쓽誘?.gemini/p
roject/solve-climb/src/components/MyRecordCard.tsx:
10:25)

[90mstderr[2m | src/components/__tests__/MyRecord
Card.test.tsx[2m > [22m[2mMyRecordCard[2m > [2
2m[2mshould display "湲곕줉 ?놁쓬" when no records exis
t
[22m[39mWarning: An update to MyRecordCard inside
 a test was not wrapped in act(...).

When testing, code that causes React state updates 
should be wrapped into act(...):

act(() => {
  /* fire events that update state */
});
/* assert on the output */

This ensures that you're testing the behavior the u
ser would see in the browser. Learn more at https:/
/reactjs.org/link/wrap-tests-with-act
    at MyRecordCard (C:/Users/?덈옉?뚰겕_?덉쓽誘?.gemini/p
roject/solve-climb/src/components/MyRecordCard.tsx:
10:25)
Warning: An update to MyRecordCard inside a test wa
s not wrapped in act(...).

When testing, code that causes React state updates 
should be wrapped into act(...):

act(() => {
  /* fire events that update state */
});
/* assert on the output */

This ensures that you're testing the behavior the u
ser would see in the browser. Learn more at https:/
/reactjs.org/link/wrap-tests-with-act
    at MyRecordCard (C:/Users/?덈옉?뚰겕_?덉쓽誘?.gemini/p
roject/solve-climb/src/components/MyRecordCard.tsx:
10:25)

[90mstderr[2m | src/components/__tests__/MyRecord
Card.test.tsx[2m > [22m[2mMyRecordCard[2m > [2
2m[2mshould display only time-attack record when s
urvival is null
[22m[39mWarning: An update to MyRecordCard inside
 a test was not wrapped in act(...).

When testing, code that causes React state updates 
should be wrapped into act(...):

act(() => {
  /* fire events that update state */
});
/* assert on the output */

This ensures that you're testing the behavior the u
ser would see in the browser. Learn more at https:/
/reactjs.org/link/wrap-tests-with-act
    at MyRecordCard (C:/Users/?덈옉?뚰겕_?덉쓽誘?.gemini/p
roject/solve-climb/src/components/MyRecordCard.tsx:
10:25)
Warning: An update to MyRecordCard inside a test wa
s not wrapped in act(...).

When testing, code that causes React state updates 
should be wrapped into act(...):

act(() => {
  /* fire events that update state */
});
/* assert on the output */

This ensures that you're testing the behavior the u
ser would see in the browser. Learn more at https:/
/reactjs.org/link/wrap-tests-with-act
    at MyRecordCard (C:/Users/?덈옉?뚰겕_?덉쓽誘?.gemini/p
roject/solve-climb/src/components/MyRecordCard.tsx:
10:25)

[90mstderr[2m | src/components/__tests__/MyRecord
Card.test.tsx[2m > [22m[2mMyRecordCard[2m > [2
2m[2mshould display only survival record when time
-attack is null
[22m[39mWarning: An update to MyRecordCard inside
 a test was not wrapped in act(...).

When testing, code that causes React state updates 
should be wrapped into act(...):

act(() => {
  /* fire events that update state */
});
/* assert on the output */

This ensures that you're testing the behavior the u
ser would see in the browser. Learn more at https:/
/reactjs.org/link/wrap-tests-with-act
    at MyRecordCard (C:/Users/?덈옉?뚰겕_?덉쓽誘?.gemini/p
roject/solve-climb/src/components/MyRecordCard.tsx:
10:25)
Warning: An update to MyRecordCard inside a test wa
s not wrapped in act(...).

When testing, code that causes React state updates 
should be wrapped into act(...):

act(() => {
  /* fire events that update state */
});
/* assert on the output */

This ensures that you're testing the behavior the u
ser would see in the browser. Learn more at https:/
/reactjs.org/link/wrap-tests-with-act
    at MyRecordCard (C:/Users/?덈옉?뚰겕_?덉쓽誘?.gemini/p
roject/solve-climb/src/components/MyRecordCard.tsx:
10:25)

[90mstderr[2m | src/components/__tests__/MyRecord
Card.test.tsx[2m > [22m[2mMyRecordCard[2m > [2
2m[2mshould format numbers with locale string
[22m[39mWarning: An update to MyRecordCard inside
 a test was not wrapped in act(...).

When testing, code that causes React state updates 
should be wrapped into act(...):

act(() => {
  /* fire events that update state */
});
/* assert on the output */

This ensures that you're testing the behavior the u
ser would see in the browser. Learn more at https:/
/reactjs.org/link/wrap-tests-with-act
    at MyRecordCard (C:/Users/?덈옉?뚰겕_?덉쓽誘?.gemini/p
roject/solve-climb/src/components/MyRecordCard.tsx:
10:25)
Warning: An update to MyRecordCard inside a test wa
s not wrapped in act(...).

When testing, code that causes React state updates 
should be wrapped into act(...):

act(() => {
  /* fire events that update state */
});
/* assert on the output */

This ensures that you're testing the behavior the u
ser would see in the browser. Learn more at https:/
/reactjs.org/link/wrap-tests-with-act
    at MyRecordCard (C:/Users/?덈옉?뚰겕_?덉쓽誘?.gemini/p
roject/solve-climb/src/components/MyRecordCard.tsx:
10:25)

 [32m??[39m src/components/__tests__/MyRecordCard.test.tsx [2m([22m[2m6 tests[22m[2m)[22m[32m 256[2mms[22m[39m
 [32m??[39m src/components/__tests__/LastChanceModal.test.tsx [2m([22m[2m10 tests[22m[2m)[22m[32m 206[2mms[22m[39m
 [32m??[39m src/components/__tests__/UnknownMountainCard.test.tsx [2m([22m[2m11 tests[22m[2m)[22m[32m 209[2mms[22m[39m
 [32m??[39m src/components/__tests__/FooterNav.test.tsx [2m([22m[2m12 tests[22m[2m)[22m[33m 305[2mms[22m[39m
 [32m??[39m src/stores/__tests__/useGameStore.test.ts [2m([22m[2m18 tests[22m[2m)[22m[32m 136[2mms[22m[39m
 [32m??[39m src/components/__tests__/TimerCircle.test.tsx [2m([22m[2m11 tests[22m[2m)[22m[32m 284[2mms[22m[39m
 [32m??[39m src/components/__tests__/ModeSelectModal.test.tsx [2m([22m[2m9 tests[22m[2m)[22m[33m 323[2mms[22m[39m
 [32m??[39m src/components/__tests__/TierSystemSection.test.tsx [2m([22m[2m6 tests[22m[2m)[22m[32m 244[2mms[22m[39m
[90mstderr[2m | src/pages/__tests__/ShopPage.test
.tsx
[22m[39m[2026-01-19T07:05:40.005Z] [Env] ?섍꼍 蹂??
寃利??ㅽ뙣:
?꾩닔 ?섍꼍 蹂??"VITE_SUPABASE_URL"媛 ?ㅼ젙?섏? ?딆븯?듬땲??
?꾩닔 ?섍꼍 蹂??"VITE_SUPABASE_ANON_KEY"媛 ?ㅼ젙?섏? ?딆븯?듬
땲??

?꾩닔 ?섍꼍 蹂??
  - VITE_SUPABASE_URL
  - VITE_SUPABASE_ANON_KEY

.env.example ?뚯씪??李멸퀬?섏뿬 ?섍꼍 蹂?섎? ?ㅼ젙?댁＜?몄슂.
?ъ궗 ?섍꼍?먯꽌???섍꼍 蹂?섍? ?놁뼱???깆씠 ?숈옉?⑸땲??(Supabase 湲곕
뒫 ?쒗븳).

[90mstdout[2m | src/pages/__tests__/ShopPage.test.tsx
[22m[39m[Env] ?섍꼍 蹂???뺣낫
  [2026-01-19T07:05:40.008Z] [Env] 媛쒕컻 ?섍꼍: true
  [2026-01-19T07:05:40.008Z] [Env] ?꾨줈?뺤뀡 ?섍꼍: false
  [2026-01-19T07:05:40.008Z] [Env] Supabase URL: 誘몄꽕??  [2026-01-19T07:05:40.008Z] [Env] Supabase Anon Key: 誘몄꽕??
 [32m??[39m src/hooks/__tests__/useQuizInput.test.ts [2m([22m[2m36 tests[22m[2m)[22m[32m 248[2mms[22m[39m
[90mstdout[2m | src/pages/__tests__/ShopPage.test.tsx
[22m[39m[UserStore] No user found, skipping fetch

 [32m??[39m src/pages/__tests__/ShopPage.test.tsx [2m([22m[2m1 test[22m[2m)[22m[32m 219[2mms[22m[39m
 [32m??[39m src/components/__tests__/GameTipModal.test.tsx [2m([22m[2m8 tests[22m[2m)[22m[32m 190[2mms[22m[39m
Error: Test error
    at ThrowError (C:/Users/?덈옉?뚰겕_?덉쓽誘?.gemini/pro
ject/solve-climb/src/components/__tests__/ErrorBoun
dary.test.tsx:36:11)
    at renderWithHooks (C:\Users\?덈옉?뚰겕_?덉쓽誘?.gemin
i\project\solve-climb\node_modules\react-dom\cjs\re
act-dom.development.js:15486:18)
    at mountIndeterminateComponent (C:\Users\?덈옉?뚰겕
_?덉쓽誘?.gemini\project\solve-climb\node_modules\reac
t-dom\cjs\react-dom.development.js:20103:13)
    at beginWork (C:\Users\?덈옉?뚰겕_?덉쓽誘?.gemini\proj
ect\solve-climb\node_modules\react-dom\cjs\react-do
m.development.js:21626:16)
    at HTMLUnknownElement.callCallback (C:\Users\?덈
옉?뚰겕_?덉쓽誘?.gemini\project\solve-climb\node_modules\
react-dom\cjs\react-dom.development.js:4164:14)
    at HTMLUnknownElement.callTheUserObjectsOperati
on (C:\Users\?덈옉?뚰겕_?덉쓽誘?.gemini\project\solve-clim
b\node_modules\jsdom\lib\jsdom\living\generated\Eve
ntListener.js:26:30)
    at innerInvokeEventListeners (C:\Users\?덈옉?뚰겕_?
덉쓽誘?.gemini\project\solve-climb\node_modules\jsdom\
lib\jsdom\living\events\EventTarget-impl.js:360:16)
    at invokeEventListeners (C:\Users\?덈옉?뚰겕_?덉쓽誘?.
gemini\project\solve-climb\node_modules\jsdom\lib\j
sdom\living\events\EventTarget-impl.js:296:3)
    at HTMLUnknownElementImpl._dispatch (C:\Users\?
덈옉?뚰겕_?덉쓽誘?.gemini\project\solve-climb\node_modules
\jsdom\lib\jsdom\living\events\EventTarget-impl.js:
243:9)
    at HTMLUnknownElementImpl.dispatchEvent (C:\Use
rs\?덈옉?뚰겕_?덉쓽誘?.gemini\project\solve-climb\node_mod
ules\jsdom\lib\jsdom\living\events\EventTarget-impl
.js:114:17)
Error: Test error
    at ThrowError (C:/Users/?덈옉?뚰겕_?덉쓽誘?.gemini/pro
ject/solve-climb/src/components/__tests__/ErrorBoun
dary.test.tsx:36:11)
    at renderWithHooks (C:\Users\?덈옉?뚰겕_?덉쓽誘?.gemin
i\project\solve-climb\node_modules\react-dom\cjs\re
act-dom.development.js:15486:18)
    at mountIndeterminateComponent (C:\Users\?덈옉?뚰겕
_?덉쓽誘?.gemini\project\solve-climb\node_modules\reac
t-dom\cjs\react-dom.development.js:20103:13)
    at beginWork (C:\Users\?덈옉?뚰겕_?덉쓽誘?.gemini\proj
ect\solve-climb\node_modules\react-dom\cjs\react-do
m.development.js:21626:16)
    at HTMLUnknownElement.callCallback (C:\Users\?덈
옉?뚰겕_?덉쓽誘?.gemini\project\solve-climb\node_modules\
react-dom\cjs\react-dom.development.js:4164:14)
    at HTMLUnknownElement.callTheUserObjectsOperati
on (C:\Users\?덈옉?뚰겕_?덉쓽誘?.gemini\project\solve-clim
b\node_modules\jsdom\lib\jsdom\living\generated\Eve
ntListener.js:26:30)
    at innerInvokeEventListeners (C:\Users\?덈옉?뚰겕_?
덉쓽誘?.gemini\project\solve-climb\node_modules\jsdom\
lib\jsdom\living\events\EventTarget-impl.js:360:16)
    at invokeEventListeners (C:\Users\?덈옉?뚰겕_?덉쓽誘?.
gemini\project\solve-climb\node_modules\jsdom\lib\j
sdom\living\events\EventTarget-impl.js:296:3)
    at HTMLUnknownElementImpl._dispatch (C:\Users\?
덈옉?뚰겕_?덉쓽誘?.gemini\project\solve-climb\node_modules
\jsdom\lib\jsdom\living\events\EventTarget-impl.js:
243:9)
    at HTMLUnknownElementImpl.dispatchEvent (C:\Use
rs\?덈옉?뚰겕_?덉쓽誘?.gemini\project\solve-climb\node_mod
ules\jsdom\lib\jsdom\living\events\EventTarget-impl
.js:114:17)
Error: Test error
    at ThrowError (C:/Users/?덈옉?뚰겕_?덉쓽誘?.gemini/pro
ject/solve-climb/src/components/__tests__/ErrorBoun
dary.test.tsx:36:11)
    at renderWithHooks (C:\Users\?덈옉?뚰겕_?덉쓽誘?.gemin
i\project\solve-climb\node_modules\react-dom\cjs\re
act-dom.development.js:15486:18)
    at mountIndeterminateComponent (C:\Users\?덈옉?뚰겕
_?덉쓽誘?.gemini\project\solve-climb\node_modules\reac
t-dom\cjs\react-dom.development.js:20103:13)
    at beginWork (C:\Users\?덈옉?뚰겕_?덉쓽誘?.gemini\proj
ect\solve-climb\node_modules\react-dom\cjs\react-do
m.development.js:21626:16)
    at HTMLUnknownElement.callCallback (C:\Users\?덈
옉?뚰겕_?덉쓽誘?.gemini\project\solve-climb\node_modules\
react-dom\cjs\react-dom.development.js:4164:14)
    at HTMLUnknownElement.callTheUserObjectsOperati
on (C:\Users\?덈옉?뚰겕_?덉쓽誘?.gemini\project\solve-clim
b\node_modules\jsdom\lib\jsdom\living\generated\Eve
ntListener.js:26:30)
    at innerInvokeEventListeners (C:\Users\?덈옉?뚰겕_?
덉쓽誘?.gemini\project\solve-climb\node_modules\jsdom\
lib\jsdom\living\events\EventTarget-impl.js:360:16)
    at invokeEventListeners (C:\Users\?덈옉?뚰겕_?덉쓽誘?.
gemini\project\solve-climb\node_modules\jsdom\lib\j
sdom\living\events\EventTarget-impl.js:296:3)
    at HTMLUnknownElementImpl._dispatch (C:\Users\?
덈옉?뚰겕_?덉쓽誘?.gemini\project\solve-climb\node_modules
\jsdom\lib\jsdom\living\events\EventTarget-impl.js:
243:9)
    at HTMLUnknownElementImpl.dispatchEvent (C:\Use
rs\?덈옉?뚰겕_?덉쓽誘?.gemini\project\solve-climb\node_mod
ules\jsdom\lib\jsdom\living\events\EventTarget-impl
.js:114:17)
Error: Test error
    at ThrowError (C:/Users/?덈옉?뚰겕_?덉쓽誘?.gemini/pro
ject/solve-climb/src/components/__tests__/ErrorBoun
dary.test.tsx:36:11)
    at renderWithHooks (C:\Users\?덈옉?뚰겕_?덉쓽誘?.gemin
i\project\solve-climb\node_modules\react-dom\cjs\re
act-dom.development.js:15486:18)
    at mountIndeterminateComponent (C:\Users\?덈옉?뚰겕
_?덉쓽誘?.gemini\project\solve-climb\node_modules\reac
t-dom\cjs\react-dom.development.js:20103:13)
    at beginWork (C:\Users\?덈옉?뚰겕_?덉쓽誘?.gemini\proj
ect\solve-climb\node_modules\react-dom\cjs\react-do
m.development.js:21626:16)
    at HTMLUnknownElement.callCallback (C:\Users\?덈
옉?뚰겕_?덉쓽誘?.gemini\project\solve-climb\node_modules\
react-dom\cjs\react-dom.development.js:4164:14)
    at HTMLUnknownElement.callTheUserObjectsOperati
on (C:\Users\?덈옉?뚰겕_?덉쓽誘?.gemini\project\solve-clim
b\node_modules\jsdom\lib\jsdom\living\generated\Eve
ntListener.js:26:30)
    at innerInvokeEventListeners (C:\Users\?덈옉?뚰겕_?
덉쓽誘?.gemini\project\solve-climb\node_modules\jsdom\
lib\jsdom\living\events\EventTarget-impl.js:360:16)
    at invokeEventListeners (C:\Users\?덈옉?뚰겕_?덉쓽誘?.
gemini\project\solve-climb\node_modules\jsdom\lib\j
sdom\living\events\EventTarget-impl.js:296:3)
    at HTMLUnknownElementImpl._dispatch (C:\Users\?
덈옉?뚰겕_?덉쓽誘?.gemini\project\solve-climb\node_modules
\jsdom\lib\jsdom\living\events\EventTarget-impl.js:
243:9)
    at HTMLUnknownElementImpl.dispatchEvent (C:\Use
rs\?덈옉?뚰겕_?덉쓽誘?.gemini\project\solve-climb\node_mod
ules\jsdom\lib\jsdom\living\events\EventTarget-impl
.js:114:17)
Error: Test error
    at ThrowError (C:/Users/?덈옉?뚰겕_?덉쓽誘?.gemini/pro
ject/solve-climb/src/components/__tests__/ErrorBoun
dary.test.tsx:36:11)
    at renderWithHooks (C:\Users\?덈옉?뚰겕_?덉쓽誘?.gemin
i\project\solve-climb\node_modules\react-dom\cjs\re
act-dom.development.js:15486:18)
    at mountIndeterminateComponent (C:\Users\?덈옉?뚰겕
_?덉쓽誘?.gemini\project\solve-climb\node_modules\reac
t-dom\cjs\react-dom.development.js:20103:13)
    at beginWork (C:\Users\?덈옉?뚰겕_?덉쓽誘?.gemini\proj
ect\solve-climb\node_modules\react-dom\cjs\react-do
m.development.js:21626:16)
    at HTMLUnknownElement.callCallback (C:\Users\?덈
옉?뚰겕_?덉쓽誘?.gemini\project\solve-climb\node_modules\
react-dom\cjs\react-dom.development.js:4164:14)
    at HTMLUnknownElement.callTheUserObjectsOperati
on (C:\Users\?덈옉?뚰겕_?덉쓽誘?.gemini\project\solve-clim
b\node_modules\jsdom\lib\jsdom\living\generated\Eve
ntListener.js:26:30)
    at innerInvokeEventListeners (C:\Users\?덈옉?뚰겕_?
덉쓽誘?.gemini\project\solve-climb\node_modules\jsdom\
lib\jsdom\living\events\EventTarget-impl.js:360:16)
    at invokeEventListeners (C:\Users\?덈옉?뚰겕_?덉쓽誘?.
gemini\project\solve-climb\node_modules\jsdom\lib\j
sdom\living\events\EventTarget-impl.js:296:3)
    at HTMLUnknownElementImpl._dispatch (C:\Users\?
덈옉?뚰겕_?덉쓽誘?.gemini\project\solve-climb\node_modules
\jsdom\lib\jsdom\living\events\EventTarget-impl.js:
243:9)
    at HTMLUnknownElementImpl.dispatchEvent (C:\Use
rs\?덈옉?뚰겕_?덉쓽誘?.gemini\project\solve-climb\node_mod
ules\jsdom\lib\jsdom\living\events\EventTarget-impl
.js:114:17)
Error: Test error
    at ThrowError (C:/Users/?덈옉?뚰겕_?덉쓽誘?.gemini/pro
ject/solve-climb/src/components/__tests__/ErrorBoun
dary.test.tsx:36:11)
    at renderWithHooks (C:\Users\?덈옉?뚰겕_?덉쓽誘?.gemin
i\project\solve-climb\node_modules\react-dom\cjs\re
act-dom.development.js:15486:18)
    at mountIndeterminateComponent (C:\Users\?덈옉?뚰겕
_?덉쓽誘?.gemini\project\solve-climb\node_modules\reac
t-dom\cjs\react-dom.development.js:20103:13)
    at beginWork (C:\Users\?덈옉?뚰겕_?덉쓽誘?.gemini\proj
ect\solve-climb\node_modules\react-dom\cjs\react-do
m.development.js:21626:16)
    at HTMLUnknownElement.callCallback (C:\Users\?덈
옉?뚰겕_?덉쓽誘?.gemini\project\solve-climb\node_modules\
react-dom\cjs\react-dom.development.js:4164:14)
    at HTMLUnknownElement.callTheUserObjectsOperati
on (C:\Users\?덈옉?뚰겕_?덉쓽誘?.gemini\project\solve-clim
b\node_modules\jsdom\lib\jsdom\living\generated\Eve
ntListener.js:26:30)
    at innerInvokeEventListeners (C:\Users\?덈옉?뚰겕_?
덉쓽誘?.gemini\project\solve-climb\node_modules\jsdom\
lib\jsdom\living\events\EventTarget-impl.js:360:16)
    at invokeEventListeners (C:\Users\?덈옉?뚰겕_?덉쓽誘?.
gemini\project\solve-climb\node_modules\jsdom\lib\j
sdom\living\events\EventTarget-impl.js:296:3)
    at HTMLUnknownElementImpl._dispatch (C:\Users\?
덈옉?뚰겕_?덉쓽誘?.gemini\project\solve-climb\node_modules
\jsdom\lib\jsdom\living\events\EventTarget-impl.js:
243:9)
    at HTMLUnknownElementImpl.dispatchEvent (C:\Use
rs\?덈옉?뚰겕_?덉쓽誘?.gemini\project\solve-climb\node_mod
ules\jsdom\lib\jsdom\living\events\EventTarget-impl
.js:114:17)
Error: Test error
    at ThrowError (C:/Users/?덈옉?뚰겕_?덉쓽誘?.gemini/pro
ject/solve-climb/src/components/__tests__/ErrorBoun
dary.test.tsx:36:11)
    at renderWithHooks (C:\Users\?덈옉?뚰겕_?덉쓽誘?.gemin
i\project\solve-climb\node_modules\react-dom\cjs\re
act-dom.development.js:15486:18)
    at mountIndeterminateComponent (C:\Users\?덈옉?뚰겕
_?덉쓽誘?.gemini\project\solve-climb\node_modules\reac
t-dom\cjs\react-dom.development.js:20103:13)
    at beginWork (C:\Users\?덈옉?뚰겕_?덉쓽誘?.gemini\proj
ect\solve-climb\node_modules\react-dom\cjs\react-do
m.development.js:21626:16)
    at HTMLUnknownElement.callCallback (C:\Users\?덈
옉?뚰겕_?덉쓽誘?.gemini\project\solve-climb\node_modules\
react-dom\cjs\react-dom.development.js:4164:14)
    at HTMLUnknownElement.callTheUserObjectsOperati
on (C:\Users\?덈옉?뚰겕_?덉쓽誘?.gemini\project\solve-clim
b\node_modules\jsdom\lib\jsdom\living\generated\Eve
ntListener.js:26:30)
    at innerInvokeEventListeners (C:\Users\?덈옉?뚰겕_?
덉쓽誘?.gemini\project\solve-climb\node_modules\jsdom\
lib\jsdom\living\events\EventTarget-impl.js:360:16)
    at invokeEventListeners (C:\Users\?덈옉?뚰겕_?덉쓽誘?.
gemini\project\solve-climb\node_modules\jsdom\lib\j
sdom\living\events\EventTarget-impl.js:296:3)
    at HTMLUnknownElementImpl._dispatch (C:\Users\?
덈옉?뚰겕_?덉쓽誘?.gemini\project\solve-climb\node_modules
\jsdom\lib\jsdom\living\events\EventTarget-impl.js:
243:9)
    at HTMLUnknownElementImpl.dispatchEvent (C:\Use
rs\?덈옉?뚰겕_?덉쓽誘?.gemini\project\solve-climb\node_mod
ules\jsdom\lib\jsdom\living\events\EventTarget-impl
.js:114:17)
Error: Test error
    at ThrowError (C:/Users/?덈옉?뚰겕_?덉쓽誘?.gemini/pro
ject/solve-climb/src/components/__tests__/ErrorBoun
dary.test.tsx:36:11)
    at renderWithHooks (C:\Users\?덈옉?뚰겕_?덉쓽誘?.gemin
i\project\solve-climb\node_modules\react-dom\cjs\re
act-dom.development.js:15486:18)
    at mountIndeterminateComponent (C:\Users\?덈옉?뚰겕
_?덉쓽誘?.gemini\project\solve-climb\node_modules\reac
t-dom\cjs\react-dom.development.js:20103:13)
    at beginWork (C:\Users\?덈옉?뚰겕_?덉쓽誘?.gemini\proj
ect\solve-climb\node_modules\react-dom\cjs\react-do
m.development.js:21626:16)
    at HTMLUnknownElement.callCallback (C:\Users\?덈
옉?뚰겕_?덉쓽誘?.gemini\project\solve-climb\node_modules\
react-dom\cjs\react-dom.development.js:4164:14)
    at HTMLUnknownElement.callTheUserObjectsOperati
on (C:\Users\?덈옉?뚰겕_?덉쓽誘?.gemini\project\solve-clim
b\node_modules\jsdom\lib\jsdom\living\generated\Eve
ntListener.js:26:30)
    at innerInvokeEventListeners (C:\Users\?덈옉?뚰겕_?
덉쓽誘?.gemini\project\solve-climb\node_modules\jsdom\
lib\jsdom\living\events\EventTarget-impl.js:360:16)
    at invokeEventListeners (C:\Users\?덈옉?뚰겕_?덉쓽誘?.
gemini\project\solve-climb\node_modules\jsdom\lib\j
sdom\living\events\EventTarget-impl.js:296:3)
    at HTMLUnknownElementImpl._dispatch (C:\Users\?
덈옉?뚰겕_?덉쓽誘?.gemini\project\solve-climb\node_modules
\jsdom\lib\jsdom\living\events\EventTarget-impl.js:
243:9)
    at HTMLUnknownElementImpl.dispatchEvent (C:\Use
rs\?덈옉?뚰겕_?덉쓽誘?.gemini\project\solve-climb\node_mod
ules\jsdom\lib\jsdom\living\events\EventTarget-impl
.js:114:17)
 [32m??[39m src/components/__tests__/KeyboardInfoModal.test.tsx [2m([22m[2m9 tests[22m[2m)[22m[32m 195[2mms[22m[39m
Error: Test error
    at ThrowError (C:/Users/?덈옉?뚰겕_?덉쓽誘?.gemini/pro
ject/solve-climb/src/components/__tests__/ErrorBoun
dary.test.tsx:36:11)
    at renderWithHooks (C:\Users\?덈옉?뚰겕_?덉쓽誘?.gemin
i\project\solve-climb\node_modules\react-dom\cjs\re
act-dom.development.js:15486:18)
    at mountIndeterminateComponent (C:\Users\?덈옉?뚰겕
_?덉쓽誘?.gemini\project\solve-climb\node_modules\reac
t-dom\cjs\react-dom.development.js:20103:13)
    at beginWork (C:\Users\?덈옉?뚰겕_?덉쓽誘?.gemini\proj
ect\solve-climb\node_modules\react-dom\cjs\react-do
m.development.js:21626:16)
    at HTMLUnknownElement.callCallback (C:\Users\?덈
옉?뚰겕_?덉쓽誘?.gemini\project\solve-climb\node_modules\
react-dom\cjs\react-dom.development.js:4164:14)
    at HTMLUnknownElement.callTheUserObjectsOperati
on (C:\Users\?덈옉?뚰겕_?덉쓽誘?.gemini\project\solve-clim
b\node_modules\jsdom\lib\jsdom\living\generated\Eve
ntListener.js:26:30)
    at innerInvokeEventListeners (C:\Users\?덈옉?뚰겕_?
덉쓽誘?.gemini\project\solve-climb\node_modules\jsdom\
lib\jsdom\living\events\EventTarget-impl.js:360:16)
    at invokeEventListeners (C:\Users\?덈옉?뚰겕_?덉쓽誘?.
gemini\project\solve-climb\node_modules\jsdom\lib\j
sdom\living\events\EventTarget-impl.js:296:3)
    at HTMLUnknownElementImpl._dispatch (C:\Users\?
덈옉?뚰겕_?덉쓽誘?.gemini\project\solve-climb\node_modules
\jsdom\lib\jsdom\living\events\EventTarget-impl.js:
243:9)
    at HTMLUnknownElementImpl.dispatchEvent (C:\Use
rs\?덈옉?뚰겕_?덉쓽誘?.gemini\project\solve-climb\node_mod
ules\jsdom\lib\jsdom\living\events\EventTarget-impl
.js:114:17)
Error: Test error
    at ThrowError (C:/Users/?덈옉?뚰겕_?덉쓽誘?.gemini/pro
ject/solve-climb/src/components/__tests__/ErrorBoun
dary.test.tsx:36:11)
    at renderWithHooks (C:\Users\?덈옉?뚰겕_?덉쓽誘?.gemin
i\project\solve-climb\node_modules\react-dom\cjs\re
act-dom.development.js:15486:18)
    at mountIndeterminateComponent (C:\Users\?덈옉?뚰겕
_?덉쓽誘?.gemini\project\solve-climb\node_modules\reac
t-dom\cjs\react-dom.development.js:20103:13)
    at beginWork (C:\Users\?덈옉?뚰겕_?덉쓽誘?.gemini\proj
ect\solve-climb\node_modules\react-dom\cjs\react-do
m.development.js:21626:16)
    at HTMLUnknownElement.callCallback (C:\Users\?덈
옉?뚰겕_?덉쓽誘?.gemini\project\solve-climb\node_modules\
react-dom\cjs\react-dom.development.js:4164:14)
    at HTMLUnknownElement.callTheUserObjectsOperati
on (C:\Users\?덈옉?뚰겕_?덉쓽誘?.gemini\project\solve-clim
b\node_modules\jsdom\lib\jsdom\living\generated\Eve
ntListener.js:26:30)
    at innerInvokeEventListeners (C:\Users\?덈옉?뚰겕_?
덉쓽誘?.gemini\project\solve-climb\node_modules\jsdom\
lib\jsdom\living\events\EventTarget-impl.js:360:16)
    at invokeEventListeners (C:\Users\?덈옉?뚰겕_?덉쓽誘?.
gemini\project\solve-climb\node_modules\jsdom\lib\j
sdom\living\events\EventTarget-impl.js:296:3)
    at HTMLUnknownElementImpl._dispatch (C:\Users\?
덈옉?뚰겕_?덉쓽誘?.gemini\project\solve-climb\node_modules
\jsdom\lib\jsdom\living\events\EventTarget-impl.js:
243:9)
    at HTMLUnknownElementImpl.dispatchEvent (C:\Use
rs\?덈옉?뚰겕_?덉쓽誘?.gemini\project\solve-climb\node_mod
ules\jsdom\lib\jsdom\living\events\EventTarget-impl
.js:114:17)
Error: Test error
    at ThrowError (C:/Users/?덈옉?뚰겕_?덉쓽誘?.gemini/pro
ject/solve-climb/src/components/__tests__/ErrorBoun
dary.test.tsx:36:11)
    at renderWithHooks (C:\Users\?덈옉?뚰겕_?덉쓽誘?.gemin
i\project\solve-climb\node_modules\react-dom\cjs\re
act-dom.development.js:15486:18)
    at mountIndeterminateComponent (C:\Users\?덈옉?뚰겕
_?덉쓽誘?.gemini\project\solve-climb\node_modules\reac
t-dom\cjs\react-dom.development.js:20103:13)
    at beginWork (C:\Users\?덈옉?뚰겕_?덉쓽誘?.gemini\proj
ect\solve-climb\node_modules\react-dom\cjs\react-do
m.development.js:21626:16)
    at HTMLUnknownElement.callCallback (C:\Users\?덈
옉?뚰겕_?덉쓽誘?.gemini\project\solve-climb\node_modules\
react-dom\cjs\react-dom.development.js:4164:14)
    at HTMLUnknownElement.callTheUserObjectsOperati
on (C:\Users\?덈옉?뚰겕_?덉쓽誘?.gemini\project\solve-clim
b\node_modules\jsdom\lib\jsdom\living\generated\Eve
ntListener.js:26:30)
    at innerInvokeEventListeners (C:\Users\?덈옉?뚰겕_?
덉쓽誘?.gemini\project\solve-climb\node_modules\jsdom\
lib\jsdom\living\events\EventTarget-impl.js:360:16)
    at invokeEventListeners (C:\Users\?덈옉?뚰겕_?덉쓽誘?.
gemini\project\solve-climb\node_modules\jsdom\lib\j
sdom\living\events\EventTarget-impl.js:296:3)
    at HTMLUnknownElementImpl._dispatch (C:\Users\?
덈옉?뚰겕_?덉쓽誘?.gemini\project\solve-climb\node_modules
\jsdom\lib\jsdom\living\events\EventTarget-impl.js:
243:9)
    at HTMLUnknownElementImpl.dispatchEvent (C:\Use
rs\?덈옉?뚰겕_?덉쓽誘?.gemini\project\solve-climb\node_mod
ules\jsdom\lib\jsdom\living\events\EventTarget-impl
.js:114:17)
Error: Test error
    at ThrowError (C:/Users/?덈옉?뚰겕_?덉쓽誘?.gemini/pro
ject/solve-climb/src/components/__tests__/ErrorBoun
dary.test.tsx:36:11)
    at renderWithHooks (C:\Users\?덈옉?뚰겕_?덉쓽誘?.gemin
i\project\solve-climb\node_modules\react-dom\cjs\re
act-dom.development.js:15486:18)
    at mountIndeterminateComponent (C:\Users\?덈옉?뚰겕
_?덉쓽誘?.gemini\project\solve-climb\node_modules\reac
t-dom\cjs\react-dom.development.js:20103:13)
    at beginWork (C:\Users\?덈옉?뚰겕_?덉쓽誘?.gemini\proj
ect\solve-climb\node_modules\react-dom\cjs\react-do
m.development.js:21626:16)
    at HTMLUnknownElement.callCallback (C:\Users\?덈
옉?뚰겕_?덉쓽誘?.gemini\project\solve-climb\node_modules\
react-dom\cjs\react-dom.development.js:4164:14)
    at HTMLUnknownElement.callTheUserObjectsOperati
on (C:\Users\?덈옉?뚰겕_?덉쓽誘?.gemini\project\solve-clim
b\node_modules\jsdom\lib\jsdom\living\generated\Eve
ntListener.js:26:30)
    at innerInvokeEventListeners (C:\Users\?덈옉?뚰겕_?
덉쓽誘?.gemini\project\solve-climb\node_modules\jsdom\
lib\jsdom\living\events\EventTarget-impl.js:360:16)
    at invokeEventListeners (C:\Users\?덈옉?뚰겕_?덉쓽誘?.
gemini\project\solve-climb\node_modules\jsdom\lib\j
sdom\living\events\EventTarget-impl.js:296:3)
    at HTMLUnknownElementImpl._dispatch (C:\Users\?
덈옉?뚰겕_?덉쓽誘?.gemini\project\solve-climb\node_modules
\jsdom\lib\jsdom\living\events\EventTarget-impl.js:
243:9)
    at HTMLUnknownElementImpl.dispatchEvent (C:\Use
rs\?덈옉?뚰겕_?덉쓽誘?.gemini\project\solve-climb\node_mod
ules\jsdom\lib\jsdom\living\events\EventTarget-impl
.js:114:17)
Error: Test error
    at ThrowError (C:/Users/?덈옉?뚰겕_?덉쓽誘?.gemini/pro
ject/solve-climb/src/components/__tests__/ErrorBoun
dary.test.tsx:36:11)
    at renderWithHooks (C:\Users\?덈옉?뚰겕_?덉쓽誘?.gemin
i\project\solve-climb\node_modules\react-dom\cjs\re
act-dom.development.js:15486:18)
    at mountIndeterminateComponent (C:\Users\?덈옉?뚰겕
_?덉쓽誘?.gemini\project\solve-climb\node_modules\reac
t-dom\cjs\react-dom.development.js:20103:13)
    at beginWork (C:\Users\?덈옉?뚰겕_?덉쓽誘?.gemini\proj
ect\solve-climb\node_modules\react-dom\cjs\react-do
m.development.js:21626:16)
    at HTMLUnknownElement.callCallback (C:\Users\?덈
옉?뚰겕_?덉쓽誘?.gemini\project\solve-climb\node_modules\
react-dom\cjs\react-dom.development.js:4164:14)
    at HTMLUnknownElement.callTheUserObjectsOperati
on (C:\Users\?덈옉?뚰겕_?덉쓽誘?.gemini\project\solve-clim
b\node_modules\jsdom\lib\jsdom\living\generated\Eve
ntListener.js:26:30)
    at innerInvokeEventListeners (C:\Users\?덈옉?뚰겕_?
덉쓽誘?.gemini\project\solve-climb\node_modules\jsdom\
lib\jsdom\living\events\EventTarget-impl.js:360:16)
    at invokeEventListeners (C:\Users\?덈옉?뚰겕_?덉쓽誘?.
gemini\project\solve-climb\node_modules\jsdom\lib\j
sdom\living\events\EventTarget-impl.js:296:3)
    at HTMLUnknownElementImpl._dispatch (C:\Users\?
덈옉?뚰겕_?덉쓽誘?.gemini\project\solve-climb\node_modules
\jsdom\lib\jsdom\living\events\EventTarget-impl.js:
243:9)
    at HTMLUnknownElementImpl.dispatchEvent (C:\Use
rs\?덈옉?뚰겕_?덉쓽誘?.gemini\project\solve-climb\node_mod
ules\jsdom\lib\jsdom\living\events\EventTarget-impl
.js:114:17)
Error: Test error
    at ThrowError (C:/Users/?덈옉?뚰겕_?덉쓽誘?.gemini/pro
ject/solve-climb/src/components/__tests__/ErrorBoun
dary.test.tsx:36:11)
    at renderWithHooks (C:\Users\?덈옉?뚰겕_?덉쓽誘?.gemin
i\project\solve-climb\node_modules\react-dom\cjs\re
act-dom.development.js:15486:18)
    at mountIndeterminateComponent (C:\Users\?덈옉?뚰겕
_?덉쓽誘?.gemini\project\solve-climb\node_modules\reac
t-dom\cjs\react-dom.development.js:20103:13)
    at beginWork (C:\Users\?덈옉?뚰겕_?덉쓽誘?.gemini\proj
ect\solve-climb\node_modules\react-dom\cjs\react-do
m.development.js:21626:16)
    at HTMLUnknownElement.callCallback (C:\Users\?덈
옉?뚰겕_?덉쓽誘?.gemini\project\solve-climb\node_modules\
react-dom\cjs\react-dom.development.js:4164:14)
    at HTMLUnknownElement.callTheUserObjectsOperati
on (C:\Users\?덈옉?뚰겕_?덉쓽誘?.gemini\project\solve-clim
b\node_modules\jsdom\lib\jsdom\living\generated\Eve
ntListener.js:26:30)
    at innerInvokeEventListeners (C:\Users\?덈옉?뚰겕_?
덉쓽誘?.gemini\project\solve-climb\node_modules\jsdom\
lib\jsdom\living\events\EventTarget-impl.js:360:16)
    at invokeEventListeners (C:\Users\?덈옉?뚰겕_?덉쓽誘?.
gemini\project\solve-climb\node_modules\jsdom\lib\j
sdom\living\events\EventTarget-impl.js:296:3)
    at HTMLUnknownElementImpl._dispatch (C:\Users\?
덈옉?뚰겕_?덉쓽誘?.gemini\project\solve-climb\node_modules
\jsdom\lib\jsdom\living\events\EventTarget-impl.js:
243:9)
    at HTMLUnknownElementImpl.dispatchEvent (C:\Use
rs\?덈옉?뚰겕_?덉쓽誘?.gemini\project\solve-climb\node_mod
ules\jsdom\lib\jsdom\living\events\EventTarget-impl
.js:114:17)
 [32m??[39m src/components/__tests__/ErrorBoundary.test.tsx [2m([22m[2m7 tests[22m[2m)[22m[32m 202[2mms[22m[39m
[90mstderr[2m | src/components/__tests__/BadgeSlo
t.test.tsx
[22m[39m[2026-01-19T07:05:46.786Z] [Env] ?섍꼍 蹂??
寃利??ㅽ뙣:
?꾩닔 ?섍꼍 蹂??"VITE_SUPABASE_URL"媛 ?ㅼ젙?섏? ?딆븯?듬땲??
?꾩닔 ?섍꼍 蹂??"VITE_SUPABASE_ANON_KEY"媛 ?ㅼ젙?섏? ?딆븯?듬
땲??

?꾩닔 ?섍꼍 蹂??
  - VITE_SUPABASE_URL
  - VITE_SUPABASE_ANON_KEY

.env.example ?뚯씪??李멸퀬?섏뿬 ?섍꼍 蹂?섎? ?ㅼ젙?댁＜?몄슂.
?ъ궗 ?섍꼍?먯꽌???섍꼍 蹂?섍? ?놁뼱???깆씠 ?숈옉?⑸땲??(Supabase 湲곕
뒫 ?쒗븳).

[90mstdout[2m | src/components/__tests__/BadgeSlot.test.tsx
[22m[39m[Env] ?섍꼍 蹂???뺣낫
  [2026-01-19T07:05:46.788Z] [Env] 媛쒕컻 ?섍꼍: true
  [2026-01-19T07:05:46.788Z] [Env] ?꾨줈?뺤뀡 ?섍꼍: false
  [2026-01-19T07:05:46.788Z] [Env] Supabase URL: 誘몄꽕??  [2026-01-19T07:05:46.788Z] [Env] Supabase Anon Key: 誘몄꽕??
 [32m??[39m src/components/__tests__/BadgeSlot.test.tsx [2m([22m[2m9 tests[22m[2m)[22m[32m 183[2mms[22m[39m
[90mstderr[2m | src/hooks/__tests__/useSession.te
st.ts[2m > [22m[2museSession[2m > [22m[2mshou
ld initialize with loading state
[22m[39mWarning: An update to TestComponent insid
e a test was not wrapped in act(...).

When testing, code that causes React state updates 
should be wrapped into act(...):

act(() => {
  /* fire events that update state */
});
/* assert on the output */

This ensures that you're testing the behavior the u
ser would see in the browser. Learn more at https:/
/reactjs.org/link/wrap-tests-with-act
    at TestComponent (C:\Users\?덈옉?뚰겕_?덉쓽誘?.gemini\
project\solve-climb\node_modules\@testing-library\r
eact\dist\pure.js:328:5)

[90mstderr[2m | src/hooks/__tests__/useSession.te
st.ts[2m > [22m[2museSession[2m > [22m[2mshou
ld register auth state change listener
[22m[39mWarning: An update to TestComponent insid
e a test was not wrapped in act(...).

When testing, code that causes React state updates 
should be wrapped into act(...):

act(() => {
  /* fire events that update state */
});
/* assert on the output */

This ensures that you're testing the behavior the u
ser would see in the browser. Learn more at https:/
/reactjs.org/link/wrap-tests-with-act
    at TestComponent (C:\Users\?덈옉?뚰겕_?덉쓽誘?.gemini\
project\solve-climb\node_modules\@testing-library\r
eact\dist\pure.js:328:5)

 [32m??[39m src/hooks/__tests__/useSession.test.ts [2m([22m[2m5 tests[22m[2m)[22m[32m 190[2mms[22m[39m
 [32m??[39m src/components/__tests__/UnderDevelopmentModal.test.tsx [2m([22m[2m10 tests[22m[2m)[22m[32m 172[2mms[22m[39m
 [32m??[39m src/components/__tests__/TimeSelector.test.tsx [2m([22m[2m7 tests[22m[2m)[22m[32m 144[2mms[22m[39m
 [32m??[39m src/components/__tests__/ErrorFallback.test.tsx [2m([22m[2m9 tests[22m[2m)[22m[32m 222[2mms[22m[39m
[90mstderr[2m | src/pages/__tests__/HomePage.test
.tsx
[22m[39m[2026-01-19T07:05:51.778Z] [Env] ?섍꼍 蹂??
寃利??ㅽ뙣:
?꾩닔 ?섍꼍 蹂??"VITE_SUPABASE_URL"媛 ?ㅼ젙?섏? ?딆븯?듬땲??
?꾩닔 ?섍꼍 蹂??"VITE_SUPABASE_ANON_KEY"媛 ?ㅼ젙?섏? ?딆븯?듬
땲??

?꾩닔 ?섍꼍 蹂??
  - VITE_SUPABASE_URL
  - VITE_SUPABASE_ANON_KEY

.env.example ?뚯씪??李멸퀬?섏뿬 ?섍꼍 蹂?섎? ?ㅼ젙?댁＜?몄슂.
?ъ궗 ?섍꼍?먯꽌???섍꼍 蹂?섍? ?놁뼱???깆씠 ?숈옉?⑸땲??(Supabase 湲곕
뒫 ?쒗븳).

[90mstdout[2m | src/pages/__tests__/HomePage.test.tsx
[22m[39m[Env] ?섍꼍 蹂???뺣낫
  [2026-01-19T07:05:51.782Z] [Env] 媛쒕컻 ?섍꼍: true
  [2026-01-19T07:05:51.782Z] [Env] ?꾨줈?뺤뀡 ?섍꼍: false
  [2026-01-19T07:05:51.782Z] [Env] Supabase URL: 誘몄꽕??  [2026-01-19T07:05:51.782Z] [Env] Supabase Anon Key: 誘몄꽕??
[90mstderr[2m | src/pages/__tests__/HomePage.test
.tsx[2m > [22m[2mHomePage[2m > [22m[2mshould 
render homepage components
[22m[39mWarning: An update to ChallengeCard insid
e a test was not wrapped in act(...).

When testing, code that causes React state updates 
should be wrapped into act(...):

act(() => {
  /* fire events that update state */
});
/* assert on the output */

This ensures that you're testing the behavior the u
ser would see in the browser. Learn more at https:/
/reactjs.org/link/wrap-tests-with-act
    at ChallengeCard (C:/Users/?덈옉?뚰겕_?덉쓽誘?.gemini/
project/solve-climb/src/components/ChallengeCard.ts
x:18:66)
    at div
    at main
    at div
    at HomePage (C:/Users/?덈옉?뚰겕_?덉쓽誘?.gemini/proje
ct/solve-climb/src/pages/HomePage.tsx:28:79)
    at Router (file:///C:/Users/%EC%98%88%EB%9E%91%
ED%85%8C%ED%81%AC_%EC%95%88%EC%9D%98%EB%AF%BC/.gemi
ni/project/solve-climb/node_modules/react-router/di
st/development/chunk-UIGDSWPH.mjs:6404:13)
    at BrowserRouter (file:///C:/Users/%EC%98%88%EB
%9E%91%ED%85%8C%ED%81%AC_%EC%95%88%EC%9D%98%EB%AF%B
C/.gemini/project/solve-climb/node_modules/react-ro
uter/dist/development/chunk-UIGDSWPH.mjs:9551:3)
Warning: An update to ChallengeCard inside a test w
as not wrapped in act(...).

When testing, code that causes React state updates 
should be wrapped into act(...):

act(() => {
  /* fire events that update state */
});
/* assert on the output */

This ensures that you're testing the behavior the u
ser would see in the browser. Learn more at https:/
/reactjs.org/link/wrap-tests-with-act
    at ChallengeCard (C:/Users/?덈옉?뚰겕_?덉쓽誘?.gemini/
project/solve-climb/src/components/ChallengeCard.ts
x:18:66)
    at div
    at main
    at div
    at HomePage (C:/Users/?덈옉?뚰겕_?덉쓽誘?.gemini/proje
ct/solve-climb/src/pages/HomePage.tsx:28:79)
    at Router (file:///C:/Users/%EC%98%88%EB%9E%91%
ED%85%8C%ED%81%AC_%EC%95%88%EC%9D%98%EB%AF%BC/.gemi
ni/project/solve-climb/node_modules/react-router/di
st/development/chunk-UIGDSWPH.mjs:6404:13)
    at BrowserRouter (file:///C:/Users/%EC%98%88%EB
%9E%91%ED%85%8C%ED%81%AC_%EC%95%88%EC%9D%98%EB%AF%B
C/.gemini/project/solve-climb/node_modules/react-ro
uter/dist/development/chunk-UIGDSWPH.mjs:9551:3)

[90mstdout[2m | src/pages/__tests__/HomePage.test.tsx[2m > [22m[2mHomePage
[22m[39m[UserStore] No user found, skipping fetch

 [32m??[39m src/pages/__tests__/HomePage.test.tsx [2m([22m[2m1 test[22m[2m)[22m[32m 200[2mms[22m[39m
[90mstderr[2m | src/utils/__tests__/debugPresets.
test.ts[2m > [22m[2mdebugPresets - Custom Preset
s[2m > [22m[2mgetCustomPresets[2m > [22m[2msh
ould handle corrupted localStorage data gracefully
[22m[39mFailed to load custom presets: SyntaxErro
r: Unexpected token 'i', "invalid json" is not vali
d JSON
    at JSON.parse (<anonymous>)
    at Module.getCustomPresets (C:/Users/?덈옉?뚰겕_?덉쓽
誘?.gemini/project/solve-climb/src/utils/debugPreset
s.ts:405:26)
    at C:/Users/?덈옉?뚰겕_?덉쓽誘?.gemini/project/solve-c
limb/src/utils/__tests__/debugPresets.test.ts:151:2
3
    at [90mfile:///C:/Users/%EC%98%88%EB%9E%91%ED%
85%8C%ED%81%AC_%EC%95%88%EC%9D%98%EB%AF%BC/.gemini/
project/solve-climb/[39mnode_modules/[4m@vitest/r
unner[24m/dist/index.js:145:11
    at [90mfile:///C:/Users/%EC%98%88%EB%9E%91%ED%
85%8C%ED%81%AC_%EC%95%88%EC%9D%98%EB%AF%BC/.gemini/
project/solve-climb/[39mnode_modules/[4m@vitest/r
unner[24m/dist/index.js:915:26
    at [90mfile:///C:/Users/%EC%98%88%EB%9E%91%ED%
85%8C%ED%81%AC_%EC%95%88%EC%9D%98%EB%AF%BC/.gemini/
project/solve-climb/[39mnode_modules/[4m@vitest/r
unner[24m/dist/index.js:1243:20
    at new Promise (<anonymous>)
    at runWithTimeout [90m(file:///C:/Users/%EC%98
%88%EB%9E%91%ED%85%8C%ED%81%AC_%EC%95%88%EC%9D%98%E
B%AF%BC/.gemini/project/solve-climb/[39mnode_modul
es/[4m@vitest/runner[24m/dist/index.js:1209:10[9
0m)[39m
    at [90mfile:///C:/Users/%EC%98%88%EB%9E%91%ED%
85%8C%ED%81%AC_%EC%95%88%EC%9D%98%EB%AF%BC/.gemini/
project/solve-climb/[39mnode_modules/[4m@vitest/r
unner[24m/dist/index.js:1653:37
    at Traces.$ [90m(file:///C:/Users/%EC%98%88%EB
%9E%91%ED%85%8C%ED%81%AC_%EC%95%88%EC%9D%98%EB%AF%B
C/.gemini/project/solve-climb/[39mnode_modules/[4
mvitest[24m/dist/chunks/traces.U4xDYhzZ.js:115:27
[90m)[39m

[90mstderr[2m | src/utils/__tests__/debugPresets.
test.ts[2m > [22m[2mdebugPresets - Custom Preset
s[2m > [22m[2msaveCustomPreset[2m > [22m[2msh
ould throw error on localStorage failure
[22m[39mFailed to save custom preset: Error: Stor
age quota exceeded
    at Object.<anonymous> (C:/Users/?덈옉?뚰겕_?덉쓽誘?.ge
mini/project/solve-climb/src/utils/__tests__/debugP
resets.test.ts:203:15)
    at Object.Mock [as setItem] [90m(file:///C:/Us
ers/%EC%98%88%EB%9E%91%ED%85%8C%ED%81%AC_%EC%95%88%
EC%9D%98%EB%AF%BC/.gemini/project/solve-climb/[39m
node_modules/[4m@vitest/spy[24m/dist/index.js:285
:34[90m)[39m
    at Module.saveCustomPreset (C:/Users/?덈옉?뚰겕_?덉쓽
誘?.gemini/project/solve-climb/src/utils/debugPreset
s.ts:429:18)
    at C:/Users/?덈옉?뚰겕_?덉쓽誘?.gemini/project/solve-c
limb/src/utils/__tests__/debugPresets.test.ts:214:2
0
    at Proxy.assertThrows [90m(file:///C:/Users/%E
C%98%88%EB%9E%91%ED%85%8C%ED%81%AC_%EC%95%88%EC%9D%
98%EB%AF%BC/.gemini/project/solve-climb/[39mnode_m
odules/[4mchai[24m/index.js:2798:5[90m)[39m
    at Proxy.methodWrapper [90m(file:///C:/Users/%
EC%98%88%EB%9E%91%ED%85%8C%ED%81%AC_%EC%95%88%EC%9D
%98%EB%AF%BC/.gemini/project/solve-climb/[39mnode_
modules/[4mchai[24m/index.js:1700:25[90m)[39m
    at Proxy.<anonymous> [90m(file:///C:/Users/%EC
%98%88%EB%9E%91%ED%85%8C%ED%81%AC_%EC%95%88%EC%9D%9
8%EB%AF%BC/.gemini/project/solve-climb/[39mnode_mo
dules/[4m@vitest/expect[24m/dist/index.js:1149:12
[90m)[39m
    at Proxy.overwritingMethodWrapper [90m(file://
/C:/Users/%EC%98%88%EB%9E%91%ED%85%8C%ED%81%AC_%EC%
95%88%EC%9D%98%EB%AF%BC/.gemini/project/solve-climb
/[39mnode_modules/[4mchai[24m/index.js:1750:33[
90m)[39m
    at Proxy.<anonymous> [90m(file:///C:/Users/%EC
%98%88%EB%9E%91%ED%85%8C%ED%81%AC_%EC%95%88%EC%9D%9
8%EB%AF%BC/.gemini/project/solve-climb/[39mnode_mo
dules/[4m@vitest/expect[24m/dist/index.js:1485:16
[90m)[39m
    at Proxy.<anonymous> [90m(file:///C:/Users/%EC
%98%88%EB%9E%91%ED%85%8C%ED%81%AC_%EC%95%88%EC%9D%9
8%EB%AF%BC/.gemini/project/solve-climb/[39mnode_mo
dules/[4m@vitest/expect[24m/dist/index.js:1090:14
[90m)[39m

[90mstderr[2m | src/utils/__tests__/debugPresets.
test.ts[2m > [22m[2mdebugPresets - Custom Preset
s[2m > [22m[2mimportCustomPresets[2m > [22m[2
mshould throw error for invalid JSON
[22m[39mFailed to import custom presets: SyntaxEr
ror: Unexpected token 'i', "invalid json" is not va
lid JSON
    at JSON.parse (<anonymous>)
    at Module.importCustomPresets (C:/Users/?덈옉?뚰겕_
?덉쓽誘?.gemini/project/solve-climb/src/utils/debugPre
sets.ts:459:26)
    at C:/Users/?덈옉?뚰겕_?덉쓽誘?.gemini/project/solve-c
limb/src/utils/__tests__/debugPresets.test.ts:327:2
0
    at Proxy.assertThrows [90m(file:///C:/Users/%E
C%98%88%EB%9E%91%ED%85%8C%ED%81%AC_%EC%95%88%EC%9D%
98%EB%AF%BC/.gemini/project/solve-climb/[39mnode_m
odules/[4mchai[24m/index.js:2798:5[90m)[39m
    at Proxy.methodWrapper [90m(file:///C:/Users/%
EC%98%88%EB%9E%91%ED%85%8C%ED%81%AC_%EC%95%88%EC%9D
%98%EB%AF%BC/.gemini/project/solve-climb/[39mnode_
modules/[4mchai[24m/index.js:1700:25[90m)[39m
    at Proxy.<anonymous> [90m(file:///C:/Users/%EC
%98%88%EB%9E%91%ED%85%8C%ED%81%AC_%EC%95%88%EC%9D%9
8%EB%AF%BC/.gemini/project/solve-climb/[39mnode_mo
dules/[4m@vitest/expect[24m/dist/index.js:1149:12
[90m)[39m
    at Proxy.overwritingMethodWrapper [90m(file://
/C:/Users/%EC%98%88%EB%9E%91%ED%85%8C%ED%81%AC_%EC%
95%88%EC%9D%98%EB%AF%BC/.gemini/project/solve-climb
/[39mnode_modules/[4mchai[24m/index.js:1750:33[
90m)[39m
    at Proxy.<anonymous> [90m(file:///C:/Users/%EC
%98%88%EB%9E%91%ED%85%8C%ED%81%AC_%EC%95%88%EC%9D%9
8%EB%AF%BC/.gemini/project/solve-climb/[39mnode_mo
dules/[4m@vitest/expect[24m/dist/index.js:1485:16
[90m)[39m
    at Proxy.<anonymous> [90m(file:///C:/Users/%EC
%98%88%EB%9E%91%ED%85%8C%ED%81%AC_%EC%95%88%EC%9D%9
8%EB%AF%BC/.gemini/project/solve-climb/[39mnode_mo
dules/[4m@vitest/expect[24m/dist/index.js:1090:14
[90m)[39m
    at Proxy.methodWrapper [90m(file:///C:/Users/%
EC%98%88%EB%9E%91%ED%85%8C%ED%81%AC_%EC%95%88%EC%9D
%98%EB%AF%BC/.gemini/project/solve-climb/[39mnode_
modules/[4mchai[24m/index.js:1700:25[90m)[39m

[90mstderr[2m | src/utils/__tests__/debugPresets.
test.ts[2m > [22m[2mdebugPresets - Custom Preset
s[2m > [22m[2mimportCustomPresets[2m > [22m[2
mshould throw error when JSON is not an array
[22m[39mFailed to import custom presets: Error: I
nvalid preset format: must be an array
    at Module.importCustomPresets (C:/Users/?덈옉?뚰겕_
?덉쓽誘?.gemini/project/solve-climb/src/utils/debugPre
sets.ts:463:13)
    at C:/Users/?덈옉?뚰겕_?덉쓽誘?.gemini/project/solve-c
limb/src/utils/__tests__/debugPresets.test.ts:332:2
0
    at Proxy.assertThrows [90m(file:///C:/Users/%E
C%98%88%EB%9E%91%ED%85%8C%ED%81%AC_%EC%95%88%EC%9D%
98%EB%AF%BC/.gemini/project/solve-climb/[39mnode_m
odules/[4mchai[24m/index.js:2798:5[90m)[39m
    at Proxy.methodWrapper [90m(file:///C:/Users/%
EC%98%88%EB%9E%91%ED%85%8C%ED%81%AC_%EC%95%88%EC%9D
%98%EB%AF%BC/.gemini/project/solve-climb/[39mnode_
modules/[4mchai[24m/index.js:1700:25[90m)[39m
    at Proxy.<anonymous> [90m(file:///C:/Users/%EC
%98%88%EB%9E%91%ED%85%8C%ED%81%AC_%EC%95%88%EC%9D%9
8%EB%AF%BC/.gemini/project/solve-climb/[39mnode_mo
dules/[4m@vitest/expect[24m/dist/index.js:1149:12
[90m)[39m
    at Proxy.overwritingMethodWrapper [90m(file://
/C:/Users/%EC%98%88%EB%9E%91%ED%85%8C%ED%81%AC_%EC%
95%88%EC%9D%98%EB%AF%BC/.gemini/project/solve-climb
/[39mnode_modules/[4mchai[24m/index.js:1750:33[
90m)[39m
    at Proxy.<anonymous> [90m(file:///C:/Users/%EC
%98%88%EB%9E%91%ED%85%8C%ED%81%AC_%EC%95%88%EC%9D%9
8%EB%AF%BC/.gemini/project/solve-climb/[39mnode_mo
dules/[4m@vitest/expect[24m/dist/index.js:1485:16
[90m)[39m
    at Proxy.<anonymous> [90m(file:///C:/Users/%EC
%98%88%EB%9E%91%ED%85%8C%ED%81%AC_%EC%95%88%EC%9D%9
8%EB%AF%BC/.gemini/project/solve-climb/[39mnode_mo
dules/[4m@vitest/expect[24m/dist/index.js:1090:14
[90m)[39m
    at Proxy.methodWrapper [90m(file:///C:/Users/%
EC%98%88%EB%9E%91%ED%85%8C%ED%81%AC_%EC%95%88%EC%9D
%98%EB%AF%BC/.gemini/project/solve-climb/[39mnode_
modules/[4mchai[24m/index.js:1700:25[90m)[39m
    at C:/Users/?덈옉?뚰겕_?덉쓽誘?.gemini/project/solve-c
limb/src/utils/__tests__/debugPresets.test.ts:332:4
7

[90mstderr[2m | src/utils/__tests__/debugPresets.
test.ts[2m > [22m[2mdebugPresets - Custom Preset
s[2m > [22m[2mimportCustomPresets[2m > [22m[2
mshould throw error when preset is missing required
 fields
[22m[39mFailed to import custom presets: Error: I
nvalid preset format: invalid
    at Module.importCustomPresets (C:/Users/?덈옉?뚰겕_
?덉쓽誘?.gemini/project/solve-climb/src/utils/debugPre
sets.ts:469:15)
    at C:/Users/?덈옉?뚰겕_?덉쓽誘?.gemini/project/solve-c
limb/src/utils/__tests__/debugPresets.test.ts:338:2
0
    at Proxy.assertThrows [90m(file:///C:/Users/%E
C%98%88%EB%9E%91%ED%85%8C%ED%81%AC_%EC%95%88%EC%9D%
98%EB%AF%BC/.gemini/project/solve-climb/[39mnode_m
odules/[4mchai[24m/index.js:2798:5[90m)[39m
    at Proxy.methodWrapper [90m(file:///C:/Users/%
EC%98%88%EB%9E%91%ED%85%8C%ED%81%AC_%EC%95%88%EC%9D
%98%EB%AF%BC/.gemini/project/solve-climb/[39mnode_
modules/[4mchai[24m/index.js:1700:25[90m)[39m
    at Proxy.<anonymous> [90m(file:///C:/Users/%EC
%98%88%EB%9E%91%ED%85%8C%ED%81%AC_%EC%95%88%EC%9D%9
8%EB%AF%BC/.gemini/project/solve-climb/[39mnode_mo
dules/[4m@vitest/expect[24m/dist/index.js:1149:12
[90m)[39m
    at Proxy.overwritingMethodWrapper [90m(file://
/C:/Users/%EC%98%88%EB%9E%91%ED%85%8C%ED%81%AC_%EC%
95%88%EC%9D%98%EB%AF%BC/.gemini/project/solve-climb
/[39mnode_modules/[4mchai[24m/index.js:1750:33[
90m)[39m
    at Proxy.<anonymous> [90m(file:///C:/Users/%EC
%98%88%EB%9E%91%ED%85%8C%ED%81%AC_%EC%95%88%EC%9D%9
8%EB%AF%BC/.gemini/project/solve-climb/[39mnode_mo
dules/[4m@vitest/expect[24m/dist/index.js:1485:16
[90m)[39m
    at Proxy.<anonymous> [90m(file:///C:/Users/%EC
%98%88%EB%9E%91%ED%85%8C%ED%81%AC_%EC%95%88%EC%9D%9
8%EB%AF%BC/.gemini/project/solve-climb/[39mnode_mo
dules/[4m@vitest/expect[24m/dist/index.js:1090:14
[90m)[39m
    at Proxy.methodWrapper [90m(file:///C:/Users/%
EC%98%88%EB%9E%91%ED%85%8C%ED%81%AC_%EC%95%88%EC%9D
%98%EB%AF%BC/.gemini/project/solve-climb/[39mnode_
modules/[4mchai[24m/index.js:1700:25[90m)[39m
    at C:/Users/?덈옉?뚰겕_?덉쓽誘?.gemini/project/solve-c
limb/src/utils/__tests__/debugPresets.test.ts:338:4
7

[90mstderr[2m | src/utils/__tests__/debugPresets.
test.ts[2m > [22m[2mdebugPresets - Preset Histor
y[2m > [22m[2msavePresetHistory and getPresetHis
tories[2m > [22m[2mshould handle corrupted local
Storage gracefully
[22m[39mFailed to load preset history: SyntaxErro
r: Unexpected token 'i', "invalid json" is not vali
d JSON
    at JSON.parse (<anonymous>)
    at Module.getPresetHistories (C:/Users/?덈옉?뚰겕_?
덉쓽誘?.gemini/project/solve-climb/src/utils/debugPres
ets.ts:287:28)
    at C:/Users/?덈옉?뚰겕_?덉쓽誘?.gemini/project/solve-c
limb/src/utils/__tests__/debugPresets.test.ts:489:2
5
    at [90mfile:///C:/Users/%EC%98%88%EB%9E%91%ED%
85%8C%ED%81%AC_%EC%95%88%EC%9D%98%EB%AF%BC/.gemini/
project/solve-climb/[39mnode_modules/[4m@vitest/r
unner[24m/dist/index.js:145:11
    at [90mfile:///C:/Users/%EC%98%88%EB%9E%91%ED%
85%8C%ED%81%AC_%EC%95%88%EC%9D%98%EB%AF%BC/.gemini/
project/solve-climb/[39mnode_modules/[4m@vitest/r
unner[24m/dist/index.js:915:26
    at [90mfile:///C:/Users/%EC%98%88%EB%9E%91%ED%
85%8C%ED%81%AC_%EC%95%88%EC%9D%98%EB%AF%BC/.gemini/
project/solve-climb/[39mnode_modules/[4m@vitest/r
unner[24m/dist/index.js:1243:20
    at new Promise (<anonymous>)
    at runWithTimeout [90m(file:///C:/Users/%EC%98
%88%EB%9E%91%ED%85%8C%ED%81%AC_%EC%95%88%EC%9D%98%E
B%AF%BC/.gemini/project/solve-climb/[39mnode_modul
es/[4m@vitest/runner[24m/dist/index.js:1209:10[9
0m)[39m
    at [90mfile:///C:/Users/%EC%98%88%EB%9E%91%ED%
85%8C%ED%81%AC_%EC%95%88%EC%9D%98%EB%AF%BC/.gemini/
project/solve-climb/[39mnode_modules/[4m@vitest/r
unner[24m/dist/index.js:1653:37
    at Traces.$ [90m(file:///C:/Users/%EC%98%88%EB
%9E%91%ED%85%8C%ED%81%AC_%EC%95%88%EC%9D%98%EB%AF%B
C/.gemini/project/solve-climb/[39mnode_modules/[4
mvitest[24m/dist/chunks/traces.U4xDYhzZ.js:115:27
[90m)[39m

[90mstderr[2m | src/utils/__tests__/debugPresets.
test.ts[2m > [22m[2mdebugPresets - applyPreset[
2m > [22m[2mshould save failure history when acti
on fails
[22m[39mFailed to execute action [1/4]: reset 
Action details: {
  "type": "reset",
  "target": "all"
} 
Error: [object Object]

 [32m??[39m src/utils/__tests__/debugPresets.test.ts [2m([22m[2m69 tests[22m[2m)[22m[32m 171[2mms[22m[39m
 [32m??[39m src/components/__tests__/BadgeSystemSection.test.tsx [2m([22m[2m3 tests[22m[2m)[22m[32m 161[2mms[22m[39m
 [32m??[39m src/components/__tests__/CategoryList.test.tsx [2m([22m[2m4 tests[22m[2m)[22m[32m 211[2mms[22m[39m
 [32m??[39m src/components/__tests__/StaminaWarningModal.test.tsx [2m([22m[2m9 tests[22m[2m)[22m[32m 215[2mms[22m[39m
 [32m??[39m src/components/__tests__/CustomPresetModal.test.tsx [2m([22m[2m5 tests[22m[2m)[22m[32m 136[2mms[22m[39m
 [32m??[39m src/components/__tests__/AlertModal.test.tsx [2m([22m[2m10 tests[22m[2m)[22m[32m 187[2mms[22m[39m
[90mstderr[2m | src/hooks/__tests__/useQuestionGe
nerator.test.ts[2m > [22m[2museQuestionGenerator
[2m > [22m[2mshould return early when category o
r topic is null
[22m[39mMissing world or category for question ge
neration

 [32m??[39m src/hooks/__tests__/useQuestionGenerator.test.ts [2m([22m[2m12 tests[22m[2m)[22m[32m 118[2mms[22m[39m
 [32m??[39m src/components/__tests__/DataResetConfirmModal.test.tsx [2m([22m[2m9 tests[22m[2m)[22m[32m 178[2mms[22m[39m
 [32m??[39m src/components/__tests__/ItemFeedbackOverlay.test.tsx [2m([22m[2m6 tests[22m[2m)[22m[32m 150[2mms[22m[39m
[90mstderr[2m | src/hooks/__tests__/useLoading.te
st.ts[2m > [22m[2museLoading[2m > [22m[2mshou
ld stop loading even if async function throws
[22m[39mWarning: An update to TestComponent insid
e a test was not wrapped in act(...).

When testing, code that causes React state updates 
should be wrapped into act(...):

act(() => {
  /* fire events that update state */
});
/* assert on the output */

This ensures that you're testing the behavior the u
ser would see in the browser. Learn more at https:/
/reactjs.org/link/wrap-tests-with-act
    at TestComponent (C:\Users\?덈옉?뚰겕_?덉쓽誘?.gemini\
project\solve-climb\node_modules\@testing-library\r
eact\dist\pure.js:328:5)
Warning: An update to TestComponent inside a test w
as not wrapped in act(...).

When testing, code that causes React state updates 
should be wrapped into act(...):

act(() => {
  /* fire events that update state */
});
/* assert on the output */

This ensures that you're testing the behavior the u
ser would see in the browser. Learn more at https:/
/reactjs.org/link/wrap-tests-with-act
    at TestComponent (C:\Users\?덈옉?뚰겕_?덉쓽誘?.gemini\
project\solve-climb\node_modules\@testing-library\r
eact\dist\pure.js:328:5)

[90mstderr[2m | src/hooks/__tests__/useLoading.te
st.ts[2m > [22m[2museLoading[2m > [22m[2mshou
ld stop loading even if async function throws
[22m[39mWarning: An update to TestComponent insid
e a test was not wrapped in act(...).

When testing, code that causes React state updates 
should be wrapped into act(...):

act(() => {
  /* fire events that update state */
});
/* assert on the output */

This ensures that you're testing the behavior the u
ser would see in the browser. Learn more at https:/
/reactjs.org/link/wrap-tests-with-act
    at TestComponent (C:\Users\?덈옉?뚰겕_?덉쓽誘?.gemini\
project\solve-climb\node_modules\@testing-library\r
eact\dist\pure.js:328:5)
Warning: An update to TestComponent inside a test w
as not wrapped in act(...).

When testing, code that causes React state updates 
should be wrapped into act(...):

act(() => {
  /* fire events that update state */
});
/* assert on the output */

This ensures that you're testing the behavior the u
ser would see in the browser. Learn more at https:/
/reactjs.org/link/wrap-tests-with-act
    at TestComponent (C:\Users\?덈옉?뚰겕_?덉쓽誘?.gemini\
project\solve-climb\node_modules\@testing-library\r
eact\dist\pure.js:328:5)

 [32m??[39m src/hooks/__tests__/useLoading.test.ts [2m([22m[2m10 tests[22m[2m)[22m[32m 204[2mms[22m[39m
[90mstderr[2m | src/pages/__tests__/MyPage.test.t
sx
[22m[39m[2026-01-19T07:06:06.560Z] [Env] ?섍꼍 蹂??
寃利??ㅽ뙣:
?꾩닔 ?섍꼍 蹂??"VITE_SUPABASE_URL"媛 ?ㅼ젙?섏? ?딆븯?듬땲??
?꾩닔 ?섍꼍 蹂??"VITE_SUPABASE_ANON_KEY"媛 ?ㅼ젙?섏? ?딆븯?듬
땲??

?꾩닔 ?섍꼍 蹂??
  - VITE_SUPABASE_URL
  - VITE_SUPABASE_ANON_KEY

.env.example ?뚯씪??李멸퀬?섏뿬 ?섍꼍 蹂?섎? ?ㅼ젙?댁＜?몄슂.
?ъ궗 ?섍꼍?먯꽌???섍꼍 蹂?섍? ?놁뼱???깆씠 ?숈옉?⑸땲??(Supabase 湲곕
뒫 ?쒗븳).

[90mstdout[2m | src/pages/__tests__/MyPage.test.tsx
[22m[39m[Env] ?섍꼍 蹂???뺣낫
  [2026-01-19T07:06:06.564Z] [Env] 媛쒕컻 ?섍꼍: true
  [2026-01-19T07:06:06.564Z] [Env] ?꾨줈?뺤뀡 ?섍꼍: false
  [2026-01-19T07:06:06.564Z] [Env] Supabase URL: 誘몄꽕??  [2026-01-19T07:06:06.564Z] [Env] Supabase Anon Key: 誘몄꽕??
[90mstderr[2m | src/pages/__tests__/MyPage.test.t
sx[2m > [22m[2mMyPage[2m > [22m[2mshould rend
er without crashing
[22m[39mWarning: An update to MyPage inside a tes
t was not wrapped in act(...).

When testing, code that causes React state updates 
should be wrapped into act(...):

act(() => {
  /* fire events that update state */
});
/* assert on the output */

This ensures that you're testing the behavior the u
ser would see in the browser. Learn more at https:/
/reactjs.org/link/wrap-tests-with-act
    at MyPage (C:/Users/?덈옉?뚰겕_?덉쓽誘?.gemini/project
/solve-climb/src/pages/MyPage.tsx:91:71)
    at Router (file:///C:/Users/%EC%98%88%EB%9E%91%
ED%85%8C%ED%81%AC_%EC%95%88%EC%9D%98%EB%AF%BC/.gemi
ni/project/solve-climb/node_modules/react-router/di
st/development/chunk-UIGDSWPH.mjs:6404:13)
    at BrowserRouter (file:///C:/Users/%EC%98%88%EB
%9E%91%ED%85%8C%ED%81%AC_%EC%95%88%EC%9D%98%EB%AF%B
C/.gemini/project/solve-climb/node_modules/react-ro
uter/dist/development/chunk-UIGDSWPH.mjs:9551:3)

[90mstdout[2m | src/pages/__tests__/MyPage.test.tsx
[22m[39m[UserStore] No user found, skipping fetch

 [32m??[39m src/pages/__tests__/MyPage.test.tsx [2m([22m[2m1 test[22m[2m)[22m[32m 135[2mms[22m[39m
[90mstderr[2m | src/components/__tests__/Countdow
nOverlay.test.tsx[2m > [22m[2mCountdownOverlay[
2m > [22m[2mshould reset countdown when isVisible
 changes
[22m[39mWarning: An update to CountdownOverlay in
side a test was not wrapped in act(...).

When testing, code that causes React state updates 
should be wrapped into act(...):

act(() => {
  /* fire events that update state */
});
/* assert on the output */

This ensures that you're testing the behavior the u
ser would see in the browser. Learn more at https:/
/reactjs.org/link/wrap-tests-with-act
    at CountdownOverlay (C:/Users/?덈옉?뚰겕_?덉쓽誘?.gemi
ni/project/solve-climb/src/components/CountdownOver
lay.tsx:8:29)

 [32m??[39m src/components/__tests__/CountdownOverlay.test.tsx [2m([22m[2m7 tests[22m[2m)[22m[32m 146[2mms[22m[39m
 [32m??[39m src/components/__tests__/Toast.test.tsx [2m([22m[2m8 tests[22m[2m)[22m[32m 169[2mms[22m[39m
[90mstderr[2m | src/components/__tests__/ItemSyst
emSection.test.tsx[2m > [22m[2mItemSystemSection
[2m > [22m[2mshould display loading state initia
lly
[22m[39mWarning: An update to ItemSystemSection i
nside a test was not wrapped in act(...).

When testing, code that causes React state updates 
should be wrapped into act(...):

act(() => {
  /* fire events that update state */
});
/* assert on the output */

This ensures that you're testing the behavior the u
ser would see in the browser. Learn more at https:/
/reactjs.org/link/wrap-tests-with-act
    at ItemSystemSection (C:/Users/?덈옉?뚰겕_?덉쓽誘?.gem
ini/project/solve-climb/src/components/debug/ItemSy
stemSection.tsx:14:83)
Warning: An update to ItemSystemSection inside a te
st was not wrapped in act(...).

When testing, code that causes React state updates 
should be wrapped into act(...):

act(() => {
  /* fire events that update state */
});
/* assert on the output */

This ensures that you're testing the behavior the u
ser would see in the browser. Learn more at https:/
/reactjs.org/link/wrap-tests-with-act
    at ItemSystemSection (C:/Users/?덈옉?뚰겕_?덉쓽誘?.gem
ini/project/solve-climb/src/components/debug/ItemSy
stemSection.tsx:14:83)

 [32m??[39m src/components/__tests__/ItemSystemSection.test.tsx [2m([22m[2m4 tests[22m[2m)[22m[32m 155[2mms[22m[39m
 [32m??[39m src/hooks/__tests__/useCustomBackNavigation.test.ts [2m([22m[2m15 tests[22m[2m)[22m[32m 90[2mms[22m[39m
 [32m??[39m src/components/__tests__/BoundaryTestSection.test.tsx [2m([22m[2m5 tests[22m[2m)[22m[32m 132[2mms[22m[39m
 [32m??[39m src/components/__tests__/TopicHeader.test.tsx [2m([22m[2m4 tests[22m[2m)[22m[32m 126[2mms[22m[39m
[90mstderr[2m | src/pages/__tests__/ResultPage.te
st.tsx
[22m[39m[2026-01-19T07:06:16.547Z] [Env] ?섍꼍 蹂??
寃利??ㅽ뙣:
?꾩닔 ?섍꼍 蹂??"VITE_SUPABASE_URL"媛 ?ㅼ젙?섏? ?딆븯?듬땲??
?꾩닔 ?섍꼍 蹂??"VITE_SUPABASE_ANON_KEY"媛 ?ㅼ젙?섏? ?딆븯?듬
땲??

?꾩닔 ?섍꼍 蹂??
  - VITE_SUPABASE_URL
  - VITE_SUPABASE_ANON_KEY

.env.example ?뚯씪??李멸퀬?섏뿬 ?섍꼍 蹂?섎? ?ㅼ젙?댁＜?몄슂.
?ъ궗 ?섍꼍?먯꽌???섍꼍 蹂?섍? ?놁뼱???깆씠 ?숈옉?⑸땲??(Supabase 湲곕
뒫 ?쒗븳).

[90mstdout[2m | src/pages/__tests__/ResultPage.test.tsx
[22m[39m[Env] ?섍꼍 蹂???뺣낫
  [2026-01-19T07:06:16.550Z] [Env] 媛쒕컻 ?섍꼍: true
  [2026-01-19T07:06:16.550Z] [Env] ?꾨줈?뺤뀡 ?섍꼍: false
  [2026-01-19T07:06:16.550Z] [Env] Supabase URL: 誘몄꽕??  [2026-01-19T07:06:16.550Z] [Env] Supabase Anon Key: 誘몄꽕??
[90mstdout[2m | src/pages/__tests__/ResultPage.test.tsx[2m > [22m[2mResultPage[2m > [22m[2mshould render without crashing
[22m[39m[ResultPage] Params: {
  worldParam: [1mnull[22m,
  categoryParam: [1mnull[22m,
  level: [1mnull[22m,
  mode: [1mnull[22m,
  finalScore: [33m0[39m
}
[ResultPage] Score submitted: [33mfalse[39m

 [32m??[39m src/pages/__tests__/ResultPage.test.tsx [2m([22m[2m1 test[22m[2m)[22m[32m 116[2mms[22m[39m
 [32m??[39m src/components/__tests__/SafetyRopeOverlay.test.tsx [2m([22m[2m7 tests[22m[2m)[22m[32m 111[2mms[22m[39m
 [32m??[39m src/hooks/__tests__/useHistoryData.test.ts [2m([22m[2m4 tests[22m[2m | [22m[33m3 skipped[39m[2m)[22m[32m 106[2mms[22m[39m
 [32m??[39m src/components/__tests__/GlobalLoadingIndicator.test.tsx [2m([22m[2m5 tests[22m[2m)[22m[32m 110[2mms[22m[39m
 [32m??[39m src/components/__tests__/GameFlowSection.test.tsx [2m([22m[2m3 tests[22m[2m)[22m[32m 112[2mms[22m[39m
 [32m??[39m src/stores/__tests__/useQuizStore.test.ts [2m([22m[2m10 tests[22m[2m)[22m[32m 104[2mms[22m[39m
 [32m??[39m src/hooks/__tests__/useInterval.test.ts [2m([22m[2m5 tests[22m[2m)[22m[32m 67[2mms[22m[39m
[90mstderr[2m | src/pages/__tests__/NotificationP
age.test.tsx
[22m[39m[2026-01-19T07:06:25.713Z] [Env] ?섍꼍 蹂??
寃利??ㅽ뙣:
?꾩닔 ?섍꼍 蹂??"VITE_SUPABASE_URL"媛 ?ㅼ젙?섏? ?딆븯?듬땲??
?꾩닔 ?섍꼍 蹂??"VITE_SUPABASE_ANON_KEY"媛 ?ㅼ젙?섏? ?딆븯?듬
땲??

?꾩닔 ?섍꼍 蹂??
  - VITE_SUPABASE_URL
  - VITE_SUPABASE_ANON_KEY

.env.example ?뚯씪??李멸퀬?섏뿬 ?섍꼍 蹂?섎? ?ㅼ젙?댁＜?몄슂.
?ъ궗 ?섍꼍?먯꽌???섍꼍 蹂?섍? ?놁뼱???깆씠 ?숈옉?⑸땲??(Supabase 湲곕
뒫 ?쒗븳).

[90mstdout[2m | src/pages/__tests__/NotificationPage.test.tsx
[22m[39m[Env] ?섍꼍 蹂???뺣낫
  [2026-01-19T07:06:25.715Z] [Env] 媛쒕컻 ?섍꼍: true
  [2026-01-19T07:06:25.715Z] [Env] ?꾨줈?뺤뀡 ?섍꼍: false
  [2026-01-19T07:06:25.715Z] [Env] Supabase URL: 誘몄꽕??  [2026-01-19T07:06:25.715Z] [Env] Supabase Anon Key: 誘몄꽕??
[90mstdout[2m | src/pages/__tests__/NotificationPage.test.tsx
[22m[39m[UserStore] No user found, skipping fetch

 [32m??[39m src/pages/__tests__/NotificationPage.test.tsx [2m([22m[2m1 test[22m[2m)[22m[32m 70[2mms[22m[39m
 [32m??[39m src/stores/__tests__/useLoadingStore.test.ts [2m([22m[2m9 tests[22m[2m)[22m[32m 90[2mms[22m[39m
 [32m??[39m src/stores/__tests__/useSettingsStore.test.ts [2m([22m[2m5 tests[22m[2m)[22m[32m 60[2mms[22m[39m
[90mstderr[2m | src/pages/__tests__/RankingPage.t
est.tsx
[22m[39m[2026-01-19T07:06:29.811Z] [Env] ?섍꼍 蹂??
寃利??ㅽ뙣:
?꾩닔 ?섍꼍 蹂??"VITE_SUPABASE_URL"媛 ?ㅼ젙?섏? ?딆븯?듬땲??
?꾩닔 ?섍꼍 蹂??"VITE_SUPABASE_ANON_KEY"媛 ?ㅼ젙?섏? ?딆븯?듬
땲??

?꾩닔 ?섍꼍 蹂??
  - VITE_SUPABASE_URL
  - VITE_SUPABASE_ANON_KEY

.env.example ?뚯씪??李멸퀬?섏뿬 ?섍꼍 蹂?섎? ?ㅼ젙?댁＜?몄슂.
?ъ궗 ?섍꼍?먯꽌???섍꼍 蹂?섍? ?놁뼱???깆씠 ?숈옉?⑸땲??(Supabase 湲곕
뒫 ?쒗븳).

[90mstdout[2m | src/pages/__tests__/RankingPage.test.tsx
[22m[39m[Env] ?섍꼍 蹂???뺣낫
  [2026-01-19T07:06:29.817Z] [Env] 媛쒕컻 ?섍꼍: true
  [2026-01-19T07:06:29.817Z] [Env] ?꾨줈?뺤뀡 ?섍꼍: false
  [2026-01-19T07:06:29.817Z] [Env] Supabase URL: 誘몄꽕??  [2026-01-19T07:06:29.817Z] [Env] Supabase Anon Key: 誘몄꽕??
[90mstdout[2m | src/pages/__tests__/RankingPage.test.tsx[2m > [22m[2mRankingPage[2m > [22m[2mshould render without crashing
[22m[39m[RankingPage] Active Params: { activePeriod: [32m'weekly'[39m, activeType: [32m'total'[39m }
[RankingPage] Current User ID: [1mnull[22m
[RankingPage] Current Rankings Count: [33m0[39m

[90mstdout[2m | src/hooks/__tests__/useBadgeChecker.test.ts[2m > [22m[2museBadgeChecker[2m > [22m[2mshould award altitude badge when condition met
[22m[39mAwarding new badges: [ [32m'test_altitude'[39m ]

[90mstdout[2m | src/hooks/__tests__/useBadgeChecker.test.ts[2m > [22m[2museBadgeChecker[2m > [22m[2mshould award streak badge when condition met
[22m[39mAwarding new badges: [ [32m'test_streak'[39m ]

[90mstdout[2m | src/hooks/__tests__/useBadgeChecker.test.ts[2m > [22m[2museBadgeChecker[2m > [22m[2mshould award accuracy badge when condition met
[22m[39mAwarding new badges: [ [32m'test_accuracy'[39m ]

[90mstdout[2m | src/hooks/__tests__/useBadgeChecker.test.ts[2m > [22m[2museBadgeChecker[2m > [22m[2mshould award level badge when condition met
[22m[39mAwarding new badges: [ [32m'test_level'[39m ]

 [32m??[39m src/hooks/__tests__/useBadgeChecker.test.ts [2m([22m[2m6 tests[22m[2m)[22m[32m 54[2mms[22m[39m
[90mstdout[2m | src/pages/__tests__/RankingPage.test.tsx
[22m[39m[UserStore] No user found, skipping fetch

 [32m??[39m src/pages/__tests__/RankingPage.test.tsx [2m([22m[2m1 test[22m[2m)[22m[32m 128[2mms[22m[39m
[90mstderr[2m | src/pages/__tests__/QuizPage.test
.tsx
[22m[39m[2026-01-19T07:06:32.326Z] [Env] ?섍꼍 蹂??
寃利??ㅽ뙣:
?꾩닔 ?섍꼍 蹂??"VITE_SUPABASE_URL"媛 ?ㅼ젙?섏? ?딆븯?듬땲??
?꾩닔 ?섍꼍 蹂??"VITE_SUPABASE_ANON_KEY"媛 ?ㅼ젙?섏? ?딆븯?듬
땲??

?꾩닔 ?섍꼍 蹂??
  - VITE_SUPABASE_URL
  - VITE_SUPABASE_ANON_KEY

.env.example ?뚯씪??李멸퀬?섏뿬 ?섍꼍 蹂?섎? ?ㅼ젙?댁＜?몄슂.
?ъ궗 ?섍꼍?먯꽌???섍꼍 蹂?섍? ?놁뼱???깆씠 ?숈옉?⑸땲??(Supabase 湲곕
뒫 ?쒗븳).

[90mstdout[2m | src/pages/__tests__/QuizPage.test.tsx
[22m[39m[Env] ?섍꼍 蹂???뺣낫
  [2026-01-19T07:06:32.329Z] [Env] 媛쒕컻 ?섍꼍: true
  [2026-01-19T07:06:32.329Z] [Env] ?꾨줈?뺤뀡 ?섍꼍: false
  [2026-01-19T07:06:32.329Z] [Env] Supabase URL: 誘몄꽕??  [2026-01-19T07:06:32.329Z] [Env] Supabase Anon Key: 誘몄꽕??
 [32m??[39m src/pages/__tests__/QuizPage.test.tsx [2m([22m[2m1 test[22m[2m)[22m[32m 65[2mms[22m[39m
 [32m??[39m src/hooks/__tests__/useQuizAnimations.test.ts [2m([22m[2m8 tests[22m[2m)[22m[32m 53[2mms[22m[39m
[90mstdout[2m | src/utils/__tests__/performance.test.ts[2m > [22m[2mperformance[2m > [22m[2mmeasurePerformance[2m > [22m[2mshould measure performance and return end function
[22m[39m[2026-01-19T07:06:34.287Z] [Performance] test-operation took 0.74ms

[90mstdout[2m | src/utils/__tests__/performance.test.ts[2m > [22m[2mperformance[2m > [22m[2mmeasurePerformance[2m > [22m[2mshould record multiple performance measurements
[22m[39m[2026-01-19T07:06:34.290Z] [Performance] operation-1 took 0.00ms
[2026-01-19T07:06:34.290Z] [Performance] operation-2 took 0.12ms

[90mstdout[2m | src/utils/__tests__/performance.test.ts[2m > [22m[2mperformance[2m > [22m[2mmeasurePerformance[2m > [22m[2mshould calculate duration correctly
[22m[39m[2026-01-19T07:06:34.310Z] [Performance] async-operation took 18.94ms

[90mstdout[2m | src/utils/__tests__/performance.test.ts[2m > [22m[2mperformance[2m > [22m[2mmeasureApiCall[2m > [22m[2mshould measure API call duration
[22m[39m[2026-01-19T07:06:34.313Z] [Performance] API: test-api took 0.25ms

[90mstdout[2m | src/utils/__tests__/performance.test.ts[2m > [22m[2mperformance[2m > [22m[2mmeasureApiCall[2m > [22m[2mshould measure API call even if it throws
[22m[39m[2026-01-19T07:06:34.315Z] [Performance] API: test-api took 0.75ms

[90mstdout[2m | src/utils/__tests__/performance.test.ts[2m > [22m[2mperformance[2m > [22m[2mgetPerformanceMetrics[2m > [22m[2mshould return copy of metrics array
[22m[39m[2026-01-19T07:06:34.319Z] [Performance] test took 0.00ms

[90mstdout[2m | src/utils/__tests__/performance.test.ts[2m > [22m[2mperformance[2m > [22m[2mclearPerformanceMetrics[2m > [22m[2mshould clear all performance metrics
[22m[39m[2026-01-19T07:06:34.320Z] [Performance] test took 0.00ms

[90mstdout[2m | src/utils/__tests__/performance.test.ts[2m > [22m[2mperformance[2m > [22m[2mlogPerformanceSummary[2m > [22m[2mshould not throw when called with metrics
[22m[39m[2026-01-19T07:06:34.322Z] [Performance] operation-1 took 0.02ms
[2026-01-19T07:06:34.322Z] [Performance] operation-2 took 0.61ms
[Performance] Performance Summary
  [2026-01-19T07:06:34.323Z] [Performance] operation-1: avg 0.02ms, min 0.02ms, max 0.02ms (1 calls)
  [2026-01-19T07:06:34.323Z] [Performance] operation-2: avg 0.61ms, min 0.61ms, max 0.61ms (1 calls)

[90mstdout[2m | src/utils/__tests__/performance.test.ts[2m > [22m[2mperformance[2m > [22m[2mmeasurePerformance - duration thresholds[2m > [22m[2mshould record metrics with different durations
[22m[39m[2026-01-19T07:06:34.324Z] [Performance] fast-operation took 0.00ms

[90mstdout[2m | src/utils/__tests__/performance.test.ts[2m > [22m[2mperformance[2m > [22m[2mmeasurePerformance - duration thresholds[2m > [22m[2mshould record metrics with different durations
[22m[39m[2026-01-19T07:06:34.334Z] [Performance] slow-operation took 10.54ms

[90mstdout[2m | src/utils/__tests__/performance.test.ts[2m > [22m[2mperformance[2m > [22m[2mmeasurePerformance - duration thresholds[2m > [22m[2mshould handle multiple measurements correctly
[22m[39m[2026-01-19T07:06:34.335Z] [Performance] op1 took 0.00ms
[2026-01-19T07:06:34.335Z] [Performance] op2 took 0.08ms
[2026-01-19T07:06:34.335Z] [Performance] op3 took 0.10ms

 [32m??[39m src/utils/__tests__/performance.test.ts [2m([22m[2m12 tests[22m[2m)[22m[32m 54[2mms[22m[39m
 [32m??[39m src/hooks/__tests__/useQuizRevive.test.ts [2m([22m[2m7 tests[22m[2m)[22m[32m 89[2mms[22m[39m
 [32m??[39m src/hooks/__tests__/useTimeout.test.ts [2m([22m[2m5 tests[22m[2m)[22m[32m 56[2mms[22m[39m
[90mstderr[2m | src/pages/__tests__/CategorySelec
tPage.test.tsx
[22m[39m[2026-01-19T07:06:38.522Z] [Env] ?섍꼍 蹂??
寃利??ㅽ뙣:
?꾩닔 ?섍꼍 蹂??"VITE_SUPABASE_URL"媛 ?ㅼ젙?섏? ?딆븯?듬땲??
?꾩닔 ?섍꼍 蹂??"VITE_SUPABASE_ANON_KEY"媛 ?ㅼ젙?섏? ?딆븯?듬
땲??

?꾩닔 ?섍꼍 蹂??
  - VITE_SUPABASE_URL
  - VITE_SUPABASE_ANON_KEY

.env.example ?뚯씪??李멸퀬?섏뿬 ?섍꼍 蹂?섎? ?ㅼ젙?댁＜?몄슂.
?ъ궗 ?섍꼍?먯꽌???섍꼍 蹂?섍? ?놁뼱???깆씠 ?숈옉?⑸땲??(Supabase 湲곕
뒫 ?쒗븳).

[90mstdout[2m | src/pages/__tests__/CategorySelectPage.test.tsx
[22m[39m[Env] ?섍꼍 蹂???뺣낫
  [2026-01-19T07:06:38.525Z] [Env] 媛쒕컻 ?섍꼍: true
  [2026-01-19T07:06:38.525Z] [Env] ?꾨줈?뺤뀡 ?섍꼍: false
  [2026-01-19T07:06:38.525Z] [Env] Supabase URL: 誘몄꽕??  [2026-01-19T07:06:38.525Z] [Env] Supabase Anon Key: 誘몄꽕??
 [32m??[39m src/pages/__tests__/CategorySelectPage.test.tsx [2m([22m[2m1 test[22m[2m)[22m[32m 62[2mms[22m[39m
 [32m??[39m src/utils/__tests__/debugSync.test.ts [2m([22m[2m9 tests[22m[2m)[22m[32m 70[2mms[22m[39m
 [32m??[39m src/utils/__tests__/date.test.ts [2m([22m[2m6 tests[22m[2m)[22m[32m 47[2mms[22m[39m
 [32m??[39m src/utils/__tests__/challenge.test.ts [2m([22m[2m6 tests[22m[2m)[22m[32m 40[2mms[22m[39m
[90mstderr[2m | src/utils/__tests__/debugPresets.
error.test.ts[2m > [22m[2mdebugPresets - Error H
andling[2m > [22m[2mimportCustomPresets - Error 
Cases[2m > [22m[2mshould throw error for invalid
 JSON format
[22m[39mFailed to import custom presets: SyntaxEr
ror: Expected property name or '}' in JSON at posit
ion 2 (line 1 column 3)
    at JSON.parse (<anonymous>)
    at Module.importCustomPresets (C:/Users/?덈옉?뚰겕_
?덉쓽誘?.gemini/project/solve-climb/src/utils/debugPre
sets.ts:459:26)
    at C:/Users/?덈옉?뚰겕_?덉쓽誘?.gemini/project/solve-c
limb/src/utils/__tests__/debugPresets.error.test.ts
:86:9
    at Proxy.assertThrows [90m(file:///C:/Users/%E
C%98%88%EB%9E%91%ED%85%8C%ED%81%AC_%EC%95%88%EC%9D%
98%EB%AF%BC/.gemini/project/solve-climb/[39mnode_m
odules/[4mchai[24m/index.js:2798:5[90m)[39m
    at Proxy.methodWrapper [90m(file:///C:/Users/%
EC%98%88%EB%9E%91%ED%85%8C%ED%81%AC_%EC%95%88%EC%9D
%98%EB%AF%BC/.gemini/project/solve-climb/[39mnode_
modules/[4mchai[24m/index.js:1700:25[90m)[39m
    at Proxy.<anonymous> [90m(file:///C:/Users/%EC
%98%88%EB%9E%91%ED%85%8C%ED%81%AC_%EC%95%88%EC%9D%9
8%EB%AF%BC/.gemini/project/solve-climb/[39mnode_mo
dules/[4m@vitest/expect[24m/dist/index.js:1149:12
[90m)[39m
    at Proxy.overwritingMethodWrapper [90m(file://
/C:/Users/%EC%98%88%EB%9E%91%ED%85%8C%ED%81%AC_%EC%
95%88%EC%9D%98%EB%AF%BC/.gemini/project/solve-climb
/[39mnode_modules/[4mchai[24m/index.js:1750:33[
90m)[39m
    at Proxy.<anonymous> [90m(file:///C:/Users/%EC
%98%88%EB%9E%91%ED%85%8C%ED%81%AC_%EC%95%88%EC%9D%9
8%EB%AF%BC/.gemini/project/solve-climb/[39mnode_mo
dules/[4m@vitest/expect[24m/dist/index.js:1485:16
[90m)[39m
    at Proxy.<anonymous> [90m(file:///C:/Users/%EC
%98%88%EB%9E%91%ED%85%8C%ED%81%AC_%EC%95%88%EC%9D%9
8%EB%AF%BC/.gemini/project/solve-climb/[39mnode_mo
dules/[4m@vitest/expect[24m/dist/index.js:1090:14
[90m)[39m
    at Proxy.methodWrapper [90m(file:///C:/Users/%
EC%98%88%EB%9E%91%ED%85%8C%ED%81%AC_%EC%95%88%EC%9D
%98%EB%AF%BC/.gemini/project/solve-climb/[39mnode_
modules/[4mchai[24m/index.js:1700:25[90m)[39m

[90mstderr[2m | src/utils/__tests__/debugPresets.
error.test.ts[2m > [22m[2mdebugPresets - Error H
andling[2m > [22m[2mimportCustomPresets - Error 
Cases[2m > [22m[2mshould throw error when JSON i
s not an array
[22m[39mFailed to import custom presets: Error: I
nvalid preset format: must be an array
    at Module.importCustomPresets (C:/Users/?덈옉?뚰겕_
?덉쓽誘?.gemini/project/solve-climb/src/utils/debugPre
sets.ts:463:13)
    at C:/Users/?덈옉?뚰겕_?덉쓽誘?.gemini/project/solve-c
limb/src/utils/__tests__/debugPresets.error.test.ts
:92:9
    at Proxy.assertThrows [90m(file:///C:/Users/%E
C%98%88%EB%9E%91%ED%85%8C%ED%81%AC_%EC%95%88%EC%9D%
98%EB%AF%BC/.gemini/project/solve-climb/[39mnode_m
odules/[4mchai[24m/index.js:2798:5[90m)[39m
    at Proxy.methodWrapper [90m(file:///C:/Users/%
EC%98%88%EB%9E%91%ED%85%8C%ED%81%AC_%EC%95%88%EC%9D
%98%EB%AF%BC/.gemini/project/solve-climb/[39mnode_
modules/[4mchai[24m/index.js:1700:25[90m)[39m
    at Proxy.<anonymous> [90m(file:///C:/Users/%EC
%98%88%EB%9E%91%ED%85%8C%ED%81%AC_%EC%95%88%EC%9D%9
8%EB%AF%BC/.gemini/project/solve-climb/[39mnode_mo
dules/[4m@vitest/expect[24m/dist/index.js:1149:12
[90m)[39m
    at Proxy.overwritingMethodWrapper [90m(file://
/C:/Users/%EC%98%88%EB%9E%91%ED%85%8C%ED%81%AC_%EC%
95%88%EC%9D%98%EB%AF%BC/.gemini/project/solve-climb
/[39mnode_modules/[4mchai[24m/index.js:1750:33[
90m)[39m
    at Proxy.<anonymous> [90m(file:///C:/Users/%EC
%98%88%EB%9E%91%ED%85%8C%ED%81%AC_%EC%95%88%EC%9D%9
8%EB%AF%BC/.gemini/project/solve-climb/[39mnode_mo
dules/[4m@vitest/expect[24m/dist/index.js:1485:16
[90m)[39m
    at Proxy.<anonymous> [90m(file:///C:/Users/%EC
%98%88%EB%9E%91%ED%85%8C%ED%81%AC_%EC%95%88%EC%9D%9
8%EB%AF%BC/.gemini/project/solve-climb/[39mnode_mo
dules/[4m@vitest/expect[24m/dist/index.js:1090:14
[90m)[39m
    at Proxy.methodWrapper [90m(file:///C:/Users/%
EC%98%88%EB%9E%91%ED%85%8C%ED%81%AC_%EC%95%88%EC%9D
%98%EB%AF%BC/.gemini/project/solve-climb/[39mnode_
modules/[4mchai[24m/index.js:1700:25[90m)[39m
    at C:/Users/?덈옉?뚰겕_?덉쓽誘?.gemini/project/solve-c
limb/src/utils/__tests__/debugPresets.error.test.ts
:93:10

[90mstderr[2m | src/utils/__tests__/debugPresets.
error.test.ts[2m > [22m[2mdebugPresets - Error H
andling[2m > [22m[2mimportCustomPresets - Error 
Cases[2m > [22m[2mshould throw error when preset
 lacks required fields
[22m[39mFailed to import custom presets: Error: I
nvalid preset format: missing-name
    at Module.importCustomPresets (C:/Users/?덈옉?뚰겕_
?덉쓽誘?.gemini/project/solve-climb/src/utils/debugPre
sets.ts:469:15)
    at C:/Users/?덈옉?뚰겕_?덉쓽誘?.gemini/project/solve-c
limb/src/utils/__tests__/debugPresets.error.test.ts
:105:11
    at Proxy.assertThrows [90m(file:///C:/Users/%E
C%98%88%EB%9E%91%ED%85%8C%ED%81%AC_%EC%95%88%EC%9D%
98%EB%AF%BC/.gemini/project/solve-climb/[39mnode_m
odules/[4mchai[24m/index.js:2798:5[90m)[39m
    at Proxy.methodWrapper [90m(file:///C:/Users/%
EC%98%88%EB%9E%91%ED%85%8C%ED%81%AC_%EC%95%88%EC%9D
%98%EB%AF%BC/.gemini/project/solve-climb/[39mnode_
modules/[4mchai[24m/index.js:1700:25[90m)[39m
    at Proxy.<anonymous> [90m(file:///C:/Users/%EC
%98%88%EB%9E%91%ED%85%8C%ED%81%AC_%EC%95%88%EC%9D%9
8%EB%AF%BC/.gemini/project/solve-climb/[39mnode_mo
dules/[4m@vitest/expect[24m/dist/index.js:1149:12
[90m)[39m
    at Proxy.overwritingMethodWrapper [90m(file://
/C:/Users/%EC%98%88%EB%9E%91%ED%85%8C%ED%81%AC_%EC%
95%88%EC%9D%98%EB%AF%BC/.gemini/project/solve-climb
/[39mnode_modules/[4mchai[24m/index.js:1750:33[
90m)[39m
    at Proxy.<anonymous> [90m(file:///C:/Users/%EC
%98%88%EB%9E%91%ED%85%8C%ED%81%AC_%EC%95%88%EC%9D%9
8%EB%AF%BC/.gemini/project/solve-climb/[39mnode_mo
dules/[4m@vitest/expect[24m/dist/index.js:1485:16
[90m)[39m
    at Proxy.<anonymous> [90m(file:///C:/Users/%EC
%98%88%EB%9E%91%ED%85%8C%ED%81%AC_%EC%95%88%EC%9D%9
8%EB%AF%BC/.gemini/project/solve-climb/[39mnode_mo
dules/[4m@vitest/expect[24m/dist/index.js:1090:14
[90m)[39m
    at Proxy.methodWrapper [90m(file:///C:/Users/%
EC%98%88%EB%9E%91%ED%85%8C%ED%81%AC_%EC%95%88%EC%9D
%98%EB%AF%BC/.gemini/project/solve-climb/[39mnode_
modules/[4mchai[24m/index.js:1700:25[90m)[39m
    at C:/Users/?덈옉?뚰겕_?덉쓽誘?.gemini/project/solve-c
limb/src/utils/__tests__/debugPresets.error.test.ts
:106:12
Failed to import custom presets: Error: Invalid pre
set format: missing-actions
    at Module.importCustomPresets (C:/Users/?덈옉?뚰겕_
?덉쓽誘?.gemini/project/solve-climb/src/utils/debugPre
sets.ts:469:15)
    at C:/Users/?덈옉?뚰겕_?덉쓽誘?.gemini/project/solve-c
limb/src/utils/__tests__/debugPresets.error.test.ts
:105:11
    at Proxy.assertThrows [90m(file:///C:/Users/%E
C%98%88%EB%9E%91%ED%85%8C%ED%81%AC_%EC%95%88%EC%9D%
98%EB%AF%BC/.gemini/project/solve-climb/[39mnode_m
odules/[4mchai[24m/index.js:2798:5[90m)[39m
    at Proxy.methodWrapper [90m(file:///C:/Users/%
EC%98%88%EB%9E%91%ED%85%8C%ED%81%AC_%EC%95%88%EC%9D
%98%EB%AF%BC/.gemini/project/solve-climb/[39mnode_
modules/[4mchai[24m/index.js:1700:25[90m)[39m
    at Proxy.<anonymous> [90m(file:///C:/Users/%EC
%98%88%EB%9E%91%ED%85%8C%ED%81%AC_%EC%95%88%EC%9D%9
8%EB%AF%BC/.gemini/project/solve-climb/[39mnode_mo
dules/[4m@vitest/expect[24m/dist/index.js:1149:12
[90m)[39m
    at Proxy.overwritingMethodWrapper [90m(file://
/C:/Users/%EC%98%88%EB%9E%91%ED%85%8C%ED%81%AC_%EC%
95%88%EC%9D%98%EB%AF%BC/.gemini/project/solve-climb
/[39mnode_modules/[4mchai[24m/index.js:1750:33[
90m)[39m
    at Proxy.<anonymous> [90m(file:///C:/Users/%EC
%98%88%EB%9E%91%ED%85%8C%ED%81%AC_%EC%95%88%EC%9D%9
8%EB%AF%BC/.gemini/project/solve-climb/[39mnode_mo
dules/[4m@vitest/expect[24m/dist/index.js:1485:16
[90m)[39m
    at Proxy.<anonymous> [90m(file:///C:/Users/%EC
%98%88%EB%9E%91%ED%85%8C%ED%81%AC_%EC%95%88%EC%9D%9
8%EB%AF%BC/.gemini/project/solve-climb/[39mnode_mo
dules/[4m@vitest/expect[24m/dist/index.js:1090:14
[90m)[39m
    at Proxy.methodWrapper [90m(file:///C:/Users/%
EC%98%88%EB%9E%91%ED%85%8C%ED%81%AC_%EC%95%88%EC%9D
%98%EB%AF%BC/.gemini/project/solve-climb/[39mnode_
modules/[4mchai[24m/index.js:1700:25[90m)[39m
    at C:/Users/?덈옉?뚰겕_?덉쓽誘?.gemini/project/solve-c
limb/src/utils/__tests__/debugPresets.error.test.ts
:106:12
Failed to import custom presets: Error: Invalid pre
set format: unknown
    at Module.importCustomPresets (C:/Users/?덈옉?뚰겕_
?덉쓽誘?.gemini/project/solve-climb/src/utils/debugPre
sets.ts:469:15)
    at C:/Users/?덈옉?뚰겕_?덉쓽誘?.gemini/project/solve-c
limb/src/utils/__tests__/debugPresets.error.test.ts
:105:11
    at Proxy.assertThrows [90m(file:///C:/Users/%E
C%98%88%EB%9E%91%ED%85%8C%ED%81%AC_%EC%95%88%EC%9D%
98%EB%AF%BC/.gemini/project/solve-climb/[39mnode_m
odules/[4mchai[24m/index.js:2798:5[90m)[39m
    at Proxy.methodWrapper [90m(file:///C:/Users/%
EC%98%88%EB%9E%91%ED%85%8C%ED%81%AC_%EC%95%88%EC%9D
%98%EB%AF%BC/.gemini/project/solve-climb/[39mnode_
modules/[4mchai[24m/index.js:1700:25[90m)[39m
    at Proxy.<anonymous> [90m(file:///C:/Users/%EC
%98%88%EB%9E%91%ED%85%8C%ED%81%AC_%EC%95%88%EC%9D%9
8%EB%AF%BC/.gemini/project/solve-climb/[39mnode_mo
dules/[4m@vitest/expect[24m/dist/index.js:1149:12
[90m)[39m
    at Proxy.overwritingMethodWrapper [90m(file://
/C:/Users/%EC%98%88%EB%9E%91%ED%85%8C%ED%81%AC_%EC%
95%88%EC%9D%98%EB%AF%BC/.gemini/project/solve-climb
/[39mnode_modules/[4mchai[24m/index.js:1750:33[
90m)[39m
    at Proxy.<anonymous> [90m(file:///C:/Users/%EC
%98%88%EB%9E%91%ED%85%8C%ED%81%AC_%EC%95%88%EC%9D%9
8%EB%AF%BC/.gemini/project/solve-climb/[39mnode_mo
dules/[4m@vitest/expect[24m/dist/index.js:1485:16
[90m)[39m
    at Proxy.<anonymous> [90m(file:///C:/Users/%EC
%98%88%EB%9E%91%ED%85%8C%ED%81%AC_%EC%95%88%EC%9D%9
8%EB%AF%BC/.gemini/project/solve-climb/[39mnode_mo
dules/[4m@vitest/expect[24m/dist/index.js:1090:14
[90m)[39m
    at Proxy.methodWrapper [90m(file:///C:/Users/%
EC%98%88%EB%9E%91%ED%85%8C%ED%81%AC_%EC%95%88%EC%9D
%98%EB%AF%BC/.gemini/project/solve-climb/[39mnode_
modules/[4mchai[24m/index.js:1700:25[90m)[39m
    at C:/Users/?덈옉?뚰겕_?덉쓽誘?.gemini/project/solve-c
limb/src/utils/__tests__/debugPresets.error.test.ts
:106:12

[90mstderr[2m | src/utils/__tests__/debugPresets.
error.test.ts[2m > [22m[2mdebugPresets - Error H
andling[2m > [22m[2mimportCustomPresets - Error 
Cases[2m > [22m[2mshould throw error for empty p
reset array in invalid format
[22m[39mFailed to import custom presets: Error: I
nvalid preset format: unknown
    at Module.importCustomPresets (C:/Users/?덈옉?뚰겕_
?덉쓽誘?.gemini/project/solve-climb/src/utils/debugPre
sets.ts:469:15)
    at C:/Users/?덈옉?뚰겕_?덉쓽誘?.gemini/project/solve-c
limb/src/utils/__tests__/debugPresets.error.test.ts
:114:9
    at Proxy.assertThrows [90m(file:///C:/Users/%E
C%98%88%EB%9E%91%ED%85%8C%ED%81%AC_%EC%95%88%EC%9D%
98%EB%AF%BC/.gemini/project/solve-climb/[39mnode_m
odules/[4mchai[24m/index.js:2798:5[90m)[39m
    at Proxy.methodWrapper [90m(file:///C:/Users/%
EC%98%88%EB%9E%91%ED%85%8C%ED%81%AC_%EC%95%88%EC%9D
%98%EB%AF%BC/.gemini/project/solve-climb/[39mnode_
modules/[4mchai[24m/index.js:1700:25[90m)[39m
    at Proxy.<anonymous> [90m(file:///C:/Users/%EC
%98%88%EB%9E%91%ED%85%8C%ED%81%AC_%EC%95%88%EC%9D%9
8%EB%AF%BC/.gemini/project/solve-climb/[39mnode_mo
dules/[4m@vitest/expect[24m/dist/index.js:1149:12
[90m)[39m
    at Proxy.overwritingMethodWrapper [90m(file://
/C:/Users/%EC%98%88%EB%9E%91%ED%85%8C%ED%81%AC_%EC%
95%88%EC%9D%98%EB%AF%BC/.gemini/project/solve-climb
/[39mnode_modules/[4mchai[24m/index.js:1750:33[
90m)[39m
    at Proxy.<anonymous> [90m(file:///C:/Users/%EC
%98%88%EB%9E%91%ED%85%8C%ED%81%AC_%EC%95%88%EC%9D%9
8%EB%AF%BC/.gemini/project/solve-climb/[39mnode_mo
dules/[4m@vitest/expect[24m/dist/index.js:1485:16
[90m)[39m
    at Proxy.<anonymous> [90m(file:///C:/Users/%EC
%98%88%EB%9E%91%ED%85%8C%ED%81%AC_%EC%95%88%EC%9D%9
8%EB%AF%BC/.gemini/project/solve-climb/[39mnode_mo
dules/[4m@vitest/expect[24m/dist/index.js:1090:14
[90m)[39m
    at Proxy.methodWrapper [90m(file:///C:/Users/%
EC%98%88%EB%9E%91%ED%85%8C%ED%81%AC_%EC%95%88%EC%9D
%98%EB%AF%BC/.gemini/project/solve-climb/[39mnode_
modules/[4mchai[24m/index.js:1700:25[90m)[39m
    at C:/Users/?덈옉?뚰겕_?덉쓽誘?.gemini/project/solve-c
limb/src/utils/__tests__/debugPresets.error.test.ts
:115:10

 [32m??[39m src/utils/__tests__/debugPresets.error.test.ts [2m([22m[2m11 tests[22m[2m)[22m[32m 46[2mms[22m[39m
 [32m??[39m src/constants/__tests__/tiers.test.ts [2m([22m[2m32 tests[22m[2m)[22m[32m 31[2mms[22m[39m
 [32m??[39m src/stores/__tests__/useErrorLogStore.test.ts [2m([22m[2m15 tests[22m[2m)[22m[32m 29[2mms[22m[39m
 [32m??[39m src/utils/__tests__/debugLogger.test.ts [2m([22m[2m4 tests[22m[2m)[22m[32m 29[2mms[22m[39m
 [32m??[39m src/utils/__tests__/EquationProblemGenerator.test.ts [2m([22m[2m28 tests[22m[2m)[22m[32m 23[2mms[22m[39m
 [32m??[39m src/utils/__tests__/tossAuth.test.ts [2m([22m[2m12 tests[22m[2m)[22m[32m 23[2mms[22m[39m
 [32m??[39m src/utils/__tests__/scoreCalculator.test.ts [2m([22m[2m33 tests[22m[2m)[22m[32m 45[2mms[22m[39m
 [32m??[39m src/utils/__tests__/logger.test.ts [2m([22m[2m10 tests[22m[2m)[22m[32m 18[2mms[22m[39m
 [32m??[39m src/utils/__tests__/errorHandler.test.ts [2m([22m[2m20 tests[22m[2m)[22m[32m 69[2mms[22m[39m
 [32m??[39m src/utils/__tests__/storage.test.ts [2m([22m[2m21 tests[22m[2m)[22m[32m 18[2mms[22m[39m
 [32m??[39m src/utils/__tests__/validation-urlParams.test.ts [2m([22m[2m40 tests[22m[2m)[22m[32m 16[2mms[22m[39m
[90mstderr[2m | src/stores/__tests__/useProfileSt
ore.test.ts
[22m[39m[2026-01-19T07:06:58.508Z] [Env] ?섍꼍 蹂??
寃利??ㅽ뙣:
?꾩닔 ?섍꼍 蹂??"VITE_SUPABASE_URL"媛 ?ㅼ젙?섏? ?딆븯?듬땲??
?꾩닔 ?섍꼍 蹂??"VITE_SUPABASE_ANON_KEY"媛 ?ㅼ젙?섏? ?딆븯?듬
땲??

?꾩닔 ?섍꼍 蹂??
  - VITE_SUPABASE_URL
  - VITE_SUPABASE_ANON_KEY

.env.example ?뚯씪??李멸퀬?섏뿬 ?섍꼍 蹂?섎? ?ㅼ젙?댁＜?몄슂.
?ъ궗 ?섍꼍?먯꽌???섍꼍 蹂?섍? ?놁뼱???깆씠 ?숈옉?⑸땲??(Supabase 湲곕
뒫 ?쒗븳).

[90mstdout[2m | src/stores/__tests__/useProfileStore.test.ts
[22m[39m[Env] ?섍꼍 蹂???뺣낫
  [2026-01-19T07:06:58.510Z] [Env] 媛쒕컻 ?섍꼍: true
  [2026-01-19T07:06:58.511Z] [Env] ?꾨줈?뺤뀡 ?섍꼍: false
  [2026-01-19T07:06:58.511Z] [Env] Supabase URL: 誘몄꽕??  [2026-01-19T07:06:58.511Z] [Env] Supabase Anon Key: 誘몄꽕??
 [32m??[39m src/stores/__tests__/useProfileStore.test.ts [2m([22m[2m17 tests[22m[2m)[22m[32m 17[2mms[22m[39m
 [32m??[39m src/utils/__tests__/dataReset.test.ts [2m([22m[2m8 tests[22m[2m)[22m[32m 15[2mms[22m[39m
[90mstdout[2m | src/utils/__tests__/tossLogin.test.ts[2m > [22m[2mtossLogin[2m > [22m[2mshould handle successful login
[22m[39m[?좎뒪 濡쒓렇?? appLogin ?몄텧 ?쒖옉

[90mstdout[2m | src/utils/__tests__/tossLogin.test.ts[2m > [22m[2mtossLogin[2m > [22m[2mshould handle successful login
[22m[39m[?좎뒪 濡쒓렇?? appLogin ?몄텧 ?꾨즺: {
  hasResult: [33mtrue[39m,
  hasAuthorizationCode: [33mtrue[39m,
  authorizationCodePrefix: [32m'test-code'[39m,
  referrer: [32m'test-referrer'[39m
}

[90mstdout[2m | src/utils/__tests__/tossLogin.test.ts[2m > [22m[2mtossLogin[2m > [22m[2mshould handle login error
[22m[39m[?좎뒪 濡쒓렇?? appLogin ?몄텧 ?쒖옉

[90mstderr[2m | src/utils/__tests__/tossLogin.tes
t.ts[2m > [22m[2mtossLogin[2m > [22m[2mshould
 handle login error
[22m[39m[?좎뒪 濡쒓렇?? appLogin ?몄텧 以??덉쇅 諛쒖깮: Error:
 Login failed
    at C:/Users/?덈옉?뚰겕_?덉쓽誘?.gemini/project/solve-c
limb/src/utils/__tests__/tossLogin.test.ts:43:43
    at [90mfile:///C:/Users/%EC%98%88%EB%9E%91%ED%
85%8C%ED%81%AC_%EC%95%88%EC%9D%98%EB%AF%BC/.gemini/
project/solve-climb/[39mnode_modules/[4m@vitest/r
unner[24m/dist/index.js:145:11
    at [90mfile:///C:/Users/%EC%98%88%EB%9E%91%ED%
85%8C%ED%81%AC_%EC%95%88%EC%9D%98%EB%AF%BC/.gemini/
project/solve-climb/[39mnode_modules/[4m@vitest/r
unner[24m/dist/index.js:915:26
    at [90mfile:///C:/Users/%EC%98%88%EB%9E%91%ED%
85%8C%ED%81%AC_%EC%95%88%EC%9D%98%EB%AF%BC/.gemini/
project/solve-climb/[39mnode_modules/[4m@vitest/r
unner[24m/dist/index.js:1243:20
    at new Promise (<anonymous>)
    at runWithTimeout [90m(file:///C:/Users/%EC%98
%88%EB%9E%91%ED%85%8C%ED%81%AC_%EC%95%88%EC%9D%98%E
B%AF%BC/.gemini/project/solve-climb/[39mnode_modul
es/[4m@vitest/runner[24m/dist/index.js:1209:10[9
0m)[39m
    at [90mfile:///C:/Users/%EC%98%88%EB%9E%91%ED%
85%8C%ED%81%AC_%EC%95%88%EC%9D%98%EB%AF%BC/.gemini/
project/solve-climb/[39mnode_modules/[4m@vitest/r
unner[24m/dist/index.js:1653:37
    at Traces.$ [90m(file:///C:/Users/%EC%98%88%EB
%9E%91%ED%85%8C%ED%81%AC_%EC%95%88%EC%9D%98%EB%AF%B
C/.gemini/project/solve-climb/[39mnode_modules/[4
mvitest[24m/dist/chunks/traces.U4xDYhzZ.js:115:27
[90m)[39m
    at trace [90m(file:///C:/Users/%EC%98%88%EB%9E
%91%ED%85%8C%ED%81%AC_%EC%95%88%EC%9D%98%EB%AF%BC/.
gemini/project/solve-climb/[39mnode_modules/[4mvi
test[24m/dist/chunks/test.B8ej_ZHS.js:239:21[90m)
[39m
    at runTest [90m(file:///C:/Users/%EC%98%88%EB%
9E%91%ED%85%8C%ED%81%AC_%EC%95%88%EC%9D%98%EB%AF%BC
/.gemini/project/solve-climb/[39mnode_modules/[4m
@vitest/runner[24m/dist/index.js:1653:12[90m)[39
m

[90mstdout[2m | src/utils/__tests__/tossLogin.test.ts[2m > [22m[2mtossLogin[2m > [22m[2mshould handle missing authorization code
[22m[39m[?좎뒪 濡쒓렇?? appLogin ?몄텧 ?쒖옉

[90mstderr[2m | src/utils/__tests__/tossLogin.tes
t.ts[2m > [22m[2mtossLogin[2m > [22m[2mshould
 handle missing authorization code
[22m[39m[?좎뒪 濡쒓렇?? appLogin 寃곌낵媛 ?щ컮瑜댁? ?딆쓬: { r
esult: { authorizationCode: [1mnull[22m }, hasAut
horizationCode: [33mfalse[39m }

[90mstdout[2m | src/utils/__tests__/tossLogin.test.ts[2m > [22m[2mtossLogin[2m > [22m[2mshould handle missing authorization code
[22m[39m[?좎뒪 濡쒓렇?? appLogin ?몄텧 ?꾨즺: {
  hasResult: [33mtrue[39m,
  hasAuthorizationCode: [33mfalse[39m,
  authorizationCodePrefix: [32m'N/A'[39m,
  referrer: [32m'N/A'[39m
}

 [32m??[39m src/utils/__tests__/tossLogin.test.ts [2m([22m[2m4 tests[22m[2m)[22m[32m 15[2mms[22m[39m
 [32m??[39m src/utils/__tests__/haptic.test.ts [2m([22m[2m8 tests[22m[2m)[22m[32m 15[2mms[22m[39m
 [32m??[39m src/utils/__tests__/tierUtils.test.ts [2m([22m[2m19 tests[22m[2m)[22m[32m 13[2mms[22m[39m
 [32m??[39m src/utils/__tests__/debug.test.ts [2m([22m[2m10 tests[22m[2m)[22m[32m 14[2mms[22m[39m
[90mstderr[2m | src/stores/__tests__/useAuthStore
.test.ts[2m > [22m[2museAuthStore[2m > [22m[2
mshould handle anonymous sign-in error during initi
alize
[22m[39m[AuthStore] Anonymous sign-in failed: Sig
n-in failed

[90mstderr[2m | src/stores/__tests__/useAuthStore
.test.ts[2m > [22m[2museAuthStore[2m > [22m[2
mshould handle anonymous sign-in error during manua
l sign-in
[22m[39m[AuthStore] Manual anonymous sign-in fail
ed: Sign-in failed

 [32m??[39m src/stores/__tests__/useAuthStore.test.ts [2m([22m[2m10 tests[22m[2m)[22m[32m 16[2mms[22m[39m
 [32m??[39m src/utils/__tests__/safeJsonParse.test.ts [2m([22m[2m18 tests[22m[2m)[22m[32m 15[2mms[22m[39m
 [32m??[39m src/stores/__tests__/useFavoriteStore.test.ts [2m([22m[2m12 tests[22m[2m)[22m[32m 14[2mms[22m[39m
 [32m??[39m src/utils/__tests__/validation.test.ts [2m([22m[2m20 tests[22m[2m)[22m[32m 14[2mms[22m[39m
 [32m??[39m src/stores/__tests__/useDebugStore.test.ts [2m([22m[2m13 tests[22m[2m)[22m[32m 12[2mms[22m[39m
[90mstderr[2m | src/utils/__tests__/env.test.ts
[22m[39m[2026-01-19T07:07:08.483Z] [Env] ?섍꼍 蹂??
寃利??ㅽ뙣:
?꾩닔 ?섍꼍 蹂??"VITE_SUPABASE_URL"媛 ?ㅼ젙?섏? ?딆븯?듬땲??
?꾩닔 ?섍꼍 蹂??"VITE_SUPABASE_ANON_KEY"媛 ?ㅼ젙?섏? ?딆븯?듬
땲??

?꾩닔 ?섍꼍 蹂??
  - VITE_SUPABASE_URL
  - VITE_SUPABASE_ANON_KEY

.env.example ?뚯씪??李멸퀬?섏뿬 ?섍꼍 蹂?섎? ?ㅼ젙?댁＜?몄슂.
?ъ궗 ?섍꼍?먯꽌???섍꼍 蹂?섍? ?놁뼱???깆씠 ?숈옉?⑸땲??(Supabase 湲곕
뒫 ?쒗븳).

[90mstdout[2m | src/utils/__tests__/env.test.ts[2m > [22m[2menv[2m > [22m[2mlogEnvInfo[2m > [22m[2mshould not throw error
[22m[39m[Env] ?섍꼍 蹂???뺣낫
  [2026-01-19T07:07:08.502Z] [Env] 媛쒕컻 ?섍꼍: true
  [2026-01-19T07:07:08.503Z] [Env] ?꾨줈?뺤뀡 ?섍꼍: false
  [2026-01-19T07:07:08.503Z] [Env] Supabase URL: 誘몄꽕??  [2026-01-19T07:07:08.503Z] [Env] Supabase Anon Key: 誘몄꽕??
[90mstdout[2m | src/utils/__tests__/env.test.ts[2m > [22m[2menv[2m > [22m[2mlogEnvInfo[2m > [22m[2mshould handle production environment
[22m[39m[Env] ?섍꼍 蹂???뺣낫
  [2026-01-19T07:07:08.504Z] [Env] 媛쒕컻 ?섍꼍: true
  [2026-01-19T07:07:08.504Z] [Env] ?꾨줈?뺤뀡 ?섍꼍: false
  [2026-01-19T07:07:08.504Z] [Env] Supabase URL: 誘몄꽕??  [2026-01-19T07:07:08.504Z] [Env] Supabase Anon Key: 誘몄꽕??
 [32m??[39m src/utils/__tests__/env.test.ts [2m([22m[2m11 tests[22m[2m)[22m[32m 14[2mms[22m[39m
 [32m??[39m src/utils/__tests__/storageKey.test.ts [2m([22m[2m12 tests[22m[2m)[22m[32m 11[2mms[22m[39m
 [32m??[39m src/utils/__tests__/LogicProblemGenerator.test.ts [2m([22m[2m8 tests[22m[2m)[22m[32m 12[2mms[22m[39m
[90mstdout[2m | src/utils/__tests__/tossGameLogin.test.ts[2m > [22m[2mtossGameLogin[2m > [22m[2mshould return error when not integrated service
[22m[39m[寃뚯엫 濡쒓렇?? getUserKeyForGame ?몄텧 ?쒖옉

[90mstdout[2m | src/utils/__tests__/tossGameLogin.test.ts[2m > [22m[2mtossGameLogin[2m > [22m[2mshould return error when not integrated service
[22m[39m[寃뚯엫 濡쒓렇?? getUserKeyForGame ?몄텧 ?꾨즺: { hasResult: [33mfalse[39m, resultType: [90mundefined[39m }

[90mstdout[2m | src/utils/__tests__/tossGameLogin.test.ts[2m > [22m[2mtossGameLogin[2m > [22m[2mshould get game login hash successfully
[22m[39m[寃뚯엫 濡쒓렇?? getUserKeyForGame ?몄텧 ?쒖옉

[90mstdout[2m | src/utils/__tests__/tossGameLogin.test.ts[2m > [22m[2mtossGameLogin[2m > [22m[2mshould get game login hash successfully
[22m[39m[寃뚯엫 濡쒓렇?? getUserKeyForGame ?몄텧 ?꾨즺: { hasResult: [33mtrue[39m, resultType: [32m'HASH'[39m }

[90mstdout[2m | src/utils/__tests__/tossGameLogin.test.ts[2m > [22m[2mtossGameLogin[2m > [22m[2mshould handle getUserKeyForGame error
[22m[39m[寃뚯엫 濡쒓렇?? getUserKeyForGame ?몄텧 ?쒖옉

 [32m??[39m src/utils/__tests__/tossGameLogin.test.ts [2m([22m[2m4 tests[22m[2m)[22m[32m 11[2mms[22m[39m
 [32m??[39m src/utils/__tests__/supabaseClient.test.ts [2m([22m[2m2 tests[22m[2m)[22m[32m 10[2mms[22m[39m
[90mstdout[2m | src/utils/__tests__/tossGameCenter.test.ts[2m > [22m[2mtossGameCenter[2m > [22m[2msubmitScoreToLeaderboard[2m > [22m[2mshould simulate submission in local development
[22m[39m[濡쒖뺄 媛쒕컻] ?먯닔 ?쒖텧 ?됰궡: 1000??
[90mstderr[2m | src/utils/__tests__/tossGameCente
r.test.ts[2m > [22m[2mtossGameCenter[2m > [22m
[2msubmitScoreToLeaderboard[2m > [22m[2mshould 
return false when not in Toss app environment
[22m[39m[?좎뒪 寃뚯엫 ?쇳꽣] 釉뚮씪?곗? ?섍꼍?먯꽌???먯닔瑜??쒖텧????
?놁뒿?덈떎.

[90mstdout[2m | src/utils/__tests__/tossGameCenter.test.ts[2m > [22m[2mtossGameCenter[2m > [22m[2msubmitScoreToLeaderboard[2m > [22m[2mshould handle submission error
[22m[39m[?좎뒪 寃뚯엫 ?쇳꽣] ?먯닔 ?쒖텧 ?곗씠???뺤씤: { rawScore: [33m1000[39m, formattedScore: [32m'1000.0'[39m }

[90mstderr[2m | src/utils/__tests__/tossGameCente
r.test.ts[2m > [22m[2mtossGameCenter[2m > [22m
[2msubmitScoreToLeaderboard[2m > [22m[2mshould 
handle submission error
[22m[39m[?좎뒪 寃뚯엫 ?쇳꽣] ?먯닔 ?쒖텧 ?ㅽ뙣: ERROR

 [32m??[39m src/utils/__tests__/tossGameCenter.test.ts [2m([22m[2m3 tests[22m[2m)[22m[32m 9[2mms[22m[39m
 [32m??[39m src/utils/__tests__/math.test.ts [2m([22m[2m6 tests[22m[2m)[22m[32m 10[2mms[22m[39m
[90mstdout[2m | src/stores/__tests__/rankingVerification.test.ts[2m > [22m[2mRanking System V2 Verification[2m > [22m[2mshould fetch weekly ranking successfully
[22m[39mRPC Success. Data length: [33m0[39m
Sample Data: [90mundefined[39m

 [32m??[39m src/stores/__tests__/rankingVerification.test.ts [2m([22m[2m1 test[22m[2m)[22m[32m 7[2mms[22m[39m

[31m??렞??렞??렞[39m[1m[41m Failed Suites 5 [49m
[22m[31m??렞??렞??렞??[39m

[41m[1m FAIL [22m[49m tests/e2e/auth-test.spec.
ts[2m [ tests/e2e/auth-test.spec.ts ][22m
[31m[1mError[22m: Playwright Test did not expect
 test() to be called here.
Most common reasons include:
- You are calling test() in a configuration file.
- You are calling test() in a file that is imported
 by the configuration file.
- You have two different versions of @playwright/te
st. This usually happens
  when one of the dependencies in your package.json
 depends on @playwright/test.[39m
[90m [2m??[22m TestTypeImpl._currentSuite node_mo
dules/playwright/lib/common/testType.js:[2m75:13[
22m[39m
[90m [2m??[22m TestTypeImpl._createTest node_modu
les/playwright/lib/common/testType.js:[2m88:24[22
m[39m
[90m [2m??[22m node_modules/playwright/lib/transf
orm/transform.js:[2m275:12[22m[39m
[36m [2m??[22m tests/e2e/auth-test.spec.ts:[2m3:
1[22m[39m
    [90m  1| [39m[35mimport[39m { test[33m,[3
9m expect } [35mfrom[39m [32m'@playwright/test'
[39m[33m;[39m
    [90m  2| [39m
    [90m  3| [39m[34mtest[39m([32m'?듬챸 ?몄쬆 ?뚯뒪
??[39m[33m,[39m [35masync[39m ({ page }) [33m
=>[39m {
    [90m   | [39m[31m^[39m
    [90m  4| [39m    page[33m.[39m[34mon[39m(
[32m'console'[39m[33m,[39m msg [33m=>[39m con
sole[33m.[39m[34mlog[39m([32m`[BROWSER] [39m
[36m${[39mmsg[33m.[39m[34mtext[39m()[36m}[39
m[32m`[39m))[33m;[39m
    [90m  5| [39m

[31m[2m??렞??렞??렞??렞??렞??렞??렞??렞??렞??렞??렞??1/44]??
[22m[39m

[41m[1m FAIL [22m[49m tests/e2e/core-business-s
cenario.spec.ts[2m [ tests/e2e/core-business-scena
rio.spec.ts ][22m
[31m[1mError[22m: test.setTimeout() can only be 
called from a test[39m
[90m [2m??[22m TestTypeImpl._setTimeout node_modu
les/playwright/lib/common/testType.js:[2m226:13[2
2m[39m
[90m [2m??[22m Function.setTimeout node_modules/p
laywright/lib/transform/transform.js:[2m275:12[22
m[39m
[36m [2m??[22m tests/e2e/core-business-scenario.s
pec.ts:[2m4:6[22m[39m
    [90m  2| [39m
    [90m  3| [39m[90m// 蹂듭옟???쒕굹由ъ삤?대?濡???꾩븘?껋쓣
 2遺꾩쑝濡??섎┝[39m
    [90m  4| [39mtest[33m.[39m[34msetTimeout[
39m([34m120000[39m)[33m;[39m
    [90m   | [39m     [31m^[39m
    [90m  5| [39m
    [90m  6| [39m[90m// 紐⑤컮????酉고룷???ㅼ젙 (TDS 紐⑤컮
?????섍꼍 ?쒕??덉씠??[39m

[31m[2m??렞??렞??렞??렞??렞??렞??렞??렞??렞??렞??렞??2/44]??
[22m[39m

[41m[1m FAIL [22m[49m tests/e2e/db-status-check
.spec.ts[2m [ tests/e2e/db-status-check.spec.ts ]
[22m
[31m[1mError[22m: Playwright Test did not expect
 test() to be called here.
Most common reasons include:
- You are calling test() in a configuration file.
- You are calling test() in a file that is imported
 by the configuration file.
- You have two different versions of @playwright/te
st. This usually happens
  when one of the dependencies in your package.json
 depends on @playwright/test.[39m
[90m [2m??[22m TestTypeImpl._currentSuite node_mo
dules/playwright/lib/common/testType.js:[2m75:13[
22m[39m
[90m [2m??[22m TestTypeImpl._createTest node_modu
les/playwright/lib/common/testType.js:[2m88:24[22
m[39m
[90m [2m??[22m node_modules/playwright/lib/transf
orm/transform.js:[2m275:12[22m[39m
[36m [2m??[22m tests/e2e/db-status-check.spec.ts:
[2m3:1[22m[39m
    [90m  1| [39m[35mimport[39m { test[33m,[3
9m expect } [35mfrom[39m [32m'@playwright/test'
[39m[33m;[39m
    [90m  2| [39m
    [90m  3| [39m[34mtest[39m([32m'Supabase ?곗
씠?곕쿋?댁뒪 ?곹깭 ?뺤씤'[39m[33m,[39m [35masync[39m ({
 page }) [33m=>[39m {
    [90m   | [39m[31m^[39m
    [90m  4| [39m    page[33m.[39m[34mon[39m(
[32m'console'[39m[33m,[39m msg [33m=>[39m con
sole[33m.[39m[34mlog[39m([32m`[BROWSER] [39m
[36m${[39mmsg[33m.[39m[34mtext[39m()[36m}[39
m[32m`[39m))[33m;[39m
    [90m  5| [39m

[31m[2m??렞??렞??렞??렞??렞??렞??렞??렞??렞??렞??렞??3/44]??
[22m[39m

[41m[1m FAIL [22m[49m tests/e2e/network-diagnos
tic.spec.ts[2m [ tests/e2e/network-diagnostic.spec
.ts ][22m
[31m[1mError[22m: Playwright Test did not expect
 test() to be called here.
Most common reasons include:
- You are calling test() in a configuration file.
- You are calling test() in a file that is imported
 by the configuration file.
- You have two different versions of @playwright/te
st. This usually happens
  when one of the dependencies in your package.json
 depends on @playwright/test.[39m
[90m [2m??[22m TestTypeImpl._currentSuite node_mo
dules/playwright/lib/common/testType.js:[2m75:13[
22m[39m
[90m [2m??[22m TestTypeImpl._createTest node_modu
les/playwright/lib/common/testType.js:[2m88:24[22
m[39m
[90m [2m??[22m node_modules/playwright/lib/transf
orm/transform.js:[2m275:12[22m[39m
[36m [2m??[22m tests/e2e/network-diagnostic.spec.
ts:[2m3:1[22m[39m
    [90m  1| [39m[35mimport[39m { test[33m,[3
9m expect } [35mfrom[39m [32m'@playwright/test'
[39m[33m;[39m
    [90m  2| [39m
    [90m  3| [39m[34mtest[39m([32m'釉뚮씪?곗??먯꽌 S
upabase ?곌껐??媛?ν븳吏 ?뺤씤'[39m[33m,[39m [35masyn
c[39m ({ page }) [33m=>[39m {
    [90m   | [39m[31m^[39m
    [90m  4| [39m    [35mawait[39m page[33m.[
39m[34mgoto[39m([32m'/'[39m)[33m;[39m
    [90m  5| [39m

[31m[2m??렞??렞??렞??렞??렞??렞??렞??렞??렞??렞??렞??4/44]??
[22m[39m

[41m[1m FAIL [22m[49m tests/e2e/smoke.spec.ts[
2m [ tests/e2e/smoke.spec.ts ][22m
[31m[1mError[22m: Playwright Test did not expect
 test.describe() to be called here.
Most common reasons include:
- You are calling test.describe() in a configuratio
n file.
- You are calling test.describe() in a file that is
 imported by the configuration file.
- You have two different versions of @playwright/te
st. This usually happens
  when one of the dependencies in your package.json
 depends on @playwright/test.[39m
[90m [2m??[22m TestTypeImpl._currentSuite node_mo
dules/playwright/lib/common/testType.js:[2m75:13[
22m[39m
[90m [2m??[22m TestTypeImpl._describe node_module
s/playwright/lib/common/testType.js:[2m115:24[22m
[39m
[90m [2m??[22m Function.describe node_modules/pla
ywright/lib/transform/transform.js:[2m275:12[22m
[39m
[36m [2m??[22m tests/e2e/smoke.spec.ts:[2m4:6[2
2m[39m
    [90m  2| [39m[35mimport[39m { [33mAxeBuild
er[39m } [35mfrom[39m [32m'@axe-core/playwright
'[39m[33m;[39m
    [90m  3| [39m
    [90m  4| [39mtest[33m.[39m[34mdescribe[39
m([32m'SMOKE TEST - 硫붿씤 ?붾㈃ 寃利?[39m[33m,[39m (
) [33m=>[39m {
    [90m   | [39m     [31m^[39m
    [90m  5| [39m  [34mtest[39m([32m'???붾㈃???뺤
긽?곸쑝濡?濡쒕뱶?섏뼱???쒕떎'[39m[33m,[39m [35masync[39m 
({ page }) [33m=>[39m {
    [90m  6| [39m    [90m// 1. ???묒냽[39m

[31m[2m??렞??렞??렞??렞??렞??렞??렞??렞??렞??렞??렞??5/44]??
[22m[39m


[31m??렞??렞??렞[39m[1m[41m Failed Tests 39 [49m
[22m[31m??렞??렞??렞??[39m

[41m[1m FAIL [22m[49m src/components/__tests__/
ChallengeCard.test.tsx[2m > [22mChallengeCard[2m
 > [22mshould call setCategoryTopic and setTimeLim
it when challenge button is clicked
[31m[1mAssertionError[22m: expected "vi.fn()" to
 be called with arguments: [ '?섑븰', 'addition' ][9
0m

Received: 

[1m  1st vi.fn() call:

[22m[2m  [[22m
[32m-   "?섑븰",[90m
[32m-   "addition",[90m
[31m+   "math",[90m
[31m+   "World1",[90m
[2m  ][22m
[31m[90m

Number of calls: [1m1[22m
[31m[39m
[36m [2m??[22m src/components/__tests__/Challenge
Card.test.tsx:[2m179:34[22m[39m
    [90m177| [39m    challengeButton[33m.[39m[
34mclick[39m()[33m;[39m
    [90m178| [39m
    [90m179| [39m    expect(mockSetCategoryTopic)
.toHaveBeenCalledWith('?섑븰', 'addition'??    [90m 
  | [39m                                 [31m^[3
9m
    [90m180| [39m    [34mexpect[39m(mockSetTime
Limit)[33m.[39m[34mtoHaveBeenCalledWith[39m([3
4m60[39m)[33m;[39m
    [90m181| [39m  })[33m;[39m

[31m[2m??렞??렞??렞??렞??렞??렞??렞??렞??렞??렞??렞??6/44]??
[22m[39m

[41m[1m FAIL [22m[49m src/components/__tests__/
DebugPanel.test.tsx[2m > [22mDebugPanel[2m > [2
2mshould render all tabs
[31m[1mTestingLibraryElementError[22m: Unable to
 find an element with the text: 寃쎄퀎媛??뚯뒪?? This cou
ld be because the text is broken up by multiple ele
ments. In this case, you can provide a function for
 your text matcher to make your matcher more flexib
le.

Ignored nodes: comments, script, style
[36m<body>[31m
  [36m<div>[31m
    [36m<div[31m
      [33mclass[31m=[32m"debug-panel-overlay"[3
1m
    [36m>[31m
      [36m<div[31m
        [33mclass[31m=[32m"debug-panel open"[31
m
      [36m>[31m
        [36m<div[31m
          [33mclass[31m=[32m"debug-panel-header"
[31m
        [36m>[31m
          [36m<h2>[31m
            [0m?맀 ?붾쾭洹??⑤꼸[0m
          [36m</h2>[31m
          [36m<button[31m
            [33maria-label[31m=[32m"?リ린"[31m
            [33mtype[31m=[32m"button"[31m
          [36m>[31m
            [0mX[0m
          [36m</button>[31m
        [36m</div>[31m
        [36m<div[31m
          [33mclass[31m=[32m"debug-panel-tabs"[
31m
        [36m>[31m
          [36m<button[31m
            [33mclass[31m=[32m"debug-panel-tab a
ctive"[31m
          [36m>[31m
            [0m鍮좊Ⅸ 議곗옉[0m
          [36m</button>[31m
          [36m<button[31m
            [33mclass[31m=[32m"debug-panel-tab "
[31m
          [36m>[31m
            [0m?곗뼱[0m
          [36m</button>[31m
          [36m<button[31m
            [33mclass[31m=[32m"debug-panel-tab "
[31m
          [36m>[31m
            [0m諭껋?[0m
          [36m</button>[31m
          [36m<button[31m
            [33mclass[31m=[32m"debug-panel-tab "
[31m
          [36m>[31m
            [0m寃뚯엫[0m
          [36m</button>[31m
          [36m<button[31m
            [33mclass[31m=[32m"debug-panel-tab "
[31m
          [36m>[31m
            [0m?꾩씠??[0m
          [36m</button>[31m
          [36m<button[31m
            [33mclass[31m=[32m"debug-panel-tab "
[31m
          [36m>[31m
            [0m?곗씠??[0m
          [36m</button>[31m
          [36m<button[31m
            [33mclass[31m=[32m"debug-panel-tab "
[31m
          [36m>[31m
            [0m?먮윭 濡쒓렇[0m
          [36m</button>[31m
          [36m<button[31m
            [33mclass[31m=[32m"debug-panel-tab "
[31m
          [36m>[31m
            [0m寃쎄퀎媛?[0m
          [36m</button>[31m
          [36m<button[31m
            [33mclass[31m=[32m"debug-panel-tab "
[31m
          [36m>[31m
            [0m?뙋 ?ㅽ듃?뚰겕[0m
          [36m</button>[31m
          [36m<button[31m
            [33mclass[31m=[32m"debug-panel-tab "
[31m
          [36m>[31m
            [0m?벑 ?쒓컖[0m
          [36m</button>[31m
          [36m<button[31m
            [33mclass[31m=[32m"debug-panel-tab "
[31m
          [36m>[31m
            [0m?렗 留ㅽ겕濡?[0m
          [36m</button>[31m
          [36m<button[31m
            [33mclass[31m=[32m"debug-panel-tab "
[31m
          [36m>[31m
            [0m?룇 吏꾪뻾[0m
          [36m</button>[31m
        [36m</div>[31m
        [36m<div[31m
          [33mclass[31m=[32m"debug-panel-content
"[31m
        [36m>[31m
          [36m<div>[31m
            [0mQuick Actions[0m
          [36m</div>[31m
        [36m</div>[31m
      [36m</div>[31m
    [36m</div>[31m
  [36m</div>[31m
[36m</body>[31m[39m
[90m [2m??[22m Object.getElementError node_module
s/@testing-library/dom/dist/config.js:[2m37:19[22
m[39m
[90m [2m??[22m node_modules/@testing-library/dom/
dist/query-helpers.js:[2m76:38[22m[39m
[90m [2m??[22m node_modules/@testing-library/dom/
dist/query-helpers.js:[2m52:17[22m[39m
[90m [2m??[22m node_modules/@testing-library/dom/
dist/query-helpers.js:[2m95:19[22m[39m
[36m [2m??[22m src/components/__tests__/DebugPane
l.test.tsx:[2m114:19[22m[39m
    [90m112| [39m    [34mexpect[39m(screen[33m
.[39m[34mgetByText[39m([32m'?곗씠??[39m))[33m.
[39m[34mtoBeInTheDocument[39m()[33m;[39m
    [90m113| [39m    [34mexpect[39m(screen[33m
.[39m[34mgetByText[39m([32m'?먮윭 濡쒓렇'[39m))[33
m.[39m[34mtoBeInTheDocument[39m()[33m;[39m
    [90m114| [39m    [34mexpect[39m(screen[33m
.[39m[34mgetByText[39m([32m'寃쎄퀎媛??뚯뒪??[39m))[
33m.[39m[34mtoBeInTheDocument[39m()[33m;[39m
    [90m   | [39m                  [31m^[39m
    [90m115| [39m  })[33m;[39m
    [90m116| [39m

[31m[2m??렞??렞??렞??렞??렞??렞??렞??렞??렞??렞??렞??7/44]??
[22m[39m

[41m[1m FAIL [22m[49m src/hooks/__tests__/useQu
izGameState.test.ts[2m > [22museQuizGameState[2m
 > [22mshould include wrong answers in URL for sur
vival mode
[31m[1mAssertionError[22m: expected null to be '
5 + 3 = ?' // Object.is equality[39m

[32m- Expected:[39m 
"5 + 3 = ?"

[31m+ Received:[39m 
null

[36m [2m??[22m src/hooks/__tests__/useQuizGameSta
te.test.ts:[2m171:35[22m[39m
    [90m169| [39m    [35mconst[39m queryString 
[33m=[39m navigateCall[33m.[39m[34msplit[39m(
[32m'?'[39m)[[34m1[39m][33m;[39m
    [90m170| [39m    [35mconst[39m params [33m
=[39m [35mnew[39m [33mURLSearchParams[39m(quer
yString)[33m;[39m
    [90m171| [39m    [34mexpect[39m(params[33m
.[39m[35mget[39m([32m'wrong_q'[39m))[33m.[39
m[34mtoBe[39m([32m'5 + 3 = ?'[39m)[33m;[39m
    [90m   | [39m                                
  [31m^[39m
    [90m172| [39m    [34mexpect[39m(params[33m
.[39m[35mget[39m([32m'wrong_a'[39m))[33m.[39
m[34mtoBe[39m([32m'7'[39m)[33m;[39m
    [90m173| [39m    [34mexpect[39m(params[33m
.[39m[35mget[39m([32m'correct_a'[39m))[33m.[
39m[34mtoBe[39m([32m'8'[39m)[33m;[39m

[31m[2m??렞??렞??렞??렞??렞??렞??렞??렞??렞??렞??렞??8/44]??
[22m[39m

[41m[1m FAIL [22m[49m src/hooks/__tests__/useQu
izGameState.test.ts[2m > [22museQuizGameState[2m
 > [22mshould handle survival mode without solveTi
mes
[31m[1mAssertionError[22m: expected null to be '
5 + 3 = ?' // Object.is equality[39m

[32m- Expected:[39m 
"5 + 3 = ?"

[31m+ Received:[39m 
null

[36m [2m??[22m src/hooks/__tests__/useQuizGameSta
te.test.ts:[2m307:35[22m[39m
    [90m305| [39m    [35mconst[39m params [33m
=[39m [35mnew[39m [33mURLSearchParams[39m(quer
yString)[33m;[39m
    [90m306| [39m    
    [90m307| [39m    [34mexpect[39m(params[33m
.[39m[35mget[39m([32m'wrong_q'[39m))[33m.[39
m[34mtoBe[39m([32m'5 + 3 = ?'[39m)[33m;[39m
    [90m   | [39m                                
  [31m^[39m
    [90m308| [39m    [34mexpect[39m(params[33m
.[39m[35mget[39m([32m'avg_time'[39m))[33m.[3
9m[34mtoBeNull[39m()[33m;[39m
    [90m309| [39m  })[33m;[39m

[31m[2m??렞??렞??렞??렞??렞??렞??렞??렞??렞??렞??렞??9/44]??
[22m[39m

[41m[1m FAIL [22m[49m src/hooks/__tests__/useQu
izGameState.test.ts[2m > [22museQuizGameState[2m
 > [22mshould handle multiple wrong answers in sur
vival mode
[31m[1mAssertionError[22m: expected null to be '
5 + 3 = ?|10 - 4 = ?|2 횞 3 = ?' // Object.is equali
ty[39m

[32m- Expected:[39m 
"5 + 3 = ?|10 - 4 = ?|2 횞 3 = ?"

[31m+ Received:[39m 
null

[36m [2m??[22m src/hooks/__tests__/useQuizGameSta
te.test.ts:[2m339:35[22m[39m
    [90m337| [39m    [35mconst[39m params [33m
=[39m [35mnew[39m [33mURLSearchParams[39m(quer
yString)[33m;[39m
    [90m338| [39m    
    [90m339| [39m    expect(params.get('wrong_q')
).toBe('5 + 3 = ?|10 - 4 = ?|2 횞 3 = ???    [90m  
 | [39m                                  [31m^[3
9m
    [90m340| [39m    [34mexpect[39m(params[33m
.[39m[35mget[39m([32m'wrong_a'[39m))[33m.[39
m[34mtoBe[39m([32m'7|5|5'[39m)[33m;[39m
    [90m341| [39m    [34mexpect[39m(params[33m
.[39m[35mget[39m([32m'correct_a'[39m))[33m.[
39m[34mtoBe[39m([32m'8|6|6'[39m)[33m;[39m

[31m[2m??렞??렞??렞??렞??렞??렞??렞??렞??렞??렞??렞[10/44]??
[22m[39m

[41m[1m FAIL [22m[49m src/stores/__tests__/useL
evelProgressStore.test.ts[2m > [22museLevelProgre
ssStore[2m > [22mshould get level progress for ex
isting category and subTopic
[31m[1mAssertionError[22m: expected +0 to be 1 /
/ Object.is equality[39m

[32m- Expected[39m
[31m+ Received[39m

[32m- 1[39m
[31m+ 0[39m

[36m [2m??[22m src/stores/__tests__/useLevelProgr
essStore.test.ts:[2m52:29[22m[39m
    [90m 50| [39m    const progress = result.curr
ent.getLevelProgress('math', 'addition??    [90m 5
1| [39m
    [90m 52| [39m    [34mexpect[39m(progress[3
3m.[39mlength)[33m.[39m[34mtoBe[39m([34m1[39
m)[33m;[39m
    [90m   | [39m                            [31
m^[39m
    [90m 53| [39m    [34mexpect[39m(progress[[
34m0[39m][33m.[39mlevel)[33m.[39m[34mtoBe[39
m([34m1[39m)[33m;[39m
    [90m 54| [39m    [34mexpect[39m(progress[[
34m0[39m][33m.[39mcleared)[33m.[39m[34mtoBe[
39m([35mtrue[39m)[33m;[39m

[31m[2m??렞??렞??렞??렞??렞??렞??렞??렞??렞??렞??렞[11/44]??
[22m[39m

[41m[1m FAIL [22m[49m src/stores/__tests__/useL
evelProgressStore.test.ts[2m > [22museLevelProgre
ssStore[2m > [22mshould check if level is cleared
[31m[1mAssertionError[22m: expected false to be 
true // Object.is equality[39m

[32m- Expected[39m
[31m+ Received[39m

[32m- true[39m
[31m+ false[39m

[36m [2m??[22m src/stores/__tests__/useLevelProgr
essStore.test.ts:[2m67:66[22m[39m
    [90m 65| [39m    })[33m;[39m
    [90m 66| [39m
    [90m 67| [39m    expect(result.current.isLeve
lCleared('math', 'addition', 1)).toBe(??    [90m  
 | [39m                                           
                      [31m^[39m
    [90m 68| [39m    expect(result.current.isLeve
lCleared('math', 'addition', 2)).toBe(??    [90m 6
9| [39m  })[33m;[39m

[31m[2m??렞??렞??렞??렞??렞??렞??렞??렞??렞??렞??렞[12/44]??
[22m[39m

[41m[1m FAIL [22m[49m src/stores/__tests__/useL
evelProgressStore.test.ts[2m > [22museLevelProgre
ssStore[2m > [22mshould get next level correctly
[31m[1mAssertionError[22m: expected 1 to be 2 //
 Object.is equality[39m

[32m- Expected[39m
[31m+ Received[39m

[32m- 2[39m
[31m+ 1[39m

[36m [2m??[22m src/stores/__tests__/useLevelProgr
essStore.test.ts:[2m82:61[22m[39m
    [90m 80| [39m
    [90m 81| [39m    [90m// Level 1 cleared, sho
uld return 2[39m
    [90m 82| [39m    [34mexpect[39m(result[33m
.[39mcurrent[33m.[39m[34mgetNextLevel[39m([32
m'math'[39m[33m,[39m [32m'addition'[39m))[33m
.[39m[34mtoBe[39m([34m2[39m)[33m;[39m
    [90m   | [39m                                
                            [31m^[39m
    [90m 83| [39m
    [90m 84| [39m    [34mact[39m(() [33m=>[39
m {

[31m[2m??렞??렞??렞??렞??렞??렞??렞??렞??렞??렞??렞[13/44]??
[22m[39m

[41m[1m FAIL [22m[49m src/stores/__tests__/useL
evelProgressStore.test.ts[2m > [22museLevelProgre
ssStore[2m > [22mshould clear level and update be
st score
[31m[1mAssertionError[22m: expected false to be 
true // Object.is equality[39m

[32m- Expected[39m
[31m+ Received[39m

[32m- true[39m
[31m+ false[39m

[36m [2m??[22m src/stores/__tests__/useLevelProgr
essStore.test.ts:[2m111:66[22m[39m
    [90m109| [39m    })[33m;[39m
    [90m110| [39m
    [90m111| [39m    expect(result.current.isLeve
lCleared('math', 'addition', 1)).toBe(??    [90m  
 | [39m                                           
                      [31m^[39m
    [90m112| [39m    const progress = result.curr
ent.getLevelProgress('math', 'addition??    [90m11
3| [39m    [34mexpect[39m(progress[[34m0[39m]
[33m.[39mbestScore[[32m'time-attack'[39m])[33m.
[39m[34mtoBe[39m([34m100[39m)[33m;[39m

[31m[2m??렞??렞??렞??렞??렞??렞??렞??렞??렞??렞??렞[14/44]??
[22m[39m

[41m[1m FAIL [22m[49m src/stores/__tests__/useL
evelProgressStore.test.ts[2m > [22museLevelProgre
ssStore[2m > [22mshould not update best score whe
n new score is lower
[31m[1mAssertionError[22m: expected 100 to be 15
0 // Object.is equality[39m

[32m- Expected[39m
[31m+ Received[39m

[32m- 150[39m
[31m+ 100[39m

[36m [2m??[22m src/stores/__tests__/useLevelProgr
essStore.test.ts:[2m167:50[22m[39m
    [90m165| [39m
    [90m166| [39m    const progress = result.curr
ent.getLevelProgress('math', 'addition??    [90m16
7| [39m    [34mexpect[39m(progress[[34m0[39m]
[33m.[39mbestScore[[32m'time-attack'[39m])[33m.
[39m[34mtoBe[39m([34m150[39m)[33m;[39m
    [90m   | [39m                                
                 [31m^[39m
    [90m168| [39m  })[33m;[39m
    [90m169| [39m

[31m[2m??렞??렞??렞??렞??렞??렞??렞??렞??렞??렞??렞[15/44]??
[22m[39m

[41m[1m FAIL [22m[49m src/stores/__tests__/useL
evelProgressStore.test.ts[2m > [22museLevelProgre
ssStore[2m > [22mshould get best records for cate
gory and subTopic
[31m[1mAssertionError[22m: expected null to be 1
00 // Object.is equality[39m

[32m- Expected:[39m 
100

[31m+ Received:[39m 
null

[36m [2m??[22m src/stores/__tests__/useLevelProgr
essStore.test.ts:[2m192:40[22m[39m
    [90m190| [39m    const bestRecords = result.c
urrent.getBestRecords('math', 'additio??    [90m19
1| [39m
    [90m192| [39m    [34mexpect[39m(bestRecords
[[32m'time-attack'[39m])[33m.[39m[34mtoBe[39m
([34m100[39m)[33m;[39m
    [90m   | [39m                                
       [31m^[39m
    [90m193| [39m    [34mexpect[39m(bestRecords
[[32m'survival'[39m])[33m.[39m[34mtoBe[39m([
34m200[39m)[33m;[39m
    [90m194| [39m  })[33m;[39m

[31m[2m??렞??렞??렞??렞??렞??렞??렞??렞??렞??렞??렞[16/44]??
[22m[39m

[41m[1m FAIL [22m[49m src/stores/__tests__/useL
evelProgressStore.test.ts[2m > [22museLevelProgre
ssStore[2m > [22mshould handle different game mod
es
[31m[1mTypeError[22m: Cannot read properties of 
undefined (reading 'bestScore')[39m
[36m [2m??[22m src/stores/__tests__/useLevelProgr
essStore.test.ts:[2m217:24[22m[39m
    [90m215| [39m
    [90m216| [39m    const progress = result.curr
ent.getLevelProgress('math', 'addition??    [90m21
7| [39m    [34mexpect[39m(progress[[34m0[39m]
[33m.[39mbestScore[[32m'time-attack'[39m])[33m.
[39m[34mtoBe[39m([34m100[39m)[33m;[39m
    [90m   | [39m                       [31m^[3
9m
    [90m218| [39m    [34mexpect[39m(progress[[
34m0[39m][33m.[39mbestScore[[32m'survival'[39m
])[33m.[39m[34mtoBe[39m([34m150[39m)[33m;[3
9m
    [90m219| [39m  })[33m;[39m

[31m[2m??렞??렞??렞??렞??렞??렞??렞??렞??렞??렞??렞[17/44]??
[22m[39m

[41m[1m FAIL [22m[49m src/stores/__tests__/useL
evelProgressStore.test.ts[2m > [22museLevelProgre
ssStore[2m > [22mshould reset progress
[31m[1mAssertionError[22m: expected false to be 
true // Object.is equality[39m

[32m- Expected[39m
[31m+ Received[39m

[32m- true[39m
[31m+ false[39m

[36m [2m??[22m src/stores/__tests__/useLevelProgr
essStore.test.ts:[2m246:66[22m[39m
    [90m244| [39m    })[33m;[39m
    [90m245| [39m
    [90m246| [39m    expect(result.current.isLeve
lCleared('math', 'addition', 1)).toBe(??    [90m  
 | [39m                                           
                      [31m^[39m
    [90m247| [39m
    [90m248| [39m    [35mawait[39m [34mact[39
m([35masync[39m () [33m=>[39m {

[31m[2m??렞??렞??렞??렞??렞??렞??렞??렞??렞??렞??렞[18/44]??
[22m[39m

[41m[1m FAIL [22m[49m src/stores/__tests__/useL
evelProgressStore.test.ts[2m > [22museLevelProgre
ssStore[2m > [22mshould fetch ranking successfull
y
[31m[1mAssertionError[22m: expected undefined to
 deeply equal [ { user_id: 'user-1', ??3) }, ??1) ]

Ignored nodes: comments, script, style
[36m<html>[31m
  [36m<head />[31m
  [36m<body>[31m
    [36m<div />[31m
    [36m<div />[31m
  [36m</body>[31m
[36m</html>[31m[39m

[32m- Expected:[39m 
[
  {
    "nickname": "User 1",
    "rank": 1,
    "score": 1000,
    "user_id": "user-1",
  },
  {
    "nickname": "User 2",
    "rank": 2,
    "score": 900,
    "user_id": "user-2",
  },
]

[31m+ Received:[39m 
undefined

[36m [2m??[22m src/stores/__tests__/useLevelProgr
essStore.test.ts:[2m369:24[22m[39m
    [90m367| [39m    [35mawait[39m [34mwaitFor
[39m(() [33m=>[39m {
    [90m368| [39m      const rankings = result.cu
rrent.rankings['math-addition-weekly-t??    [90m36
9| [39m      [34mexpect[39m(rankings)[33m.[39m
[34mtoEqual[39m(mockRanking)[33m;[39m
    [90m   | [39m                       [31m^[3
9m
    [90m370| [39m    })[33m;[39m
    [90m371| [39m  })[33m;[39m
[90m [2m??[22m runWithExpensiveErrorDiagnosticsDi
sabled node_modules/@testing-library/dom/dist/confi
g.js:[2m47:12[22m[39m
[90m [2m??[22m checkCallback node_modules/@testin
g-library/dom/dist/wait-for.js:[2m124:77[22m[39m
[90m [2m??[22m Timeout.checkRealTimersCallback no
de_modules/@testing-library/dom/dist/wait-for.js:[
2m118:16[22m[39m

[31m[2m??렞??렞??렞??렞??렞??렞??렞??렞??렞??렞??렞[19/44]??
[22m[39m

[41m[1m FAIL [22m[49m src/stores/__tests__/useL
evelProgressStore.test.ts[2m > [22museLevelProgre
ssStore[2m > [22mshould get best records across m
ultiple levels
[31m[1mAssertionError[22m: expected null to be 2
00 // Object.is equality[39m

[32m- Expected:[39m 
200

[31m+ Received:[39m 
null

[36m [2m??[22m src/stores/__tests__/useLevelProgr
essStore.test.ts:[2m413:40[22m[39m
    [90m411| [39m    const bestRecords = result.c
urrent.getBestRecords('math', 'additio??    [90m41
2| [39m
    [90m413| [39m    expect(bestRecords['time-att
ack']).toBe(200); // Highest score acr??    [90m  
 | [39m                                       [31
m^[39m
    [90m414| [39m  })[33m;[39m
    [90m415| [39m

[31m[2m??렞??렞??렞??렞??렞??렞??렞??렞??렞??렞??렞[20/44]??
[22m[39m

[41m[1m FAIL [22m[49m src/stores/__tests__/useL
evelProgressStore.test.ts[2m > [22museLevelProgre
ssStore[2m > [22mshould handle clearLevel when us
er is not logged in
[31m[1mAssertionError[22m: expected false to be 
true // Object.is equality[39m

[32m- Expected[39m
[31m+ Received[39m

[32m- true[39m
[31m+ false[39m

[36m [2m??[22m src/stores/__tests__/useLevelProgr
essStore.test.ts:[2m482:66[22m[39m
    [90m480| [39m
    [90m481| [39m    [90m// Local state should s
till be updated[39m
    [90m482| [39m    expect(result.current.isLeve
lCleared('math', 'addition', 1)).toBe(??    [90m  
 | [39m                                           
                      [31m^[39m
    [90m483| [39m  })[33m;[39m
    [90m484| [39m

[31m[2m??렞??렞??렞??렞??렞??렞??렞??렞??렞??렞??렞[21/44]??
[22m[39m

[41m[1m FAIL [22m[49m src/stores/__tests__/useL
evelProgressStore.test.ts[2m > [22museLevelProgre
ssStore[2m > [22mshould handle getNextLevel with 
non-sequential cleared levels
[31m[1mAssertionError[22m: expected 1 to be 4 //
 Object.is equality[39m

[32m- Expected[39m
[31m+ Received[39m

[32m- 4[39m
[31m+ 1[39m

[36m [2m??[22m src/stores/__tests__/useLevelProgr
essStore.test.ts:[2m551:61[22m[39m
    [90m549| [39m
    [90m550| [39m    [90m// Should return 4 (hig
hest cleared level + 1)[39m
    [90m551| [39m    [34mexpect[39m(result[33m
.[39mcurrent[33m.[39m[34mgetNextLevel[39m([32
m'math'[39m[33m,[39m [32m'addition'[39m))[33m
.[39m[34mtoBe[39m([34m4[39m)[33m;[39m
    [90m   | [39m                                
                            [31m^[39m
    [90m552| [39m  })[33m;[39m
    [90m553| [39m

[31m[2m??렞??렞??렞??렞??렞??렞??렞??렞??렞??렞??렞[22/44]??
[22m[39m

[41m[1m FAIL [22m[49m src/stores/__tests__/useL
evelProgressStore.test.ts[2m > [22museLevelProgre
ssStore[2m > [22mshould get best records with onl
y time-attack scores
[31m[1mAssertionError[22m: expected null to be 2
00 // Object.is equality[39m

[32m- Expected:[39m 
200

[31m+ Received:[39m 
null

[36m [2m??[22m src/stores/__tests__/useLevelProgr
essStore.test.ts:[2m573:40[22m[39m
    [90m571| [39m    const bestRecords = result.c
urrent.getBestRecords('math', 'additio??    [90m57
2| [39m
    [90m573| [39m    [34mexpect[39m(bestRecords
[[32m'time-attack'[39m])[33m.[39m[34mtoBe[39m
([34m200[39m)[33m;[39m
    [90m   | [39m                                
       [31m^[39m
    [90m574| [39m    [34mexpect[39m(bestRecords
[[32m'survival'[39m])[33m.[39m[34mtoBeNull[39
m()[33m;[39m
    [90m575| [39m  })[33m;[39m

[31m[2m??렞??렞??렞??렞??렞??렞??렞??렞??렞??렞??렞[23/44]??
[22m[39m

[41m[1m FAIL [22m[49m src/stores/__tests__/useL
evelProgressStore.test.ts[2m > [22museLevelProgre
ssStore[2m > [22mshould get best records with onl
y survival scores
[31m[1mAssertionError[22m: expected null to be 2
50 // Object.is equality[39m

[32m- Expected:[39m 
250

[31m+ Received:[39m 
null

[36m [2m??[22m src/stores/__tests__/useLevelProgr
essStore.test.ts:[2m588:37[22m[39m
    [90m586| [39m
    [90m587| [39m    [34mexpect[39m(bestRecords
[[32m'time-attack'[39m])[33m.[39m[34mtoBeNull
[39m()[33m;[39m
    [90m588| [39m    [34mexpect[39m(bestRecords
[[32m'survival'[39m])[33m.[39m[34mtoBe[39m([
34m250[39m)[33m;[39m
    [90m   | [39m                                
    [31m^[39m
    [90m589| [39m  })[33m;[39m
    [90m590| [39m

[31m[2m??렞??렞??렞??렞??렞??렞??렞??렞??렞??렞??렞[24/44]??
[22m[39m

[41m[1m FAIL [22m[49m src/stores/__tests__/useL
evelProgressStore.test.ts[2m > [22museLevelProgre
ssStore[2m > [22mshould handle fetchRanking with 
custom limit
[31m[1mAssertionError[22m: expected "vi.fn()" to
 be called with arguments: [ 'get_ranking_v2', ??1)
 ][90m

Received: 

[1m  1st vi.fn() call:

[22m[2m  [[22m
[2m    "get_ranking_v2",[22m
[2m    {[22m
[32m-     "p_category": "math",[90m
[31m+     "p_category": "",[90m
[2m      "p_limit": 20,[22m
[2m      "p_period": "all-time",[22m
[2m      "p_type": "survival",[22m
[2m    },[22m
[2m  ][22m
[31m[90m

Number of calls: [1m1[22m
[31m[39m
[36m [2m??[22m src/stores/__tests__/useLevelProgr
essStore.test.ts:[2m919:26[22m[39m
    [90m917| [39m    })[33m;[39m
    [90m918| [39m
    [90m919| [39m    [34mexpect[39m(supabase[3
3m.[39mrpc)[33m.[39m[34mtoHaveBeenCalledWith[3
9m([32m'get_ranking_v2'[39m[33m,[39m {
    [90m   | [39m                         [31m^
[39m
    [90m920| [39m      p_category[33m:[39m [32
m'math'[39m[33m,[39m
    [90m921| [39m      p_period[33m:[39m [32m'
all-time'[39m[33m,[39m

[31m[2m??렞??렞??렞??렞??렞??렞??렞??렞??렞??렞??렞[25/44]??
[22m[39m

[41m[1m FAIL [22m[49m src/utils/__tests__/japan
ese.test.ts[2m > [22mjapanese[2m > [22mgenerate
JapaneseQuestion[2m > [22mshould generate questio
n for easy difficulty
[31m[1mAssertionError[22m: expected { question: 
'??, answer: 'ku' } to have property "hiragana"[39
m
[36m [2m??[22m src/utils/__tests__/japanese.test.
ts:[2m9:22[22m[39m
    [90m  7| [39m      [35mconst[39m result [3
3m=[39m [34mgenerateJapaneseQuestion[39m([32m'e
asy'[39m)[33m;[39m
    [90m  8| [39m
    [90m  9| [39m      [34mexpect[39m(result)[
33m.[39m[34mtoHaveProperty[39m([32m'hiragana'[
39m)[33m;[39m
    [90m   | [39m                     [31m^[39m
    [90m 10| [39m      [34mexpect[39m(result)[
33m.[39m[34mtoHaveProperty[39m([32m'romaji'[39
m)[33m;[39m
    [90m 11| [39m      [34mexpect[39m([35mtype
of[39m result[33m.[39mhiragana)[33m.[39m[34mt
oBe[39m([32m'string'[39m)[33m;[39m

[31m[2m??렞??렞??렞??렞??렞??렞??렞??렞??렞??렞??렞[26/44]??
[22m[39m

[41m[1m FAIL [22m[49m src/utils/__tests__/japan
ese.test.ts[2m > [22mjapanese[2m > [22mgenerate
JapaneseQuestion[2m > [22mshould generate questio
n for medium difficulty
[31m[1mAssertionError[22m: expected { question: 
'??, answer: 'o' } to have property "hiragana"[39m
[36m [2m??[22m src/utils/__tests__/japanese.test.
ts:[2m20:22[22m[39m
    [90m 18| [39m      [35mconst[39m result [3
3m=[39m [34mgenerateJapaneseQuestion[39m([32m'm
edium'[39m)[33m;[39m
    [90m 19| [39m
    [90m 20| [39m      [34mexpect[39m(result)[
33m.[39m[34mtoHaveProperty[39m([32m'hiragana'[
39m)[33m;[39m
    [90m   | [39m                     [31m^[39m
    [90m 21| [39m      [34mexpect[39m(result)[
33m.[39m[34mtoHaveProperty[39m([32m'romaji'[39
m)[33m;[39m
    [90m 22| [39m      [34mexpect[39m([35mtype
of[39m result[33m.[39mhiragana)[33m.[39m[34mt
oBe[39m([32m'string'[39m)[33m;[39m

[31m[2m??렞??렞??렞??렞??렞??렞??렞??렞??렞??렞??렞[27/44]??
[22m[39m

[41m[1m FAIL [22m[49m src/utils/__tests__/japan
ese.test.ts[2m > [22mjapanese[2m > [22mgenerate
JapaneseQuestion[2m > [22mshould generate questio
n for hard difficulty
[31m[1mAssertionError[22m: expected { question: 
'??, answer: 'ne' } to have property "hiragana"[39
m
[36m [2m??[22m src/utils/__tests__/japanese.test.
ts:[2m29:22[22m[39m
    [90m 27| [39m      [35mconst[39m result [3
3m=[39m [34mgenerateJapaneseQuestion[39m([32m'h
ard'[39m)[33m;[39m
    [90m 28| [39m
    [90m 29| [39m      [34mexpect[39m(result)[
33m.[39m[34mtoHaveProperty[39m([32m'hiragana'[
39m)[33m;[39m
    [90m   | [39m                     [31m^[39m
    [90m 30| [39m      [34mexpect[39m(result)[
33m.[39m[34mtoHaveProperty[39m([32m'romaji'[39
m)[33m;[39m
    [90m 31| [39m      [34mexpect[39m([35mtype
of[39m result[33m.[39mhiragana)[33m.[39m[34mt
oBe[39m([32m'string'[39m)[33m;[39m

[31m[2m??렞??렞??렞??렞??렞??렞??렞??렞??렞??렞??렞[28/44]??
[22m[39m

[41m[1m FAIL [22m[49m src/utils/__tests__/japan
ese.test.ts[2m > [22mjapanese[2m > [22mgenerate
JapaneseQuestion[2m > [22mshould return valid hir
agana from mappings
[31m[1mAssertionError[22m: expected undefined to
 be defined[39m
[36m [2m??[22m src/utils/__tests__/japanese.test.
ts:[2m39:23[22m[39m
    [90m 37| [39m        [35mconst[39m result 
[33m=[39m [34mgenerateJapaneseQuestion[39m([32m
'hard'[39m)[33m;[39m
    [90m 38| [39m        const found = HIRAGANA_M
APPINGS.find((m) => m.hiragana === res??    [90m 3
9| [39m        [34mexpect[39m(found)[33m.[39m
[34mtoBeDefined[39m()[33m;[39m
    [90m   | [39m                      [31m^[39
m
    [90m 40| [39m        [34mexpect[39m(found[
33m?.[39mromaji)[33m.[39m[34mtoBe[39m(result[
33m.[39mromaji)[33m;[39m
    [90m 41| [39m      }

[31m[2m??렞??렞??렞??렞??렞??렞??렞??렞??렞??렞??렞[29/44]??
[22m[39m

[41m[1m FAIL [22m[49m src/utils/__tests__/japan
ese.test.ts[2m > [22mjapanese[2m > [22mgenerate
JapaneseQuestion[2m > [22mshould generate differe
nt questions on multiple calls
[31m[1mAssertionError[22m: expected 1 to be grea
ter than 1[39m
[36m [2m??[22m src/utils/__tests__/japanese.test.
ts:[2m51:28[22m[39m
    [90m 49| [39m      }
    [90m 50| [39m      [90m// Should generate at
 least some different questions[39m
    [90m 51| [39m      [34mexpect[39m(results[
33m.[39msize)[33m.[39m[34mtoBeGreaterThan[39m(
[34m1[39m)[33m;[39m
    [90m   | [39m                           [31m
^[39m
    [90m 52| [39m    })[33m;[39m
    [90m 53| [39m

[31m[2m??렞??렞??렞??렞??렞??렞??렞??렞??렞??렞??렞[30/44]??
[22m[39m

[41m[1m FAIL [22m[49m src/utils/__tests__/japan
ese.test.ts[2m > [22mjapanese[2m > [22mgenerate
JapaneseQuestion[2m > [22mshould use correct diff
iculty filter for easy
[31m[1mAssertionError[22m: expected undefined to
 be defined[39m
[36m [2m??[22m src/utils/__tests__/japanese.test.
ts:[2m59:25[22m[39m
    [90m 57| [39m        [35mconst[39m result 
[33m=[39m [34mgenerateJapaneseQuestion[39m([32m
'easy'[39m)[33m;[39m
    [90m 58| [39m        const mapping = HIRAGANA
_MAPPINGS.find((m) => m.hiragana === r??    [90m 5
9| [39m        [34mexpect[39m(mapping)[33m.[39
m[34mtoBeDefined[39m()[33m;[39m
    [90m   | [39m                        [31m^[
39m
    [90m 60| [39m        [90m// Check that it's 
from the allowed set[39m
    [90m 61| [39m        [35mconst[39m firstCha
r [33m=[39m result[33m.[39mhiragana[[34m0[39m
][33m;[39m

[31m[2m??렞??렞??렞??렞??렞??렞??렞??렞??렞??렞??렞[31/44]??
[22m[39m

[41m[1m FAIL [22m[49m src/utils/__tests__/japan
ese.test.ts[2m > [22mjapanese[2m > [22mgenerate
JapaneseQuestion[2m > [22mshould handle default c
ase for unknown difficulty
[31m[1mAssertionError[22m: expected { question: 
'??, answer: 'no' } to have property "hiragana"[39
m
[36m [2m??[22m src/utils/__tests__/japanese.test.
ts:[2m69:22[22m[39m
    [90m 67| [39m    [34mit[39m([32m'should ha
ndle default case for unknown difficulty'[39m[33m
,[39m () [33m=>[39m {
    [90m 68| [39m      [35mconst[39m result [3
3m=[39m [34mgenerateJapaneseQuestion[39m([32m'u
nknown'[39m [35mas[39m any)[33m;[39m
    [90m 69| [39m      [34mexpect[39m(result)[
33m.[39m[34mtoHaveProperty[39m([32m'hiragana'[
39m)[33m;[39m
    [90m   | [39m                     [31m^[39m
    [90m 70| [39m      [34mexpect[39m(result)[
33m.[39m[34mtoHaveProperty[39m([32m'romaji'[39
m)[33m;[39m
    [90m 71| [39m      const found = HIRAGANA_MAP
PINGS.find((m) => m.hiragana === resul??
[31m[2m??렞??렞??렞??렞??렞??렞??렞??렞??렞??렞??렞[32/44]??
[22m[39m

[41m[1m FAIL [22m[49m src/utils/__tests__/MathP
roblemGenerator.test.ts[2m > [22mMathProblemGener
ator[2m > [22mgenerateProblem[2m > [22mshould g
enerate problem for stage 4 (carry)
[31m[1mAssertionError[22m: expected 8 to be grea
ter than or equal to 10[39m
[36m [2m??[22m src/utils/__tests__/MathProblemGen
erator.test.ts:[2m35:30[22m[39m
    [90m 33| [39m      [34mexpect[39m(problem)
[33m.[39m[34mtoHaveProperty[39m([32m'expression
'[39m)[33m;[39m
    [90m 34| [39m      [34mexpect[39m(problem)
[33m.[39m[34mtoHaveProperty[39m([32m'answer'[3
9m)[33m;[39m
    [90m 35| [39m      [34mexpect[39m(problem[
33m.[39manswer)[33m.[39m[34mtoBeGreaterThanOrEq
ual[39m([34m10[39m)[33m;[39m
    [90m   | [39m                             [3
1m^[39m
    [90m 36| [39m    })[33m;[39m
    [90m 37| [39m

[31m[2m??렞??렞??렞??렞??렞??렞??렞??렞??렞??렞??렞[33/44]??
[22m[39m

[41m[1m FAIL [22m[49m src/utils/__tests__/MathP
roblemGenerator.test.ts[2m > [22mMathProblemGener
ator[2m > [22mgenerateProblem[2m > [22mshould g
enerate problem for stage 5 (borrow)
[31m[1mAssertionError[22m: expected 20 to be les
s than or equal to 9[39m
[36m [2m??[22m src/utils/__tests__/MathProblemGen
erator.test.ts:[2m42:30[22m[39m
    [90m 40| [39m      [34mexpect[39m(problem)
[33m.[39m[34mtoHaveProperty[39m([32m'expression
'[39m)[33m;[39m
    [90m 41| [39m      [34mexpect[39m(problem)
[33m.[39m[34mtoHaveProperty[39m([32m'answer'[3
9m)[33m;[39m
    [90m 42| [39m      [34mexpect[39m(problem[
33m.[39manswer)[33m.[39m[34mtoBeLessThanOrEqual
[39m([34m9[39m)[33m;[39m
    [90m   | [39m                             [3
1m^[39m
    [90m 43| [39m      [34mexpect[39m(problem[
33m.[39manswer)[33m.[39m[34mtoBeGreaterThanOrEq
ual[39m([34m0[39m)[33m;[39m
    [90m 44| [39m    })[33m;[39m

[31m[2m??렞??렞??렞??렞??렞??렞??렞??렞??렞??렞??렞[34/44]??
[22m[39m

[41m[1m FAIL [22m[49m src/utils/__tests__/MathP
roblemGenerator.test.ts[2m > [22mMathProblemGener
ator[2m > [22mgenerateProblem[2m > [22mshould g
enerate problem for stage 7 (multiplication)
[31m[1mAssertionError[22m: expected '27 첨 3' to 
contain '*'[39m

Expected: [32m"*"[39m
Received: [31m"27 첨 3"[39m

[36m [2m??[22m src/utils/__tests__/MathProblemGen
erator.test.ts:[2m50:34[22m[39m
    [90m 48| [39m      [34mexpect[39m(problem)
[33m.[39m[34mtoHaveProperty[39m([32m'expression
'[39m)[33m;[39m
    [90m 49| [39m      [34mexpect[39m(problem)
[33m.[39m[34mtoHaveProperty[39m([32m'answer'[3
9m)[33m;[39m
    [90m 50| [39m      [34mexpect[39m(problem[
33m.[39mexpression)[33m.[39m[34mtoContain[39m(
[32m'*'[39m)[33m;[39m
    [90m   | [39m                                
 [31m^[39m
    [90m 51| [39m    })[33m;[39m
    [90m 52| [39m

[31m[2m??렞??렞??렞??렞??렞??렞??렞??렞??렞??렞??렞[35/44]??
[22m[39m

[41m[1m FAIL [22m[49m src/utils/__tests__/MathP
roblemGenerator.test.ts[2m > [22mMathProblemGener
ator[2m > [22mgenerateProblem[2m > [22mshould h
andle all type branches: standard, sequential, fill
-blank, parentheses
[31m[1mAssertionError[22m: expected '37 첨 7 ???섎
㉧吏' to contain '?'[39m

Expected: [32m"?"[39m
Received: [31m"37 첨 7 ???섎㉧吏"[39m

[36m [2m??[22m src/utils/__tests__/MathProblemGen
erator.test.ts:[2m116:43[22m[39m
    [90m114| [39m      [34mexpect[39m(fillBlank
Problem)[33m.[39m[34mtoHaveProperty[39m([32m'e
xpression'[39m)[33m;[39m
    [90m115| [39m      [34mexpect[39m(fillBlank
Problem)[33m.[39m[34mtoHaveProperty[39m([32m'a
nswer'[39m)[33m;[39m
    [90m116| [39m      [34mexpect[39m(fillBlank
Problem[33m.[39mexpression)[33m.[39m[34mtoCont
ain[39m([32m'?'[39m)[33m;[39m
    [90m   | [39m                                
          [31m^[39m
    [90m117| [39m
    [90m118| [39m      [90m// parentheses type[
39m

[31m[2m??렞??렞??렞??렞??렞??렞??렞??렞??렞??렞??렞[36/44]??
[22m[39m

[41m[1m FAIL [22m[49m src/utils/__tests__/MathP
roblemGenerator.test.ts[2m > [22mMathProblemGener
ator[2m > [22mgenerateProblem[2m > [22mshould h
andle all operator branches: +, -, *, /
[31m[1mAssertionError[22m: expected false to be 
true // Object.is equality[39m

[32m- Expected[39m
[31m+ Received[39m

[32m- true[39m
[31m+ false[39m

[36m [2m??[22m src/utils/__tests__/MathProblemGen
erator.test.ts:[2m136:90[22m[39m
    [90m134| [39m      [90m// Multiplication[39
m
    [90m135| [39m      [35mconst[39m mulProblem
 [33m=[39m [34mgenerateProblem[39m([34m7[39m)
[33m;[39m
    [90m136| [39m      expect(mulProblem.expressi
on.includes('*') || mulProblem.express??    [90m  
 | [39m                                           
                                              [31m
^[39m
    [90m137| [39m
    [90m138| [39m      [90m// Division[39m

[31m[2m??렞??렞??렞??렞??렞??렞??렞??렞??렞??렞??렞[37/44]??
[22m[39m

[41m[1m FAIL [22m[49m src/utils/__tests__/MathP
roblemGenerator.test.ts[2m > [22mMathProblemGener
ator[2m > [22mgenerateProblem[2m > [22mshould h
andle constraints: resultMin for carry (stage 4)
[31m[1mAssertionError[22m: expected 3 to be grea
ter than or equal to 10[39m
[36m [2m??[22m src/utils/__tests__/MathProblemGen
erator.test.ts:[2m180:32[22m[39m
    [90m178| [39m      [35mfor[39m ([35mlet[3
9m i [33m=[39m [34m0[39m[33m;[39m i [33m<[3
9m [34m10[39m[33m;[39m i[33m++[39m) {
    [90m179| [39m        [35mconst[39m problem 
[33m=[39m [34mgenerateProblem[39m([34m4[39m)
[33m;[39m
    [90m180| [39m        [34mexpect[39m(problem
[33m.[39manswer)[33m.[39m[34mtoBeGreaterThanOr
Equal[39m([34m10[39m)[33m;[39m
    [90m   | [39m                               
[31m^[39m
    [90m181| [39m      }
    [90m182| [39m    })[33m;[39m

[31m[2m??렞??렞??렞??렞??렞??렞??렞??렞??렞??렞??렞[38/44]??
[22m[39m

[41m[1m FAIL [22m[49m src/utils/__tests__/MathP
roblemGenerator.test.ts[2m > [22mMathProblemGener
ator[2m > [22mgenerateProblem[2m > [22mshould h
andle constraints: resultMax and resultMin for borr
ow (stage 5)
[31m[1mAssertionError[22m: expected 18 to be les
s than or equal to 9[39m
[36m [2m??[22m src/utils/__tests__/MathProblemGen
erator.test.ts:[2m189:32[22m[39m
    [90m187| [39m        [35mconst[39m problem 
[33m=[39m [34mgenerateProblem[39m([34m5[39m)
[33m;[39m
    [90m188| [39m        [34mexpect[39m(problem
[33m.[39manswer)[33m.[39m[34mtoBeGreaterThanOr
Equal[39m([34m0[39m)[33m;[39m
    [90m189| [39m        [34mexpect[39m(problem
[33m.[39manswer)[33m.[39m[34mtoBeLessThanOrEqu
al[39m([34m9[39m)[33m;[39m
    [90m   | [39m                               
[31m^[39m
    [90m190| [39m      }
    [90m191| [39m    })[33m;[39m

[31m[2m??렞??렞??렞??렞??렞??렞??렞??렞??렞??렞??렞[39/44]??
[22m[39m

[41m[1m FAIL [22m[49m src/utils/__tests__/MathP
roblemGenerator.test.ts[2m > [22mMathProblemGener
ator[2m > [22mgenerateProblem[2m > [22mshould h
andle fill-blank with hideFirst branch
[31m[1mAssertionError[22m: expected false to be 
true // Object.is equality[39m

[32m- Expected[39m
[31m+ Received[39m

[32m- true[39m
[31m+ false[39m

[36m [2m??[22m src/utils/__tests__/MathProblemGen
erator.test.ts:[2m208:49[22m[39m
    [90m206| [39m
    [90m207| [39m      [90m// At least one branc
h should be covered[39m
    [90m208| [39m      [34mexpect[39m(foundHide
First [33m||[39m foundHideSecond)[33m.[39m[34m
toBe[39m([35mtrue[39m)[33m;[39m
    [90m   | [39m                                
                [31m^[39m
    [90m209| [39m    })[33m;[39m
    [90m210| [39m

[31m[2m??렞??렞??렞??렞??렞??렞??렞??렞??렞??렞??렞[40/44]??
[22m[39m

[41m[1m FAIL [22m[49m src/utils/__tests__/MathP
roblemGenerator.test.ts[2m > [22mMathProblemGener
ator[2m > [22mgenerateProblem[2m > [22mshould h
andle parentheses problems with multiplication
[31m[1mAssertionError[22m: expected '3 + 14 - 2'
 to contain '('[39m

Expected: [32m"("[39m
Received: [31m"3 + 14 - 2"[39m

[36m [2m??[22m src/utils/__tests__/MathProblemGen
erator.test.ts:[2m242:34[22m[39m
    [90m240| [39m      [34mexpect[39m(problem)
[33m.[39m[34mtoHaveProperty[39m([32m'expression
'[39m)[33m;[39m
    [90m241| [39m      [34mexpect[39m(problem)
[33m.[39m[34mtoHaveProperty[39m([32m'answer'[3
9m)[33m;[39m
    [90m242| [39m      [34mexpect[39m(problem[
33m.[39mexpression)[33m.[39m[34mtoContain[39m(
[32m'('[39m)[33m;[39m
    [90m   | [39m                                
 [31m^[39m
    [90m243| [39m    })[33m;[39m
    [90m244| [39m

[31m[2m??렞??렞??렞??렞??렞??렞??렞??렞??렞??렞??렞[41/44]??
[22m[39m

[41m[1m FAIL [22m[49m src/utils/__tests__/MathP
roblemGenerator.test.ts[2m > [22mMathProblemGener
ator[2m > [22mgenerateProblem[2m > [22mshould h
andle division with special logic
[31m[1mAssertionError[22m: expected false to be 
true // Object.is equality[39m

[32m- Expected[39m
[31m+ Received[39m

[32m- true[39m
[31m+ false[39m

[36m [2m??[22m src/utils/__tests__/MathProblemGen
erator.test.ts:[2m262:86[22m[39m
    [90m260| [39m      [35mfor[39m ([35mlet[3
9m i [33m=[39m [34m0[39m[33m;[39m i [33m<[3
9m [34m10[39m[33m;[39m i[33m++[39m) {
    [90m261| [39m        [35mconst[39m problem 
[33m=[39m [34mgenerateProblem[39m([34m9[39m)
[33m;[39m
    [90m262| [39m        expect(problem.expressio
n.includes('/') || problem.expression.??    [90m  
 | [39m                                           
                                          [31m^[3
9m
    [90m263| [39m        [34mexpect[39m([33mNu
mber[39m[33m.[39m[34misInteger[39m(problem[33
m.[39manswer))[33m.[39m[34mtoBe[39m([35mtrue
[39m)[33m;[39m
    [90m264| [39m        [34mexpect[39m(problem
[33m.[39manswer)[33m.[39m[34mtoBeGreaterThan[
39m([34m0[39m)[33m;[39m

[31m[2m??렞??렞??렞??렞??렞??렞??렞??렞??렞??렞??렞[42/44]??
[22m[39m

[41m[1m FAIL [22m[49m src/utils/__tests__/MathP
roblemGenerator.test.ts[2m > [22mMathProblemGener
ator[2m > [22mgenerateProblem[2m > [22mshould h
andle sequential problems with multiple operators
[31m[1mAssertionError[22m: expected false to be 
true // Object.is equality[39m

[32m- Expected[39m
[31m+ Received[39m

[32m- true[39m
[31m+ false[39m

[36m [2m??[22m src/utils/__tests__/MathProblemGen
erator.test.ts:[2m279:48[22m[39m
    [90m277| [39m      [35mconst[39m problem [
33m=[39m [34mgenerateProblem[39m([34m11[39m)[
33m;[39m
    [90m278| [39m      [34mexpect[39m(problem[
33m.[39mexpression)[33m.[39m[34mtoMatch[39m([
36m/[\+\-]/[39m)[33m;[39m
    [90m279| [39m      [34mexpect[39m([33mNumb
er[39m[33m.[39m[34misInteger[39m(problem[33m.
[39manswer))[33m.[39m[34mtoBe[39m([35mtrue[3
9m)[33m;[39m
    [90m   | [39m                                
               [31m^[39m
    [90m280| [39m    })[33m;[39m
    [90m281| [39m

[31m[2m??렞??렞??렞??렞??렞??렞??렞??렞??렞??렞??렞[43/44]??
[22m[39m

[41m[1m FAIL [22m[49m src/utils/__tests__/quizG
enerator.test.ts[2m > [22mquizGenerator[2m > [2
2mWorld 2: Geometry & Space[2m > [22mshould gener
ate symmetry question for World2-?쇰━
[31m[1mAssertionError[22m: expected '諛섏?由꾩씠 5???
먯쓽 吏由꾩??' to contain '?移?[39m

Expected: [32m"?移?[39m
Received: [31m"諛섏?由꾩씠 5???먯쓽 吏由꾩??"[39m


[36m [2m??[22m src/utils/__tests__/quizGenerator.
test.ts:[2m46:31[22m[39m
    [90m 44| [39m    [34mit[39m([32m'should ge
nerate symmetry question for World2-?쇰━'[39m[33m,
[39m () [33m=>[39m {
    [90m 45| [39m      [35mconst[39m result [3
3m=[39m [34mgenerateQuestion[39m([32m'World2'[
39m[33m,[39m [32m'?쇰━'[39m[33m,[39m [34m1[3
9m[33m,[39m [32m'easy'[39m)[33m;[39m
    [90m 46| [39m      [34mexpect[39m(result[3
3m.[39mquestion)[33m.[39m[34mtoContain[39m([3
2m'?移?[39m)[33m;[39m
    [90m   | [39m                              [
31m^[39m
    [90m 47| [39m    })[33m;[39m
    [90m 48| [39m  })[33m;[39m

[31m[2m??렞??렞??렞??렞??렞??렞??렞??렞??렞??렞??렞[44/44]??
[22m[39m

[31m??렞??렞??렞[39m[1m[41m Unhandled Errors [49m
[22m[31m??렞??렞??렞[39m
[31m[1m
Vitest caught 3 unhandled errors during the test ru
n.
This might cause false positive tests. Resolve unha
ndled errors to make sure your tests are not affect
ed.[22m[39m

[31m??렞??렞[39m[1m[41m Unhandled Rejection [49m
[22m[31m??렞??렞??[39m
[31m[1mTypeError[22m: Cannot destructure propert
y 'data' of '(intermediate value)' as it is undefin
ed.[39m
[36m [2m??[22m Object.clearLevel src/stores/useLe
velProgressStore.ts:[2m140:17[22m[39m
    [90m138| [39m
    [90m139| [39m        [35mconst[39m {
    [90m140| [39m          data[33m:[39m { user
 }[33m,[39m
    [90m   | [39m                [31m^[39m
    [90m141| [39m        } [33m=[39m [35mawait
[39m [34mdebugSupabaseQuery[39m(supabase[33m.[
39mauth[33m.[39m[34mgetUser[39m())[33m;[39m
    [90m142| [39m        console[33m.[39m[34ml
og[39m([32m'[useLevelProgressStore] Current user:
'[39m[33m,[39m user[33m?.[39mid)[33m;[39m
[90m [2m??[22m processTicksAndRejections node:int
ernal/process/task_queues:[2m105:5[22m[39m

[31mThis error originated in "[1msrc/stores/__tes
ts__/useLevelProgressStore.test.ts[22m" test file.
 It doesn't mean the error was thrown inside the fi
le itself, but while it was running.[39m
[31mThe latest test that might've caused the error
 is "[1mshould sync progress from Supabase[22m". 
It might mean one of the following:
- The error was thrown, while Vitest was running th
is test.
- If the error occurred after the test had been com
pleted, this was the last documented test before it
 was thrown.[39m

[31m??렞??렞[39m[1m[41m Unhandled Rejection [49m
[22m[31m??렞??렞??[39m
[31m[1mTypeError[22m: Cannot destructure propert
y 'data' of '(intermediate value)' as it is undefin
ed.[39m
[36m [2m??[22m Object.clearLevel src/stores/useLe
velProgressStore.ts:[2m140:17[22m[39m
    [90m138| [39m
    [90m139| [39m        [35mconst[39m {
    [90m140| [39m          data[33m:[39m { user
 }[33m,[39m
    [90m   | [39m                [31m^[39m
    [90m141| [39m        } [33m=[39m [35mawait
[39m [34mdebugSupabaseQuery[39m(supabase[33m.[
39mauth[33m.[39m[34mgetUser[39m())[33m;[39m
    [90m142| [39m        console[33m.[39m[34ml
og[39m([32m'[useLevelProgressStore] Current user:
'[39m[33m,[39m user[33m?.[39mid)[33m;[39m
[90m [2m??[22m processTicksAndRejections node:int
ernal/process/task_queues:[2m105:5[22m[39m

[31mThis error originated in "[1msrc/stores/__tes
ts__/useLevelProgressStore.test.ts[22m" test file.
 It doesn't mean the error was thrown inside the fi
le itself, but while it was running.[39m
[31mThe latest test that might've caused the error
 is "[1mshould sync progress from Supabase[22m". 
It might mean one of the following:
- The error was thrown, while Vitest was running th
is test.
- If the error occurred after the test had been com
pleted, this was the last documented test before it
 was thrown.[39m

[31m??렞??렞[39m[1m[41m Unhandled Rejection [49m
[22m[31m??렞??렞??[39m
[31m[1mTypeError[22m: Cannot destructure propert
y 'data' of '(intermediate value)' as it is undefin
ed.[39m
[36m [2m??[22m Object.clearLevel src/stores/useLe
velProgressStore.ts:[2m140:17[22m[39m
    [90m138| [39m
    [90m139| [39m        [35mconst[39m {
    [90m140| [39m          data[33m:[39m { user
 }[33m,[39m
    [90m   | [39m                [31m^[39m
    [90m141| [39m        } [33m=[39m [35mawait
[39m [34mdebugSupabaseQuery[39m(supabase[33m.[
39mauth[33m.[39m[34mgetUser[39m())[33m;[39m
    [90m142| [39m        console[33m.[39m[34ml
og[39m([32m'[useLevelProgressStore] Current user:
'[39m[33m,[39m user[33m?.[39mid)[33m;[39m
[90m [2m??[22m processTicksAndRejections node:int
ernal/process/task_queues:[2m105:5[22m[39m

[31mThis error originated in "[1msrc/stores/__tes
ts__/useLevelProgressStore.test.ts[22m" test file.
 It doesn't mean the error was thrown inside the fi
le itself, but while it was running.[39m
[31mThe latest test that might've caused the error
 is "[1mshould sync progress from Supabase[22m". 
It might mean one of the following:
- The error was thrown, while Vitest was running th
is test.
- If the error occurred after the test had been com
pleted, this was the last documented test before it
 was thrown.[39m
[31m??렞??렞??렞??렞??렞??렞??렞??렞??렞??렞??렞??렞??렞??렞??렞
[39m

[2m Test Files [22m [1m[31m12 failed[39m[22m[2m | [22m[1m[32m113 passed[39m[22m[90m (125)[39m
[2m      Tests [22m [1m[31m39 failed[39m[22m[2m | [22m[1m[32m1340 passed[39m[22m[2m | [22m[33m3 skipped[39m[90m (1382)[39m
[2m     Errors [22m [1m[31m3 errors[39m[22m
[2m   Start at [22m 16:04:19
[2m   Duration [22m 174.11s[2m (transform 10.32s, setup 66.51s, import 28.90s, tests 24.88s, environment 295.65s)[22m

